Archive member included to satisfy reference by file (symbol)

/opt/st/stm32cubeide_1.18.0/plugins/com.st.stm32cube.ide.mcu.externaltools.gnu-tools-for-stm32.13.3.rel1.linux64_1.0.0.202410170706/tools/bin/../lib/gcc/arm-none-eabi/13.3.1/../../../../arm-none-eabi/lib/thumb/v7e-m+fp/hard/libc_nano.a(libc_a-exit.o)
                              /opt/st/stm32cubeide_1.18.0/plugins/com.st.stm32cube.ide.mcu.externaltools.gnu-tools-for-stm32.13.3.rel1.linux64_1.0.0.202410170706/tools/bin/../lib/gcc/arm-none-eabi/13.3.1/../../../../arm-none-eabi/lib/thumb/v7e-m+fp/hard/crt0.o (exit)
/opt/st/stm32cubeide_1.18.0/plugins/com.st.stm32cube.ide.mcu.externaltools.gnu-tools-for-stm32.13.3.rel1.linux64_1.0.0.202410170706/tools/bin/../lib/gcc/arm-none-eabi/13.3.1/../../../../arm-none-eabi/lib/thumb/v7e-m+fp/hard/libc_nano.a(libc_a-findfp.o)
                              /opt/st/stm32cubeide_1.18.0/plugins/com.st.stm32cube.ide.mcu.externaltools.gnu-tools-for-stm32.13.3.rel1.linux64_1.0.0.202410170706/tools/bin/../lib/gcc/arm-none-eabi/13.3.1/../../../../arm-none-eabi/lib/thumb/v7e-m+fp/hard/libc_nano.a(libc_a-exit.o) (__stdio_exit_handler)
/opt/st/stm32cubeide_1.18.0/plugins/com.st.stm32cube.ide.mcu.externaltools.gnu-tools-for-stm32.13.3.rel1.linux64_1.0.0.202410170706/tools/bin/../lib/gcc/arm-none-eabi/13.3.1/../../../../arm-none-eabi/lib/thumb/v7e-m+fp/hard/libc_nano.a(libc_a-fwalk.o)
                              /opt/st/stm32cubeide_1.18.0/plugins/com.st.stm32cube.ide.mcu.externaltools.gnu-tools-for-stm32.13.3.rel1.linux64_1.0.0.202410170706/tools/bin/../lib/gcc/arm-none-eabi/13.3.1/../../../../arm-none-eabi/lib/thumb/v7e-m+fp/hard/libc_nano.a(libc_a-findfp.o) (_fwalk_sglue)
/opt/st/stm32cubeide_1.18.0/plugins/com.st.stm32cube.ide.mcu.externaltools.gnu-tools-for-stm32.13.3.rel1.linux64_1.0.0.202410170706/tools/bin/../lib/gcc/arm-none-eabi/13.3.1/../../../../arm-none-eabi/lib/thumb/v7e-m+fp/hard/libc_nano.a(libc_a-stdio.o)
                              /opt/st/stm32cubeide_1.18.0/plugins/com.st.stm32cube.ide.mcu.externaltools.gnu-tools-for-stm32.13.3.rel1.linux64_1.0.0.202410170706/tools/bin/../lib/gcc/arm-none-eabi/13.3.1/../../../../arm-none-eabi/lib/thumb/v7e-m+fp/hard/libc_nano.a(libc_a-findfp.o) (__sread)
/opt/st/stm32cubeide_1.18.0/plugins/com.st.stm32cube.ide.mcu.externaltools.gnu-tools-for-stm32.13.3.rel1.linux64_1.0.0.202410170706/tools/bin/../lib/gcc/arm-none-eabi/13.3.1/../../../../arm-none-eabi/lib/thumb/v7e-m+fp/hard/libc_nano.a(libc_a-memcmp.o)
                              ./Middleware/SEGGER/FreeRTOSV11/SEGGER_SYSVIEW_FreeRTOS.o (memcmp)
/opt/st/stm32cubeide_1.18.0/plugins/com.st.stm32cube.ide.mcu.externaltools.gnu-tools-for-stm32.13.3.rel1.linux64_1.0.0.202410170706/tools/bin/../lib/gcc/arm-none-eabi/13.3.1/../../../../arm-none-eabi/lib/thumb/v7e-m+fp/hard/libc_nano.a(libc_a-memset.o)
                              /opt/st/stm32cubeide_1.18.0/plugins/com.st.stm32cube.ide.mcu.externaltools.gnu-tools-for-stm32.13.3.rel1.linux64_1.0.0.202410170706/tools/bin/../lib/gcc/arm-none-eabi/13.3.1/../../../../arm-none-eabi/lib/thumb/v7e-m+fp/hard/crt0.o (memset)
/opt/st/stm32cubeide_1.18.0/plugins/com.st.stm32cube.ide.mcu.externaltools.gnu-tools-for-stm32.13.3.rel1.linux64_1.0.0.202410170706/tools/bin/../lib/gcc/arm-none-eabi/13.3.1/../../../../arm-none-eabi/lib/thumb/v7e-m+fp/hard/libc_nano.a(libc_a-closer.o)
                              /opt/st/stm32cubeide_1.18.0/plugins/com.st.stm32cube.ide.mcu.externaltools.gnu-tools-for-stm32.13.3.rel1.linux64_1.0.0.202410170706/tools/bin/../lib/gcc/arm-none-eabi/13.3.1/../../../../arm-none-eabi/lib/thumb/v7e-m+fp/hard/libc_nano.a(libc_a-stdio.o) (_close_r)
/opt/st/stm32cubeide_1.18.0/plugins/com.st.stm32cube.ide.mcu.externaltools.gnu-tools-for-stm32.13.3.rel1.linux64_1.0.0.202410170706/tools/bin/../lib/gcc/arm-none-eabi/13.3.1/../../../../arm-none-eabi/lib/thumb/v7e-m+fp/hard/libc_nano.a(libc_a-reent.o)
                              /opt/st/stm32cubeide_1.18.0/plugins/com.st.stm32cube.ide.mcu.externaltools.gnu-tools-for-stm32.13.3.rel1.linux64_1.0.0.202410170706/tools/bin/../lib/gcc/arm-none-eabi/13.3.1/../../../../arm-none-eabi/lib/thumb/v7e-m+fp/hard/libc_nano.a(libc_a-closer.o) (errno)
/opt/st/stm32cubeide_1.18.0/plugins/com.st.stm32cube.ide.mcu.externaltools.gnu-tools-for-stm32.13.3.rel1.linux64_1.0.0.202410170706/tools/bin/../lib/gcc/arm-none-eabi/13.3.1/../../../../arm-none-eabi/lib/thumb/v7e-m+fp/hard/libc_nano.a(libc_a-impure.o)
                              /opt/st/stm32cubeide_1.18.0/plugins/com.st.stm32cube.ide.mcu.externaltools.gnu-tools-for-stm32.13.3.rel1.linux64_1.0.0.202410170706/tools/bin/../lib/gcc/arm-none-eabi/13.3.1/../../../../arm-none-eabi/lib/thumb/v7e-m+fp/hard/libc_nano.a(libc_a-reent.o) (_impure_ptr)
/opt/st/stm32cubeide_1.18.0/plugins/com.st.stm32cube.ide.mcu.externaltools.gnu-tools-for-stm32.13.3.rel1.linux64_1.0.0.202410170706/tools/bin/../lib/gcc/arm-none-eabi/13.3.1/../../../../arm-none-eabi/lib/thumb/v7e-m+fp/hard/libc_nano.a(libc_a-lseekr.o)
[...]
Memory Configuration

Name             Origin             Length             Attributes
CCMRAM           0x10000000         0x00010000         xrw
RAM              0x20000000         0x00020000         xrw
FLASH            0x08000000         0x00100000         xr
*default*        0x00000000         0xffffffff

Linker script and memory map

LOAD /opt/st/stm32cubeide_1.18.0/plugins/com.st.stm32cube.ide.mcu.externaltools.gnu-tools-for-stm32.13.3.rel1.linux64_1.0.0.202410170706/tools/bin/../lib/gcc/arm-none-eabi/13.3.1/thumb/v7e-m+fp/hard/crti.o
LOAD /opt/st/stm32cubeide_1.18.0/plugins/com.st.stm32cube.ide.mcu.externaltools.gnu-tools-for-stm32.13.3.rel1.linux64_1.0.0.202410170706/tools/bin/../lib/gcc/arm-none-eabi/13.3.1/thumb/v7e-m+fp/hard/crtbegin.o
LOAD /opt/st/stm32cubeide_1.18.0/plugins/com.st.stm32cube.ide.mcu.externaltools.gnu-tools-for-stm32.13.3.rel1.linux64_1.0.0.202410170706/tools/bin/../lib/gcc/arm-none-eabi/13.3.1/../../../../arm-none-eabi/lib/thumb/v7e-m+fp/hard/crt0.o
LOAD ./Core/Src/main.o
LOAD ./Core/Src/stm32f4xx_hal_msp.o
LOAD ./Core/Src/stm32f4xx_hal_timebase_tim.o
LOAD ./Core/Src/stm32f4xx_it.o
LOAD ./Core/Src/syscalls.o
LOAD ./Core/Src/system_stm32f4xx.o
LOAD ./Core/Startup/startup_stm32f407vgtx.o
LOAD ./Drivers/STM32F4xx_HAL_Driver/Src/stm32f4xx_hal.o
LOAD ./Drivers/STM32F4xx_HAL_Driver/Src/stm32f4xx_hal_cortex.o
LOAD ./Drivers/STM32F4xx_HAL_Driver/Src/stm32f4xx_hal_dma.o
LOAD ./Drivers/STM32F4xx_HAL_Driver/Src/stm32f4xx_hal_dma_ex.o
LOAD ./Drivers/STM32F4xx_HAL_Driver/Src/stm32f4xx_hal_exti.o
LOAD ./Drivers/STM32F4xx_HAL_Driver/Src/stm32f4xx_hal_flash.o
LOAD ./Drivers/STM32F4xx_HAL_Driver/Src/stm32f4xx_hal_flash_ex.o
LOAD ./Drivers/STM32F4xx_HAL_Driver/Src/stm32f4xx_hal_flash_ramfunc.o
LOAD ./Drivers/STM32F4xx_HAL_Driver/Src/stm32f4xx_hal_gpio.o
LOAD ./Drivers/STM32F4xx_HAL_Driver/Src/stm32f4xx_hal_pwr.o
LOAD ./Drivers/STM32F4xx_HAL_Driver/Src/stm32f4xx_hal_pwr_ex.o
LOAD ./Drivers/STM32F4xx_HAL_Driver/Src/stm32f4xx_hal_rcc.o
LOAD ./Drivers/STM32F4xx_HAL_Driver/Src/stm32f4xx_hal_rcc_ex.o
LOAD ./Drivers/STM32F4xx_HAL_Driver/Src/stm32f4xx_hal_tim.o
LOAD ./Drivers/STM32F4xx_HAL_Driver/Src/stm32f4xx_hal_tim_ex.o
LOAD ./Middleware/FreeRTOS/croutine.o
LOAD ./Middleware/FreeRTOS/event_groups.o
LOAD ./Middleware/FreeRTOS/list.o
LOAD ./Middleware/FreeRTOS/queue.o
LOAD ./Middleware/FreeRTOS/stream_buffer.o
LOAD ./Middleware/FreeRTOS/tasks.o
LOAD ./Middleware/FreeRTOS/timers.o
LOAD ./Middleware/FreeRTOS/portable/GCC/ARM_CM4F/port.o
LOAD ./Middleware/FreeRTOS/portable/MemMang/heap_4.o
LOAD ./Middleware/SEGGER/Config/SEGGER_SYSVIEW_Config_FreeRTOS.o
LOAD ./Middleware/SEGGER/FreeRTOSV11/SEGGER_SYSVIEW_FreeRTOS.o
LOAD ./Middleware/SEGGER/SEGGER/SEGGER_RTT.o
LOAD ./Middleware/SEGGER/SEGGER/SEGGER_RTT_ASM_ARMv7M.o
LOAD ./Middleware/SEGGER/SEGGER/SEGGER_RTT_printf.o
LOAD ./Middleware/SEGGER/SEGGER/SEGGER_SYSVIEW.o
LOAD ./Middleware/SEGGER/SEGGER/Syscalls/SEGGER_RTT_Syscalls_GCC.o
START GROUP
LOAD /opt/st/stm32cubeide_1.18.0/plugins/com.st.stm32cube.ide.mcu.externaltools.gnu-tools-for-stm32.13.3.rel1.linux64_1.0.0.202410170706/tools/bin/../lib/gcc/arm-none-eabi/13.3.1/../../../../arm-none-eabi/lib/thumb/v7e-m+fp/hard/libc_nano.a
LOAD /opt/st/stm32cubeide_1.18.0/plugins/com.st.stm32cube.ide.mcu.externaltools.gnu-tools-for-stm32.13.3.rel1.linux64_1.0.0.202410170706/tools/bin/../lib/gcc/arm-none-eabi/13.3.1/../../../../arm-none-eabi/lib/thumb/v7e-m+fp/hard/libm.a
END GROUP
START GROUP
LOAD /opt/st/stm32cubeide_1.18.0/plugins/com.st.stm32cube.ide.mcu.externaltools.gnu-tools-for-stm32.13.3.rel1.linux64_1.0.0.202410170706/tools/bin/../lib/gcc/arm-none-eabi/13.3.1/thumb/v7e-m+fp/hard/libgcc.a
LOAD /opt/st/stm32cubeide_1.18.0/plugins/com.st.stm32cube.ide.mcu.externaltools.gnu-tools-for-stm32.13.3.rel1.linux64_1.0.0.202410170706/tools/bin/../lib/gcc/arm-none-eabi/13.3.1/../../../../arm-none-eabi/lib/thumb/v7e-m+fp/hard/libc_nano.a
END GROUP
START GROUP
LOAD /opt/st/stm32cubeide_1.18.0/plugins/com.st.stm32cube.ide.mcu.externaltools.gnu-tools-for-stm32.13.3.rel1.linux64_1.0.0.202410170706/tools/bin/../lib/gcc/arm-none-eabi/13.3.1/thumb/v7e-m+fp/hard/libgcc.a
LOAD /opt/st/stm32cubeide_1.18.0/plugins/com.st.stm32cube.ide.mcu.externaltools.gnu-tools-for-stm32.13.3.rel1.linux64_1.0.0.202410170706/tools/bin/../lib/gcc/arm-none-eabi/13.3.1/../../../../arm-none-eabi/lib/thumb/v7e-m+fp/hard/libc_nano.a
LOAD /opt/st/stm32cubeide_1.18.0/plugins/com.st.stm32cube.ide.mcu.externaltools.gnu-tools-for-stm32.13.3.rel1.linux64_1.0.0.202410170706/tools/bin/../lib/gcc/arm-none-eabi/13.3.1/../../../../arm-none-eabi/lib/thumb/v7e-m+fp/hard/libnosys.a
END GROUP
START GROUP
LOAD /opt/st/stm32cubeide_1.18.0/plugins/com.st.stm32cube.ide.mcu.externaltools.gnu-tools-for-stm32.13.3.rel1.linux64_1.0.0.202410170706/tools/bin/../lib/gcc/arm-none-eabi/13.3.1/thumb/v7e-m+fp/hard/libgcc.a
LOAD /opt/st/stm32cubeide_1.18.0/plugins/com.st.stm32cube.ide.mcu.externaltools.gnu-tools-for-stm32.13.3.rel1.linux64_1.0.0.202410170706/tools/bin/../lib/gcc/arm-none-eabi/13.3.1/../../../../arm-none-eabi/lib/thumb/v7e-m+fp/hard/libc_nano.a
LOAD /opt/st/stm32cubeide_1.18.0/plugins/com.st.stm32cube.ide.mcu.externaltools.gnu-tools-for-stm32.13.3.rel1.linux64_1.0.0.202410170706/tools/bin/../lib/gcc/arm-none-eabi/13.3.1/../../../../arm-none-eabi/lib/thumb/v7e-m+fp/hard/libnosys.a
END GROUP
LOAD /opt/st/stm32cubeide_1.18.0/plugins/com.st.stm32cube.ide.mcu.externaltools.gnu-tools-for-stm32.13.3.rel1.linux64_1.0.0.202410170706/tools/bin/../lib/gcc/arm-none-eabi/13.3.1/thumb/v7e-m+fp/hard/crtend.o
LOAD /opt/st/stm32cubeide_1.18.0/plugins/com.st.stm32cube.ide.mcu.externaltools.gnu-tools-for-stm32.13.3.rel1.linux64_1.0.0.202410170706/tools/bin/../lib/gcc/arm-none-eabi/13.3.1/thumb/v7e-m+fp/hard/crtn.o
                0x20020000                        _estack = (ORIGIN (RAM) + LENGTH (RAM))
                0x00000200                        _Min_Heap_Size = 0x200
                0x00000400                        _Min_Stack_Size = 0x400

.isr_vector     0x08000000      0x188
                0x08000000                        . = ALIGN (0x4)
 *(.isr_vector)
 .isr_vector    0x08000000      0x188 ./Core/Startup/startup_stm32f407vgtx.o
                0x08000000                g_pfnVectors
                0x08000188                        . = ALIGN (0x4)

.text           0x08000190     0x5398
                0x08000190                        . = ALIGN (0x4)
 *(.text)
 .text          0x08000190       0x40 /opt/st/stm32cubeide_1.18.0/plugins/com.st.stm32cube.ide.mcu.externaltools.gnu-tools-for-stm32.13.3.rel1.linux64_1.0.0.202410170706/tools/bin/../lib/gcc/arm-none-eabi/13.3.1/thumb/v7e-m+fp/hard/crtbegin.o
 .text          0x080001d0       0x94 ./Middleware/SEGGER/SEGGER/SEGGER_RTT_ASM_ARMv7M.o
                0x080001d0                SEGGER_RTT_ASM_WriteSkipNoLock
 .text          0x08000264       0x30 /opt/st/stm32cubeide_1.18.0/plugins/com.st.stm32cube.ide.mcu.externaltools.gnu-tools-for-stm32.13.3.rel1.linux64_1.0.0.202410170706/tools/bin/../lib/gcc/arm-none-eabi/13.3.1/thumb/v7e-m+fp/hard/libgcc.a(_aeabi_uldivmod.o)
                0x08000264                __aeabi_uldivmod
 .text          0x08000294      0x2f8 /opt/st/stm32cubeide_1.18.0/plugins/com.st.stm32cube.ide.mcu.externaltools.gnu-tools-for-stm32.13.3.rel1.linux64_1.0.0.202410170706/tools/bin/../lib/gcc/arm-none-eabi/13.3.1/thumb/v7e-m+fp/hard/libgcc.a(_udivmoddi4.o)
                0x08000294                __udivmoddi4
 .text          0x0800058c        0x4 /opt/st/stm32cubeide_1.18.0/plugins/com.st.stm32cube.ide.mcu.externaltools.gnu-tools-for-stm32.13.3.rel1.linux64_1.0.0.202410170706/tools/bin/../lib/gcc/arm-none-eabi/13.3.1/thumb/v7e-m+fp/hard/libgcc.a(_dvmd_tls.o)
                0x0800058c                __aeabi_ldiv0
                0x0800058c                __aeabi_idiv0
 *(.text*)
 .text.main     0x08000590       0x98 ./Core/Src/main.o
                0x08000590                main
 .text.SystemClock_Config
                0x08000628       0xbc ./Core/Src/main.o
                0x08000628                SystemClock_Config
 .text.MX_GPIO_Init
                0x080006e4       0xa4 ./Core/Src/main.o
 .text.Task1    0x08000788       0x40 ./Core/Src/main.o
                0x08000788                Task1
 .text.Task2    0x080007c8       0x40 ./Core/Src/main.o
                0x080007c8                Task2
 .text.Task3    0x08000808       0x48 ./Core/Src/main.o
                0x08000808                Task3
 .text.lookBusy
                0x08000850       0x44 ./Core/Src/main.o
                0x08000850                lookBusy
 .text.HAL_TIM_PeriodElapsedCallback
                0x08000894       0x24 ./Core/Src/main.o
                0x08000894                HAL_TIM_PeriodElapsedCallback
 .text.Error_Handler
                0x080008b8        0xc ./Core/Src/main.o
                0x080008b8                Error_Handler
 .text.assert_failed
                0x080008c4       0x16 ./Core/Src/main.o
                0x080008c4                assert_failed
 *fill*         0x080008da        0x2 
 .text.HAL_MspInit
                0x080008dc       0x50 ./Core/Src/stm32f4xx_hal_msp.o
                0x080008dc                HAL_MspInit
 .text.HAL_InitTick
                0x0800092c       0xe4 ./Core/Src/stm32f4xx_hal_timebase_tim.o
                0x0800092c                HAL_InitTick
 .text.NMI_Handler
                0x08000a10        0x8 ./Core/Src/stm32f4xx_it.o
                0x08000a10                NMI_Handler
 .text.HardFault_Handler
                0x08000a18        0x8 ./Core/Src/stm32f4xx_it.o
                0x08000a18                HardFault_Handler
 .text.MemManage_Handler
                0x08000a20        0x8 ./Core/Src/stm32f4xx_it.o
                0x08000a20                MemManage_Handler
 .text.BusFault_Handler
                0x08000a28        0x8 ./Core/Src/stm32f4xx_it.o
                0x08000a28                BusFault_Handler
 .text.UsageFault_Handler
                0x08000a30        0x8 ./Core/Src/stm32f4xx_it.o
                0x08000a30                UsageFault_Handler
 .text.DebugMon_Handler
                0x08000a38        0xe ./Core/Src/stm32f4xx_it.o
                0x08000a38                DebugMon_Handler
 *fill*         0x08000a46        0x2 
 .text.TIM1_UP_TIM10_IRQHandler
                0x08000a48       0x14 ./Core/Src/stm32f4xx_it.o
                0x08000a48                TIM1_UP_TIM10_IRQHandler
 .text.SystemInit
                0x08000a5c       0x24 ./Core/Src/system_stm32f4xx.o
                0x08000a5c                SystemInit
 .text.Reset_Handler
                0x08000a80       0x50 ./Core/Startup/startup_stm32f407vgtx.o
                0x08000a80                Reset_Handler
 .text.Default_Handler
                0x08000ad0        0x2 ./Core/Startup/startup_stm32f407vgtx.o
                0x08000ad0                RTC_Alarm_IRQHandler
                0x08000ad0                HASH_RNG_IRQHandler
                0x08000ad0                EXTI2_IRQHandler
                0x08000ad0                TIM8_CC_IRQHandler
                0x08000ad0                TIM1_CC_IRQHandler
                0x08000ad0                DMA2_Stream5_IRQHandler
                0x08000ad0                DMA1_Stream5_IRQHandler
                0x08000ad0                PVD_IRQHandler
                0x08000ad0                SDIO_IRQHandler
                0x08000ad0                TAMP_STAMP_IRQHandler
                0x08000ad0                CAN2_RX1_IRQHandler
                0x08000ad0                EXTI3_IRQHandler
                0x08000ad0                TIM8_TRG_COM_TIM14_IRQHandler
                0x08000ad0                TIM8_UP_TIM13_IRQHandler
                0x08000ad0                I2C3_ER_IRQHandler
                0x08000ad0                EXTI0_IRQHandler
                0x08000ad0                I2C2_EV_IRQHandler
                0x08000ad0                DMA1_Stream2_IRQHandler
                0x08000ad0                CAN1_RX0_IRQHandler
                0x08000ad0                FPU_IRQHandler
                0x08000ad0                OTG_HS_WKUP_IRQHandler
                0x08000ad0                CAN2_SCE_IRQHandler
                0x08000ad0                DMA2_Stream2_IRQHandler
                0x08000ad0                SPI1_IRQHandler
                0x08000ad0                TIM6_DAC_IRQHandler
                0x08000ad0                TIM1_BRK_TIM9_IRQHandler
                0x08000ad0                DCMI_IRQHandler
                0x08000ad0                CAN2_RX0_IRQHandler
                0x08000ad0                DMA2_Stream3_IRQHandler
                0x08000ad0                USART6_IRQHandler
                0x08000ad0                USART3_IRQHandler
                0x08000ad0                CAN1_RX1_IRQHandler
                0x08000ad0                UART5_IRQHandler
                0x08000ad0                DMA2_Stream0_IRQHandler
                0x08000ad0                TIM4_IRQHandler
                0x08000ad0                I2C1_EV_IRQHandler
                0x08000ad0                DMA1_Stream6_IRQHandler
                0x08000ad0                DMA1_Stream1_IRQHandler
                0x08000ad0                UART4_IRQHandler
                0x08000ad0                TIM3_IRQHandler
                0x08000ad0                RCC_IRQHandler
                0x08000ad0                TIM8_BRK_TIM12_IRQHandler
                0x08000ad0                Default_Handler
                0x08000ad0                EXTI15_10_IRQHandler
                0x08000ad0                ADC_IRQHandler
                0x08000ad0                DMA1_Stream7_IRQHandler
                0x08000ad0                TIM7_IRQHandler
                0x08000ad0                CAN2_TX_IRQHandler
                0x08000ad0                TIM5_IRQHandler
                0x08000ad0                DMA2_Stream7_IRQHandler
                0x08000ad0                I2C3_EV_IRQHandler
                0x08000ad0                EXTI9_5_IRQHandler
                0x08000ad0                RTC_WKUP_IRQHandler
                0x08000ad0                ETH_WKUP_IRQHandler
                0x08000ad0                SPI2_IRQHandler
                0x08000ad0                OTG_HS_EP1_IN_IRQHandler
                0x08000ad0                DMA1_Stream0_IRQHandler
                0x08000ad0                CAN1_TX_IRQHandler
                0x08000ad0                EXTI4_IRQHandler
                0x08000ad0                FSMC_IRQHandler
                0x08000ad0                ETH_IRQHandler
                0x08000ad0                OTG_HS_EP1_OUT_IRQHandler
                0x08000ad0                WWDG_IRQHandler
                0x08000ad0                TIM2_IRQHandler
                0x08000ad0                OTG_FS_WKUP_IRQHandler
                0x08000ad0                TIM1_TRG_COM_TIM11_IRQHandler
                0x08000ad0                OTG_HS_IRQHandler
                0x08000ad0                EXTI1_IRQHandler
                0x08000ad0                USART2_IRQHandler
                0x08000ad0                I2C2_ER_IRQHandler
                0x08000ad0                DMA2_Stream1_IRQHandler
                0x08000ad0                CAN1_SCE_IRQHandler
                0x08000ad0                FLASH_IRQHandler
                0x08000ad0                DMA2_Stream4_IRQHandler
                0x08000ad0                USART1_IRQHandler
                0x08000ad0                OTG_FS_IRQHandler
                0x08000ad0                SPI3_IRQHandler
                0x08000ad0                DMA1_Stream4_IRQHandler
                0x08000ad0                I2C1_ER_IRQHandler
                0x08000ad0                DMA2_Stream6_IRQHandler
                0x08000ad0                DMA1_Stream3_IRQHandler
 *fill*         0x08000ad2        0x2 
 .text.HAL_Init
                0x08000ad4       0x44 ./Drivers/STM32F4xx_HAL_Driver/Src/stm32f4xx_hal.o
                0x08000ad4                HAL_Init
 .text.HAL_IncTick
                0x08000b18       0x28 ./Drivers/STM32F4xx_HAL_Driver/Src/stm32f4xx_hal.o
                0x08000b18                HAL_IncTick
 .text.HAL_GetTick
                0x08000b40       0x18 ./Drivers/STM32F4xx_HAL_Driver/Src/stm32f4xx_hal.o
                0x08000b40                HAL_GetTick
 .text.__NVIC_SetPriorityGrouping
                0x08000b58       0x48 ./Drivers/STM32F4xx_HAL_Driver/Src/stm32f4xx_hal_cortex.o
 .text.__NVIC_GetPriorityGrouping
                0x08000ba0       0x1c ./Drivers/STM32F4xx_HAL_Driver/Src/stm32f4xx_hal_cortex.o
 .text.__NVIC_EnableIRQ
                0x08000bbc       0x3c ./Drivers/STM32F4xx_HAL_Driver/Src/stm32f4xx_hal_cortex.o
 .text.__NVIC_SetPriority
                0x08000bf8       0x54 ./Drivers/STM32F4xx_HAL_Driver/Src/stm32f4xx_hal_cortex.o
 .text.NVIC_EncodePriority
                0x08000c4c       0x66 ./Drivers/STM32F4xx_HAL_Driver/Src/stm32f4xx_hal_cortex.o
 *fill*         0x08000cb2        0x2 
 .text.HAL_NVIC_SetPriorityGrouping
                0x08000cb4       0x40 ./Drivers/STM32F4xx_HAL_Driver/Src/stm32f4xx_hal_cortex.o
                0x08000cb4                HAL_NVIC_SetPriorityGrouping
 .text.HAL_NVIC_SetPriority
                0x08000cf4       0x58 ./Drivers/STM32F4xx_HAL_Driver/Src/stm32f4xx_hal_cortex.o
                0x08000cf4                HAL_NVIC_SetPriority
 .text.HAL_NVIC_EnableIRQ
                0x08000d4c       0x30 ./Drivers/STM32F4xx_HAL_Driver/Src/stm32f4xx_hal_cortex.o
                0x08000d4c                HAL_NVIC_EnableIRQ
 .text.HAL_GPIO_Init
                0x08000d7c      0x5c0 ./Drivers/STM32F4xx_HAL_Driver/Src/stm32f4xx_hal_gpio.o
                0x08000d7c                HAL_GPIO_Init
 .text.HAL_GPIO_WritePin
                0x0800133c       0x58 ./Drivers/STM32F4xx_HAL_Driver/Src/stm32f4xx_hal_gpio.o
                0x0800133c                HAL_GPIO_WritePin
 .text.HAL_RCC_OscConfig
                0x08001394      0x658 ./Drivers/STM32F4xx_HAL_Driver/Src/stm32f4xx_hal_rcc.o
                0x08001394                HAL_RCC_OscConfig
 .text.HAL_RCC_ClockConfig
                0x080019ec      0x31c ./Drivers/STM32F4xx_HAL_Driver/Src/stm32f4xx_hal_rcc.o
                0x080019ec                HAL_RCC_ClockConfig
 .text.HAL_RCC_GetSysClockFreq
                0x08001d08      0x18c ./Drivers/STM32F4xx_HAL_Driver/Src/stm32f4xx_hal_rcc.o
                0x08001d08                HAL_RCC_GetSysClockFreq
 .text.HAL_RCC_GetHCLKFreq
                0x08001e94       0x18 ./Drivers/STM32F4xx_HAL_Driver/Src/stm32f4xx_hal_rcc.o
                0x08001e94                HAL_RCC_GetHCLKFreq
 .text.HAL_RCC_GetPCLK2Freq
                0x08001eac       0x28 ./Drivers/STM32F4xx_HAL_Driver/Src/stm32f4xx_hal_rcc.o
                0x08001eac                HAL_RCC_GetPCLK2Freq
 .text.HAL_RCC_GetClockConfig
                0x08001ed4       0x64 ./Drivers/STM32F4xx_HAL_Driver/Src/stm32f4xx_hal_rcc.o
                0x08001ed4                HAL_RCC_GetClockConfig
 .text.HAL_TIM_Base_Init
                0x08001f38      0x230 ./Drivers/STM32F4xx_HAL_Driver/Src/stm32f4xx_hal_tim.o
                0x08001f38                HAL_TIM_Base_Init
 .text.HAL_TIM_Base_MspInit
                0x08002168       0x14 ./Drivers/STM32F4xx_HAL_Driver/Src/stm32f4xx_hal_tim.o
                0x08002168                HAL_TIM_Base_MspInit
 .text.HAL_TIM_Base_Start_IT
                0x0800217c      0x18c ./Drivers/STM32F4xx_HAL_Driver/Src/stm32f4xx_hal_tim.o
                0x0800217c                HAL_TIM_Base_Start_IT
 .text.HAL_TIM_IRQHandler
                0x08002308      0x1e0 ./Drivers/STM32F4xx_HAL_Driver/Src/stm32f4xx_hal_tim.o
                0x08002308                HAL_TIM_IRQHandler
 .text.HAL_TIM_OC_DelayElapsedCallback
                0x080024e8       0x14 ./Drivers/STM32F4xx_HAL_Driver/Src/stm32f4xx_hal_tim.o
                0x080024e8                HAL_TIM_OC_DelayElapsedCallback
 .text.HAL_TIM_IC_CaptureCallback
                0x080024fc       0x14 ./Drivers/STM32F4xx_HAL_Driver/Src/stm32f4xx_hal_tim.o
                0x080024fc                HAL_TIM_IC_CaptureCallback
 .text.HAL_TIM_PWM_PulseFinishedCallback
                0x08002510       0x14 ./Drivers/STM32F4xx_HAL_Driver/Src/stm32f4xx_hal_tim.o
                0x08002510                HAL_TIM_PWM_PulseFinishedCallback
 .text.HAL_TIM_TriggerCallback
                0x08002524       0x14 ./Drivers/STM32F4xx_HAL_Driver/Src/stm32f4xx_hal_tim.o
                0x08002524                HAL_TIM_TriggerCallback
 .text.TIM_Base_SetConfig
                0x08002538      0x14c ./Drivers/STM32F4xx_HAL_Driver/Src/stm32f4xx_hal_tim.o
                0x08002538                TIM_Base_SetConfig
 .text.HAL_TIMEx_CommutCallback
                0x08002684       0x14 ./Drivers/STM32F4xx_HAL_Driver/Src/stm32f4xx_hal_tim_ex.o
                0x08002684                HAL_TIMEx_CommutCallback
 .text.HAL_TIMEx_BreakCallback
                0x08002698       0x14 ./Drivers/STM32F4xx_HAL_Driver/Src/stm32f4xx_hal_tim_ex.o
                0x08002698                HAL_TIMEx_BreakCallback
 .text.vListInitialise
                0x080026ac       0x40 ./Middleware/FreeRTOS/list.o
                0x080026ac                vListInitialise
 .text.vListInitialiseItem
                0x080026ec       0x1a ./Middleware/FreeRTOS/list.o
                0x080026ec                vListInitialiseItem
 .text.vListInsert
                0x08002706       0x72 ./Middleware/FreeRTOS/list.o
                0x08002706                vListInsert
 .text.uxListRemove
                0x08002778       0x54 ./Middleware/FreeRTOS/list.o
                0x08002778                uxListRemove
 .text.xTaskCreate
                0x080027cc       0x8c ./Middleware/FreeRTOS/tasks.o
                0x080027cc                xTaskCreate
 .text.prvInitialiseNewTask
                0x08002858      0x120 ./Middleware/FreeRTOS/tasks.o
 .text.prvAddNewTaskToReadyList
                0x08002978      0x168 ./Middleware/FreeRTOS/tasks.o
 .text.vTaskDelay
                0x08002ae0       0x6c ./Middleware/FreeRTOS/tasks.o
                0x08002ae0                vTaskDelay
 .text.vTaskStartScheduler
                0x08002b4c       0xb8 ./Middleware/FreeRTOS/tasks.o
                0x08002b4c                vTaskStartScheduler
 .text.vTaskSuspendAll
                0x08002c04       0x1c ./Middleware/FreeRTOS/tasks.o
                0x08002c04                vTaskSuspendAll
 .text.xTaskResumeAll
                0x08002c20      0x200 ./Middleware/FreeRTOS/tasks.o
                0x08002c20                xTaskResumeAll
 .text.xTaskGetTickCountFromISR
                0x08002e20       0x24 ./Middleware/FreeRTOS/tasks.o
                0x08002e20                xTaskGetTickCountFromISR
 .text.xTaskIncrementTick
                0x08002e44      0x238 ./Middleware/FreeRTOS/tasks.o
                0x08002e44                xTaskIncrementTick
 .text.vTaskSwitchContext
                0x0800307c       0xd4 ./Middleware/FreeRTOS/tasks.o
                0x0800307c                vTaskSwitchContext
 .text.prvIdleTask
                0x08003150       0x30 ./Middleware/FreeRTOS/tasks.o
 .text.prvInitialiseTaskLists
                0x08003180       0x80 ./Middleware/FreeRTOS/tasks.o
 .text.prvCheckTasksWaitingTermination
                0x08003200       0x5c ./Middleware/FreeRTOS/tasks.o
 .text.prvDeleteTCB
                0x0800325c       0x20 ./Middleware/FreeRTOS/tasks.o
 .text.prvResetNextTaskUnblockTime
                0x0800327c       0x38 ./Middleware/FreeRTOS/tasks.o
 .text.prvAddCurrentTaskToDelayedList
                0x080032b4      0x100 ./Middleware/FreeRTOS/tasks.o
 .text.pxPortInitialiseStack
                0x080033b4       0x68 ./Middleware/FreeRTOS/portable/GCC/ARM_CM4F/port.o
                0x080033b4                pxPortInitialiseStack
 .text.prvTaskExitError
                0x0800341c       0x5c ./Middleware/FreeRTOS/portable/GCC/ARM_CM4F/port.o
 *fill*         0x08003478        0x8 
 .text.SVC_Handler
                0x08003480       0x28 ./Middleware/FreeRTOS/portable/GCC/ARM_CM4F/port.o
                0x08003480                SVC_Handler
 .text.prvPortStartFirstTask
                0x080034a8       0x2c ./Middleware/FreeRTOS/portable/GCC/ARM_CM4F/port.o
 .text.xPortStartScheduler
                0x080034d4      0x148 ./Middleware/FreeRTOS/portable/GCC/ARM_CM4F/port.o
                0x080034d4                xPortStartScheduler
 .text.vPortEnterCritical
                0x0800361c       0x64 ./Middleware/FreeRTOS/portable/GCC/ARM_CM4F/port.o
                0x0800361c                vPortEnterCritical
 .text.vPortExitCritical
                0x08003680       0x54 ./Middleware/FreeRTOS/portable/GCC/ARM_CM4F/port.o
                0x08003680                vPortExitCritical
 *fill*         0x080036d4        0xc 
 .text.PendSV_Handler
                0x080036e0       0x68 ./Middleware/FreeRTOS/portable/GCC/ARM_CM4F/port.o
                0x080036e0                PendSV_Handler
 .text.SysTick_Handler
                0x08003748       0x44 ./Middleware/FreeRTOS/portable/GCC/ARM_CM4F/port.o
                0x08003748                SysTick_Handler
 .text.vPortSetupTimerInterrupt
                0x0800378c       0x48 ./Middleware/FreeRTOS/portable/GCC/ARM_CM4F/port.o
                0x0800378c                vPortSetupTimerInterrupt
 .text.vPortEnableVFP
                0x080037d4       0x18 ./Middleware/FreeRTOS/portable/GCC/ARM_CM4F/port.o
 .text.vPortValidateInterruptPriority
                0x080037ec       0x84 ./Middleware/FreeRTOS/portable/GCC/ARM_CM4F/port.o
                0x080037ec                vPortValidateInterruptPriority
 .text.pvPortMalloc
                0x08003870      0x178 ./Middleware/FreeRTOS/portable/MemMang/heap_4.o
                0x08003870                pvPortMalloc
 .text.vPortFree
                0x080039e8       0xb4 ./Middleware/FreeRTOS/portable/MemMang/heap_4.o
                0x080039e8                vPortFree
 .text.prvHeapInit
                0x08003a9c       0xb8 ./Middleware/FreeRTOS/portable/MemMang/heap_4.o
 .text.prvInsertBlockIntoFreeList
                0x08003b54       0xb4 ./Middleware/FreeRTOS/portable/MemMang/heap_4.o
 .text._cbSendSystemDesc
                0x08003c08       0x1c ./Middleware/SEGGER/Config/SEGGER_SYSVIEW_Config_FreeRTOS.o
 .text.SEGGER_SYSVIEW_Conf
                0x08003c24       0x2c ./Middleware/SEGGER/Config/SEGGER_SYSVIEW_Config_FreeRTOS.o
                0x08003c24                SEGGER_SYSVIEW_Conf
 .text._cbSendTaskList
                0x08003c50       0x90 ./Middleware/SEGGER/FreeRTOSV11/SEGGER_SYSVIEW_FreeRTOS.o
 .text._cbGetTime
                0x08003ce0       0x86 ./Middleware/SEGGER/FreeRTOSV11/SEGGER_SYSVIEW_FreeRTOS.o
 *fill*         0x08003d66        0x2 
 .text.SYSVIEW_AddTask
                0x08003d68       0xd0 ./Middleware/SEGGER/FreeRTOSV11/SEGGER_SYSVIEW_FreeRTOS.o
                0x08003d68                SYSVIEW_AddTask
 .text.SYSVIEW_SendTaskInfo
                0x08003e38       0x42 ./Middleware/SEGGER/FreeRTOSV11/SEGGER_SYSVIEW_FreeRTOS.o
                0x08003e38                SYSVIEW_SendTaskInfo
 *fill*         0x08003e7a        0x2 
 .text._DoInit  0x08003e7c       0xb4 ./Middleware/SEGGER/SEGGER/SEGGER_RTT.o
 .text.SEGGER_RTT_ReadNoLock
                0x08003f30      0x10c ./Middleware/SEGGER/SEGGER/SEGGER_RTT.o
                0x08003f30                SEGGER_RTT_ReadNoLock
 .text.SEGGER_RTT_AllocUpBuffer
                0x0800403c      0x108 ./Middleware/SEGGER/SEGGER/SEGGER_RTT.o
                0x0800403c                SEGGER_RTT_AllocUpBuffer
 .text.SEGGER_RTT_ConfigDownBuffer
                0x08004144       0x98 ./Middleware/SEGGER/SEGGER/SEGGER_RTT.o
                0x08004144                SEGGER_RTT_ConfigDownBuffer
 .text._EncodeStr
                0x080041dc       0x60 ./Middleware/SEGGER/SEGGER/SEGGER_SYSVIEW.o
 .text._PreparePacket
                0x0800423c       0x18 ./Middleware/SEGGER/SEGGER/SEGGER_SYSVIEW.o
 .text._HandleIncomingPacket
                0x08004254       0xdc ./Middleware/SEGGER/SEGGER/SEGGER_SYSVIEW.o
 .text._TrySendOverflowPacket
                0x08004330       0xe4 ./Middleware/SEGGER/SEGGER/SEGGER_SYSVIEW.o
 .text._SendPacket
                0x08004414      0x2dc ./Middleware/SEGGER/SEGGER/SEGGER_SYSVIEW.o
 .text._VPrintHost
                0x080046f0      0x17c ./Middleware/SEGGER/SEGGER/SEGGER_SYSVIEW.o
 .text.SEGGER_SYSVIEW_Init
                0x0800486c       0x88 ./Middleware/SEGGER/SEGGER/SEGGER_SYSVIEW.o
                0x0800486c                SEGGER_SYSVIEW_Init
 .text.SEGGER_SYSVIEW_SetRAMBase
                0x080048f4       0x20 ./Middleware/SEGGER/SEGGER/SEGGER_SYSVIEW.o
                0x080048f4                SEGGER_SYSVIEW_SetRAMBase
 .text.SEGGER_SYSVIEW_RecordVoid
                0x08004914       0x3c ./Middleware/SEGGER/SEGGER/SEGGER_SYSVIEW.o
                0x08004914                SEGGER_SYSVIEW_RecordVoid
 .text.SEGGER_SYSVIEW_RecordU32
                0x08004950       0x78 ./Middleware/SEGGER/SEGGER/SEGGER_SYSVIEW.o
                0x08004950                SEGGER_SYSVIEW_RecordU32
 .text.SEGGER_SYSVIEW_RecordU32x2
                0x080049c8       0xb4 ./Middleware/SEGGER/SEGGER/SEGGER_SYSVIEW.o
                0x080049c8                SEGGER_SYSVIEW_RecordU32x2
 .text.SEGGER_SYSVIEW_Start
                0x08004a7c      0x174 ./Middleware/SEGGER/SEGGER/SEGGER_SYSVIEW.o
                0x08004a7c                SEGGER_SYSVIEW_Start
 .text.SEGGER_SYSVIEW_Stop
                0x08004bf0       0x4c ./Middleware/SEGGER/SEGGER/SEGGER_SYSVIEW.o
                0x08004bf0                SEGGER_SYSVIEW_Stop
 .text.SEGGER_SYSVIEW_GetSysDesc
                0x08004c3c      0x134 ./Middleware/SEGGER/SEGGER/SEGGER_SYSVIEW.o
                0x08004c3c                SEGGER_SYSVIEW_GetSysDesc
 .text.SEGGER_SYSVIEW_SendTaskInfo
                0x08004d70      0x1c8 ./Middleware/SEGGER/SEGGER/SEGGER_SYSVIEW.o
                0x08004d70                SEGGER_SYSVIEW_SendTaskInfo
 .text.SEGGER_SYSVIEW_SendTaskList
                0x08004f38       0x28 ./Middleware/SEGGER/SEGGER/SEGGER_SYSVIEW.o
                0x08004f38                SEGGER_SYSVIEW_SendTaskList
 .text.SEGGER_SYSVIEW_SendSysDesc
                0x08004f60       0x48 ./Middleware/SEGGER/SEGGER/SEGGER_SYSVIEW.o
                0x08004f60                SEGGER_SYSVIEW_SendSysDesc
 .text.SEGGER_SYSVIEW_RecordSystime
                0x08004fa8       0x64 ./Middleware/SEGGER/SEGGER/SEGGER_SYSVIEW.o
                0x08004fa8                SEGGER_SYSVIEW_RecordSystime
 .text.SEGGER_SYSVIEW_OnIdle
                0x0800500c       0x38 ./Middleware/SEGGER/SEGGER/SEGGER_SYSVIEW.o
                0x0800500c                SEGGER_SYSVIEW_OnIdle
 .text.SEGGER_SYSVIEW_OnTaskCreate
                0x08005044       0x84 ./Middleware/SEGGER/SEGGER/SEGGER_SYSVIEW.o
                0x08005044                SEGGER_SYSVIEW_OnTaskCreate
 .text.SEGGER_SYSVIEW_OnTaskStartExec
                0x080050c8       0x84 ./Middleware/SEGGER/SEGGER/SEGGER_SYSVIEW.o
                0x080050c8                SEGGER_SYSVIEW_OnTaskStartExec
 .text.SEGGER_SYSVIEW_OnTaskStartReady
                0x0800514c       0x84 ./Middleware/SEGGER/SEGGER/SEGGER_SYSVIEW.o
                0x0800514c                SEGGER_SYSVIEW_OnTaskStartReady
 .text.SEGGER_SYSVIEW_SendModule
                0x080051d0      0x114 ./Middleware/SEGGER/SEGGER/SEGGER_SYSVIEW.o
                0x080051d0                SEGGER_SYSVIEW_SendModule
 .text.SEGGER_SYSVIEW_SendModuleDescription
                0x080052e4       0x3c ./Middleware/SEGGER/SEGGER/SEGGER_SYSVIEW.o
                0x080052e4                SEGGER_SYSVIEW_SendModuleDescription
 .text.SEGGER_SYSVIEW_SendNumModules
                0x08005320       0x7c ./Middleware/SEGGER/SEGGER/SEGGER_SYSVIEW.o
                0x08005320                SEGGER_SYSVIEW_SendNumModules
 .text.SEGGER_SYSVIEW_PrintfHost
                0x0800539c       0x28 ./Middleware/SEGGER/SEGGER/SEGGER_SYSVIEW.o
                0x0800539c                SEGGER_SYSVIEW_PrintfHost
 .text.SEGGER_SYSVIEW_Warn
                0x080053c4       0xb8 ./Middleware/SEGGER/SEGGER/SEGGER_SYSVIEW.o
                0x080053c4                SEGGER_SYSVIEW_Warn
 .text.memcmp   0x0800547c       0x20 /opt/st/stm32cubeide_1.18.0/plugins/com.st.stm32cube.ide.mcu.externaltools.gnu-tools-for-stm32.13.3.rel1.linux64_1.0.0.202410170706/tools/bin/../lib/gcc/arm-none-eabi/13.3.1/../../../../arm-none-eabi/lib/thumb/v7e-m+fp/hard/libc_nano.a(libc_a-memcmp.o)
                0x0800547c                memcmp
 .text.memset   0x0800549c       0x10 /opt/st/stm32cubeide_1.18.0/plugins/com.st.stm32cube.ide.mcu.externaltools.gnu-tools-for-stm32.13.3.rel1.linux64_1.0.0.202410170706/tools/bin/../lib/gcc/arm-none-eabi/13.3.1/../../../../arm-none-eabi/lib/thumb/v7e-m+fp/hard/libc_nano.a(libc_a-memset.o)
                0x0800549c                memset
 .text.__libc_init_array
                0x080054ac       0x48 /opt/st/stm32cubeide_1.18.0/plugins/com.st.stm32cube.ide.mcu.externaltools.gnu-tools-for-stm32.13.3.rel1.linux64_1.0.0.202410170706/tools/bin/../lib/gcc/arm-none-eabi/13.3.1/../../../../arm-none-eabi/lib/thumb/v7e-m+fp/hard/libc_nano.a(libc_a-init.o)
                0x080054ac                __libc_init_array
 .text.memcpy   0x080054f4       0x1c /opt/st/stm32cubeide_1.18.0/plugins/com.st.stm32cube.ide.mcu.externaltools.gnu-tools-for-stm32.13.3.rel1.linux64_1.0.0.202410170706/tools/bin/../lib/gcc/arm-none-eabi/13.3.1/../../../../arm-none-eabi/lib/thumb/v7e-m+fp/hard/libc_nano.a(libc_a-memcpy-stub.o)
                0x080054f4                memcpy
 *(.glue_7)
 .glue_7        0x08005510        0x0 linker stubs
 *(.glue_7t)
 .glue_7t       0x08005510        0x0 linker stubs
 *(.eh_frame)
 .eh_frame      0x08005510        0x0 /opt/st/stm32cubeide_1.18.0/plugins/com.st.stm32cube.ide.mcu.externaltools.gnu-tools-for-stm32.13.3.rel1.linux64_1.0.0.202410170706/tools/bin/../lib/gcc/arm-none-eabi/13.3.1/thumb/v7e-m+fp/hard/crtbegin.o
 *(.init)
 .init          0x08005510        0x4 /opt/st/stm32cubeide_1.18.0/plugins/com.st.stm32cube.ide.mcu.externaltools.gnu-tools-for-stm32.13.3.rel1.linux64_1.0.0.202410170706/tools/bin/../lib/gcc/arm-none-eabi/13.3.1/thumb/v7e-m+fp/hard/crti.o
                0x08005510                _init
 .init          0x08005514        0x8 /opt/st/stm32cubeide_1.18.0/plugins/com.st.stm32cube.ide.mcu.externaltools.gnu-tools-for-stm32.13.3.rel1.linux64_1.0.0.202410170706/tools/bin/../lib/gcc/arm-none-eabi/13.3.1/thumb/v7e-m+fp/hard/crtn.o
 *(.fini)
 .fini          0x0800551c        0x4 /opt/st/stm32cubeide_1.18.0/plugins/com.st.stm32cube.ide.mcu.externaltools.gnu-tools-for-stm32.13.3.rel1.linux64_1.0.0.202410170706/tools/bin/../lib/gcc/arm-none-eabi/13.3.1/thumb/v7e-m+fp/hard/crti.o
                0x0800551c                _fini
 .fini          0x08005520        0x8 /opt/st/stm32cubeide_1.18.0/plugins/com.st.stm32cube.ide.mcu.externaltools.gnu-tools-for-stm32.13.3.rel1.linux64_1.0.0.202410170706/tools/bin/../lib/gcc/arm-none-eabi/13.3.1/thumb/v7e-m+fp/hard/crtn.o
                0x08005528                        . = ALIGN (0x4)
                0x08005528                        _etext = .

.vfp11_veneer   0x08005528        0x0
 .vfp11_veneer  0x08005528        0x0 linker stubs

.v4_bx          0x08005528        0x0
 .v4_bx         0x08005528        0x0 linker stubs

.iplt           0x08005528        0x0
 .iplt          0x08005528        0x0 /opt/st/stm32cubeide_1.18.0/plugins/com.st.stm32cube.ide.mcu.externaltools.gnu-tools-for-stm32.13.3.rel1.linux64_1.0.0.202410170706/tools/bin/../lib/gcc/arm-none-eabi/13.3.1/thumb/v7e-m+fp/hard/crtbegin.o

.rodata         0x08005528      0x240
                0x08005528                        . = ALIGN (0x4)
 *(.rodata)
 .rodata        0x08005528       0x4e ./Core/Src/main.o
 *fill*         0x08005576        0x2 
 .rodata        0x08005578       0x3b ./Drivers/STM32F4xx_HAL_Driver/Src/stm32f4xx_hal_cortex.o
 *fill*         0x080055b3        0x1 
 .rodata        0x080055b4       0x39 ./Drivers/STM32F4xx_HAL_Driver/Src/stm32f4xx_hal_gpio.o
 *fill*         0x080055ed        0x3 
 .rodata        0x080055f0       0x38 ./Drivers/STM32F4xx_HAL_Driver/Src/stm32f4xx_hal_rcc.o
 .rodata        0x08005628       0x38 ./Drivers/STM32F4xx_HAL_Driver/Src/stm32f4xx_hal_tim.o
 .rodata        0x08005660        0x5 ./Middleware/FreeRTOS/tasks.o
 *fill*         0x08005665        0x3 
 .rodata        0x08005668       0x41 ./Middleware/SEGGER/Config/SEGGER_SYSVIEW_Config_FreeRTOS.o
 *fill*         0x080056a9        0x3 
 .rodata        0x080056ac       0x58 ./Middleware/SEGGER/FreeRTOSV11/SEGGER_SYSVIEW_FreeRTOS.o
 .rodata        0x08005704        0x9 ./Middleware/SEGGER/SEGGER/SEGGER_RTT.o
 *fill*         0x0800570d        0x3 
 .rodata        0x08005710       0x10 ./Middleware/SEGGER/SEGGER/SEGGER_SYSVIEW.o
 *(.rodata*)
 .rodata.stackSize.0
                0x08005720        0x4 ./Core/Src/main.o
 .rodata.AHBPrescTable
                0x08005724       0x10 ./Core/Src/system_stm32f4xx.o
                0x08005724                AHBPrescTable
 .rodata.APBPrescTable
                0x08005734        0x8 ./Core/Src/system_stm32f4xx.o
                0x08005734                APBPrescTable
 .rodata.uxTopUsedPriority
                0x0800573c        0x4 ./Middleware/FreeRTOS/tasks.o
                0x0800573c                uxTopUsedPriority
 .rodata.SYSVIEW_X_OS_TraceAPI
                0x08005740        0x8 ./Middleware/SEGGER/FreeRTOSV11/SEGGER_SYSVIEW_FreeRTOS.o
                0x08005740                SYSVIEW_X_OS_TraceAPI
 .rodata._aInitStr.0
                0x08005748       0x11 ./Middleware/SEGGER/SEGGER/SEGGER_RTT.o
 *fill*         0x08005759        0x3 
 .rodata._abSync
                0x0800575c        0xa ./Middleware/SEGGER/SEGGER/SEGGER_SYSVIEW.o
                0x08005768                        . = ALIGN (0x4)
 *fill*         0x08005766        0x2 

.ARM.extab      0x08005768        0x0
                0x08005768                        . = ALIGN (0x4)
 *(.ARM.extab* .gnu.linkonce.armextab.*)
                0x08005768                        . = ALIGN (0x4)

.ARM            0x08005768        0x8
                0x08005768                        . = ALIGN (0x4)
                0x08005768                        __exidx_start = .
 *(.ARM.exidx*)
 .ARM.exidx     0x08005768        0x8 /opt/st/stm32cubeide_1.18.0/plugins/com.st.stm32cube.ide.mcu.externaltools.gnu-tools-for-stm32.13.3.rel1.linux64_1.0.0.202410170706/tools/bin/../lib/gcc/arm-none-eabi/13.3.1/thumb/v7e-m+fp/hard/libgcc.a(_udivmoddi4.o)
                0x08005770                        __exidx_end = .
                0x08005770                        . = ALIGN (0x4)

.preinit_array  0x08005770        0x0
                0x08005770                        . = ALIGN (0x4)
                0x08005770                        PROVIDE (__preinit_array_start = .)
 *(.preinit_array*)
                0x08005770                        PROVIDE (__preinit_array_end = .)
                0x08005770                        . = ALIGN (0x4)

.init_array     0x08005770        0x4
                0x08005770                        . = ALIGN (0x4)
                0x08005770                        PROVIDE (__init_array_start = .)
 *(SORT_BY_NAME(.init_array.*))
 *(.init_array*)
 .init_array    0x08005770        0x4 /opt/st/stm32cubeide_1.18.0/plugins/com.st.stm32cube.ide.mcu.externaltools.gnu-tools-for-stm32.13.3.rel1.linux64_1.0.0.202410170706/tools/bin/../lib/gcc/arm-none-eabi/13.3.1/thumb/v7e-m+fp/hard/crtbegin.o
                0x08005774                        PROVIDE (__init_array_end = .)
                0x08005774                        . = ALIGN (0x4)

.fini_array     0x08005774        0x4
                0x08005774                        . = ALIGN (0x4)
                [!provide]                        PROVIDE (__fini_array_start = .)
 *(SORT_BY_NAME(.fini_array.*))
 *(.fini_array*)
 .fini_array    0x08005774        0x4 /opt/st/stm32cubeide_1.18.0/plugins/com.st.stm32cube.ide.mcu.externaltools.gnu-tools-for-stm32.13.3.rel1.linux64_1.0.0.202410170706/tools/bin/../lib/gcc/arm-none-eabi/13.3.1/thumb/v7e-m+fp/hard/crtbegin.o
                [!provide]                        PROVIDE (__fini_array_end = .)
                0x08005778                        . = ALIGN (0x4)
                0x08005778                        _sidata = LOADADDR (.data)

.rel.dyn        0x08005778        0x0
 .rel.iplt      0x08005778        0x0 /opt/st/stm32cubeide_1.18.0/plugins/com.st.stm32cube.ide.mcu.externaltools.gnu-tools-for-stm32.13.3.rel1.linux64_1.0.0.202410170706/tools/bin/../lib/gcc/arm-none-eabi/13.3.1/thumb/v7e-m+fp/hard/crtbegin.o

.data           0x20000000       0x10 load address 0x08005778
                0x20000000                        . = ALIGN (0x4)
                0x20000000                        _sdata = .
 *(.data)
 *(.data*)
 .data.SystemCoreClock
                0x20000000        0x4 ./Core/Src/system_stm32f4xx.o
                0x20000000                SystemCoreClock
 .data.uwTickPrio
                0x20000004        0x4 ./Drivers/STM32F4xx_HAL_Driver/Src/stm32f4xx_hal.o
                0x20000004                uwTickPrio
 .data.uwTickFreq
                0x20000008        0x1 ./Drivers/STM32F4xx_HAL_Driver/Src/stm32f4xx_hal.o
                0x20000008                uwTickFreq
 *fill*         0x20000009        0x3 
 .data.uxCriticalNesting
                0x2000000c        0x4 ./Middleware/FreeRTOS/portable/GCC/ARM_CM4F/port.o
 *(.RamFunc)
 *(.RamFunc*)
                0x20000010                        . = ALIGN (0x4)
                0x20000010                        _edata = .
                0x08005788                        _siccmram = LOADADDR (.ccmram)

.igot.plt       0x20000010        0x0 load address 0x08005788
 .igot.plt      0x20000010        0x0 /opt/st/stm32cubeide_1.18.0/plugins/com.st.stm32cube.ide.mcu.externaltools.gnu-tools-for-stm32.13.3.rel1.linux64_1.0.0.202410170706/tools/bin/../lib/gcc/arm-none-eabi/13.3.1/thumb/v7e-m+fp/hard/crtbegin.o

.ccmram         0x10000000        0x0 load address 0x08005788
                0x10000000                        . = ALIGN (0x4)
                0x10000000                        _sccmram = .
 *(.ccmram)
 *(.ccmram*)
                0x10000000                        . = ALIGN (0x4)
                0x10000000                        _eccmram = .
                0x10000000                        . = ALIGN (0x4)

.bss            0x20000010    0x13808
                0x20000010                        _sbss = .
                0x20000010                        __bss_start__ = _sbss
 *(.bss)
 .bss           0x20000010       0x1c /opt/st/stm32cubeide_1.18.0/plugins/com.st.stm32cube.ide.mcu.externaltools.gnu-tools-for-stm32.13.3.rel1.linux64_1.0.0.202410170706/tools/bin/../lib/gcc/arm-none-eabi/13.3.1/thumb/v7e-m+fp/hard/crtbegin.o
 *(.bss*)
 .bss.htim1     0x2000002c       0x48 ./Core/Src/stm32f4xx_hal_timebase_tim.o
                0x2000002c                htim1
 .bss.uwTick    0x20000074        0x4 ./Drivers/STM32F4xx_HAL_Driver/Src/stm32f4xx_hal.o
                0x20000074                uwTick
 .bss.pxCurrentTCB
                0x20000078        0x4 ./Middleware/FreeRTOS/tasks.o
                0x20000078                pxCurrentTCB
 .bss.pxReadyTasksLists
                0x2000007c       0x64 ./Middleware/FreeRTOS/tasks.o
 .bss.xDelayedTaskList1
                0x200000e0       0x14 ./Middleware/FreeRTOS/tasks.o
 .bss.xDelayedTaskList2
                0x200000f4       0x14 ./Middleware/FreeRTOS/tasks.o
 .bss.pxDelayedTaskList
                0x20000108        0x4 ./Middleware/FreeRTOS/tasks.o
 .bss.pxOverflowDelayedTaskList
                0x2000010c        0x4 ./Middleware/FreeRTOS/tasks.o
 .bss.xPendingReadyList
                0x20000110       0x14 ./Middleware/FreeRTOS/tasks.o
 .bss.xTasksWaitingTermination
                0x20000124       0x14 ./Middleware/FreeRTOS/tasks.o
 .bss.uxDeletedTasksWaitingCleanUp
                0x20000138        0x4 ./Middleware/FreeRTOS/tasks.o
 .bss.xSuspendedTaskList
                0x2000013c       0x14 ./Middleware/FreeRTOS/tasks.o
 .bss.uxCurrentNumberOfTasks
                0x20000150        0x4 ./Middleware/FreeRTOS/tasks.o
 .bss.xTickCount
                0x20000154        0x4 ./Middleware/FreeRTOS/tasks.o
 .bss.uxTopReadyPriority
                0x20000158        0x4 ./Middleware/FreeRTOS/tasks.o
 .bss.xSchedulerRunning
                0x2000015c        0x4 ./Middleware/FreeRTOS/tasks.o
 .bss.xPendedTicks
                0x20000160        0x4 ./Middleware/FreeRTOS/tasks.o
 .bss.xYieldPending
                0x20000164        0x4 ./Middleware/FreeRTOS/tasks.o
 .bss.xNumOfOverflows
                0x20000168        0x4 ./Middleware/FreeRTOS/tasks.o
 .bss.uxTaskNumber
                0x2000016c        0x4 ./Middleware/FreeRTOS/tasks.o
 .bss.xNextTaskUnblockTime
                0x20000170        0x4 ./Middleware/FreeRTOS/tasks.o
 .bss.xIdleTaskHandle
                0x20000174        0x4 ./Middleware/FreeRTOS/tasks.o
 .bss.uxSchedulerSuspended
                0x20000178        0x4 ./Middleware/FreeRTOS/tasks.o
 .bss.ucMaxSysCallPriority
                0x2000017c        0x1 ./Middleware/FreeRTOS/portable/GCC/ARM_CM4F/port.o
 *fill*         0x2000017d        0x3 
 .bss.ulMaxPRIGROUPValue
                0x20000180        0x4 ./Middleware/FreeRTOS/portable/GCC/ARM_CM4F/port.o
 .bss.ucHeap    0x20000184    0x12c00 ./Middleware/FreeRTOS/portable/MemMang/heap_4.o
 .bss.xStart    0x20012d84        0x8 ./Middleware/FreeRTOS/portable/MemMang/heap_4.o
 .bss.pxEnd     0x20012d8c        0x4 ./Middleware/FreeRTOS/portable/MemMang/heap_4.o
 .bss.xFreeBytesRemaining
                0x20012d90        0x4 ./Middleware/FreeRTOS/portable/MemMang/heap_4.o
 .bss.xMinimumEverFreeBytesRemaining
                0x20012d94        0x4 ./Middleware/FreeRTOS/portable/MemMang/heap_4.o
 .bss.xNumberOfSuccessfulAllocations
                0x20012d98        0x4 ./Middleware/FreeRTOS/portable/MemMang/heap_4.o
 .bss.xNumberOfSuccessfulFrees
                0x20012d9c        0x4 ./Middleware/FreeRTOS/portable/MemMang/heap_4.o
 .bss._aTasks   0x20012da0       0xa0 ./Middleware/SEGGER/FreeRTOSV11/SEGGER_SYSVIEW_FreeRTOS.o
 .bss._NumTasks
                0x20012e40        0x4 ./Middleware/SEGGER/FreeRTOSV11/SEGGER_SYSVIEW_FreeRTOS.o
 .bss._SEGGER_RTT
                0x20012e44       0xa8 ./Middleware/SEGGER/SEGGER/SEGGER_RTT.o
                0x20012e44                _SEGGER_RTT
 .bss._acUpBuffer
                0x20012eec      0x400 ./Middleware/SEGGER/SEGGER/SEGGER_RTT.o
 .bss._acDownBuffer
                0x200132ec       0x10 ./Middleware/SEGGER/SEGGER/SEGGER_RTT.o
 .bss._UpBuffer
                0x200132fc      0x400 ./Middleware/SEGGER/SEGGER/SEGGER_SYSVIEW.o
 .bss._DownBuffer
                0x200136fc        0x8 ./Middleware/SEGGER/SEGGER/SEGGER_SYSVIEW.o
 .bss._SYSVIEW_Globals
                0x20013704       0x28 ./Middleware/SEGGER/SEGGER/SEGGER_SYSVIEW.o
 .bss._pFirstModule
                0x2001372c        0x4 ./Middleware/SEGGER/SEGGER/SEGGER_SYSVIEW.o
 .bss._NumModules
                0x20013730        0x1 ./Middleware/SEGGER/SEGGER/SEGGER_SYSVIEW.o
 *fill*         0x20013731        0x3 
 .bss._aPacket  0x20013734       0xe3 ./Middleware/SEGGER/SEGGER/SEGGER_SYSVIEW.o
 *(COMMON)
                0x20013818                        . = ALIGN (0x4)
 *fill*         0x20013817        0x1 
                0x20013818                        _ebss = .
                0x20013818                        __bss_end__ = _ebss

._user_heap_stack
                0x20013818      0x600
                0x20013818                        . = ALIGN (0x8)
                0x20013818                        PROVIDE (end = .)
                [!provide]                        PROVIDE (_end = .)
                0x20013a18                        . = (. + _Min_Heap_Size)
 *fill*         0x20013818      0x200 
                0x20013e18                        . = (. + _Min_Stack_Size)
 *fill*         0x20013a18      0x400 
                0x20013e18                        . = ALIGN (0x8)

/DISCARD/
 libc.a(*)
 libm.a(*)
 libgcc.a(*)

.ARM.attributes
                0x00000000       0x30
 *(.ARM.attributes)
 .ARM.attributes
                0x00000000       0x22 /opt/st/stm32cubeide_1.18.0/plugins/com.st.stm32cube.ide.mcu.externaltools.gnu-tools-for-stm32.13.3.rel1.linux64_1.0.0.202410170706/tools/bin/../lib/gcc/arm-none-eabi/13.3.1/thumb/v7e-m+fp/hard/crti.o
 .ARM.attributes
                0x00000022       0x34 /opt/st/stm32cubeide_1.18.0/plugins/com.st.stm32cube.ide.mcu.externaltools.gnu-tools-for-stm32.13.3.rel1.linux64_1.0.0.202410170706/tools/bin/../lib/gcc/arm-none-eabi/13.3.1/thumb/v7e-m+fp/hard/crtbegin.o
 .ARM.attributes
                0x00000056       0x34 ./Core/Src/main.o
 .ARM.attributes
                0x0000008a       0x34 ./Core/Src/stm32f4xx_hal_msp.o
 .ARM.attributes
                0x000000be       0x34 ./Core/Src/stm32f4xx_hal_timebase_tim.o
 .ARM.attributes
                0x000000f2       0x34 ./Core/Src/stm32f4xx_it.o
 .ARM.attributes
                0x00000126       0x34 ./Core/Src/system_stm32f4xx.o
 .ARM.attributes
                0x0000015a       0x21 ./Core/Startup/startup_stm32f407vgtx.o
 .ARM.attributes
                0x0000017b       0x34 ./Drivers/STM32F4xx_HAL_Driver/Src/stm32f4xx_hal.o
 .ARM.attributes
                0x000001af       0x34 ./Drivers/STM32F4xx_HAL_Driver/Src/stm32f4xx_hal_cortex.o
 .ARM.attributes
                0x000001e3       0x34 ./Drivers/STM32F4xx_HAL_Driver/Src/stm32f4xx_hal_gpio.o
 .ARM.attributes
                0x00000217       0x34 ./Drivers/STM32F4xx_HAL_Driver/Src/stm32f4xx_hal_rcc.o
 .ARM.attributes
                0x0000024b       0x34 ./Drivers/STM32F4xx_HAL_Driver/Src/stm32f4xx_hal_tim.o
 .ARM.attributes
                0x0000027f       0x34 ./Drivers/STM32F4xx_HAL_Driver/Src/stm32f4xx_hal_tim_ex.o
 .ARM.attributes
                0x000002b3       0x34 ./Middleware/FreeRTOS/list.o
 .ARM.attributes
                0x000002e7       0x34 ./Middleware/FreeRTOS/tasks.o
 .ARM.attributes
                0x0000031b       0x34 ./Middleware/FreeRTOS/portable/GCC/ARM_CM4F/port.o
 .ARM.attributes
                0x0000034f       0x34 ./Middleware/FreeRTOS/portable/MemMang/heap_4.o
 .ARM.attributes
                0x00000383       0x34 ./Middleware/SEGGER/Config/SEGGER_SYSVIEW_Config_FreeRTOS.o
 .ARM.attributes
                0x000003b7       0x34 ./Middleware/SEGGER/FreeRTOSV11/SEGGER_SYSVIEW_FreeRTOS.o
 .ARM.attributes
                0x000003eb       0x34 ./Middleware/SEGGER/SEGGER/SEGGER_RTT.o
 .ARM.attributes
                0x0000041f       0x20 ./Middleware/SEGGER/SEGGER/SEGGER_RTT_ASM_ARMv7M.o
 .ARM.attributes
                0x0000043f       0x34 ./Middleware/SEGGER/SEGGER/SEGGER_SYSVIEW.o
 .ARM.attributes
                0x00000473       0x34 /opt/st/stm32cubeide_1.18.0/plugins/com.st.stm32cube.ide.mcu.externaltools.gnu-tools-for-stm32.13.3.rel1.linux64_1.0.0.202410170706/tools/bin/../lib/gcc/arm-none-eabi/13.3.1/../../../../arm-none-eabi/lib/thumb/v7e-m+fp/hard/libc_nano.a(libc_a-memcmp.o)
 .ARM.attributes
                0x000004a7       0x34 /opt/st/stm32cubeide_1.18.0/plugins/com.st.stm32cube.ide.mcu.externaltools.gnu-tools-for-stm32.13.3.rel1.linux64_1.0.0.202410170706/tools/bin/../lib/gcc/arm-none-eabi/13.3.1/../../../../arm-none-eabi/lib/thumb/v7e-m+fp/hard/libc_nano.a(libc_a-memset.o)
 .ARM.attributes
                0x000004db       0x34 /opt/st/stm32cubeide_1.18.0/plugins/com.st.stm32cube.ide.mcu.externaltools.gnu-tools-for-stm32.13.3.rel1.linux64_1.0.0.202410170706/tools/bin/../lib/gcc/arm-none-eabi/13.3.1/../../../../arm-none-eabi/lib/thumb/v7e-m+fp/hard/libc_nano.a(libc_a-init.o)
 .ARM.attributes
                0x0000050f       0x34 /opt/st/stm32cubeide_1.18.0/plugins/com.st.stm32cube.ide.mcu.externaltools.gnu-tools-for-stm32.13.3.rel1.linux64_1.0.0.202410170706/tools/bin/../lib/gcc/arm-none-eabi/13.3.1/../../../../arm-none-eabi/lib/thumb/v7e-m+fp/hard/libc_nano.a(libc_a-memcpy-stub.o)
 .ARM.attributes
                0x00000543       0x22 /opt/st/stm32cubeide_1.18.0/plugins/com.st.stm32cube.ide.mcu.externaltools.gnu-tools-for-stm32.13.3.rel1.linux64_1.0.0.202410170706/tools/bin/../lib/gcc/arm-none-eabi/13.3.1/thumb/v7e-m+fp/hard/libgcc.a(_aeabi_uldivmod.o)
 .ARM.attributes
                0x00000565       0x34 /opt/st/stm32cubeide_1.18.0/plugins/com.st.stm32cube.ide.mcu.externaltools.gnu-tools-for-stm32.13.3.rel1.linux64_1.0.0.202410170706/tools/bin/../lib/gcc/arm-none-eabi/13.3.1/thumb/v7e-m+fp/hard/libgcc.a(_udivmoddi4.o)
 .ARM.attributes
                0x00000599       0x22 /opt/st/stm32cubeide_1.18.0/plugins/com.st.stm32cube.ide.mcu.externaltools.gnu-tools-for-stm32.13.3.rel1.linux64_1.0.0.202410170706/tools/bin/../lib/gcc/arm-none-eabi/13.3.1/thumb/v7e-m+fp/hard/libgcc.a(_dvmd_tls.o)
 .ARM.attributes
                0x000005bb       0x22 /opt/st/stm32cubeide_1.18.0/plugins/com.st.stm32cube.ide.mcu.externaltools.gnu-tools-for-stm32.13.3.rel1.linux64_1.0.0.202410170706/tools/bin/../lib/gcc/arm-none-eabi/13.3.1/thumb/v7e-m+fp/hard/crtn.o
OUTPUT(RTOS_0.elf elf32-littlearm)
LOAD linker stubs
LOAD /opt/st/stm32cubeide_1.18.0/plugins/com.st.stm32cube.ide.mcu.externaltools.gnu-tools-for-stm32.13.3.rel1.linux64_1.0.0.202410170706/tools/bin/../lib/gcc/arm-none-eabi/13.3.1/../../../../arm-none-eabi/lib/thumb/v7e-m+fp/hard/libc.a
LOAD /opt/st/stm32cubeide_1.18.0/plugins/com.st.stm32cube.ide.mcu.externaltools.gnu-tools-for-stm32.13.3.rel1.linux64_1.0.0.202410170706/tools/bin/../lib/gcc/arm-none-eabi/13.3.1/../../../../arm-none-eabi/lib/thumb/v7e-m+fp/hard/libm.a
LOAD /opt/st/stm32cubeide_1.18.0/plugins/com.st.stm32cube.ide.mcu.externaltools.gnu-tools-for-stm32.13.3.rel1.linux64_1.0.0.202410170706/tools/bin/../lib/gcc/arm-none-eabi/13.3.1/thumb/v7e-m+fp/hard/libgcc.a

.debug_info     0x00000000    0x11668
 .debug_info    0x00000000      0xe6e ./Core/Src/main.o
 .debug_info    0x00000e6e      0x269 ./Core/Src/stm32f4xx_hal_msp.o
 .debug_info    0x000010d7      0xbe0 ./Core/Src/stm32f4xx_hal_timebase_tim.o
 .debug_info    0x00001cb7      0x6ab ./Core/Src/stm32f4xx_it.o
 .debug_info    0x00002362      0x512 ./Core/Src/system_stm32f4xx.o
 .debug_info    0x00002874       0x30 ./Core/Startup/startup_stm32f407vgtx.o
 .debug_info    0x000028a4      0x97e ./Drivers/STM32F4xx_HAL_Driver/Src/stm32f4xx_hal.o
 .debug_info    0x00003222      0xdc1 ./Drivers/STM32F4xx_HAL_Driver/Src/stm32f4xx_hal_cortex.o
 .debug_info    0x00003fe3      0x6dc ./Drivers/STM32F4xx_HAL_Driver/Src/stm32f4xx_hal_gpio.o
 .debug_info    0x000046bf      0x8e0 ./Drivers/STM32F4xx_HAL_Driver/Src/stm32f4xx_hal_rcc.o
 .debug_info    0x00004f9f     0x2a0f ./Drivers/STM32F4xx_HAL_Driver/Src/stm32f4xx_hal_tim.o
 .debug_info    0x000079ae     0x153b ./Drivers/STM32F4xx_HAL_Driver/Src/stm32f4xx_hal_tim_ex.o
 .debug_info    0x00008ee9      0x2af ./Middleware/FreeRTOS/list.o
 .debug_info    0x00009198     0x246f ./Middleware/FreeRTOS/tasks.o
 .debug_info    0x0000b607      0x4e1 ./Middleware/FreeRTOS/portable/GCC/ARM_CM4F/port.o
 .debug_info    0x0000bae8      0x523 ./Middleware/FreeRTOS/portable/MemMang/heap_4.o
 .debug_info    0x0000c00b      0x176 ./Middleware/SEGGER/Config/SEGGER_SYSVIEW_Config_FreeRTOS.o
 .debug_info    0x0000c181      0x40e ./Middleware/SEGGER/FreeRTOSV11/SEGGER_SYSVIEW_FreeRTOS.o
 .debug_info    0x0000c58f     0x14d5 ./Middleware/SEGGER/SEGGER/SEGGER_RTT.o
 .debug_info    0x0000da64       0x25 ./Middleware/SEGGER/SEGGER/SEGGER_RTT_ASM_ARMv7M.o
 .debug_info    0x0000da89     0x3bdf ./Middleware/SEGGER/SEGGER/SEGGER_SYSVIEW.o

.debug_abbrev   0x00000000     0x286c
 .debug_abbrev  0x00000000      0x2d7 ./Core/Src/main.o
 .debug_abbrev  0x000002d7       0xd8 ./Core/Src/stm32f4xx_hal_msp.o
 .debug_abbrev  0x000003af      0x1f4 ./Core/Src/stm32f4xx_hal_timebase_tim.o
 .debug_abbrev  0x000005a3      0x17d ./Core/Src/stm32f4xx_it.o
 .debug_abbrev  0x00000720      0x11a ./Core/Src/system_stm32f4xx.o
 .debug_abbrev  0x0000083a       0x24 ./Core/Startup/startup_stm32f407vgtx.o
 .debug_abbrev  0x0000085e      0x21b ./Drivers/STM32F4xx_HAL_Driver/Src/stm32f4xx_hal.o
 .debug_abbrev  0x00000a79      0x339 ./Drivers/STM32F4xx_HAL_Driver/Src/stm32f4xx_hal_cortex.o
 .debug_abbrev  0x00000db2      0x1f1 ./Drivers/STM32F4xx_HAL_Driver/Src/stm32f4xx_hal_gpio.o
 .debug_abbrev  0x00000fa3      0x2cc ./Drivers/STM32F4xx_HAL_Driver/Src/stm32f4xx_hal_rcc.o
 .debug_abbrev  0x0000126f      0x275 ./Drivers/STM32F4xx_HAL_Driver/Src/stm32f4xx_hal_tim.o
 .debug_abbrev  0x000014e4      0x27f ./Drivers/STM32F4xx_HAL_Driver/Src/stm32f4xx_hal_tim_ex.o
 .debug_abbrev  0x00001763       0xf5 ./Middleware/FreeRTOS/list.o
 .debug_abbrev  0x00001858      0x37b ./Middleware/FreeRTOS/tasks.o
 .debug_abbrev  0x00001bd3      0x25a ./Middleware/FreeRTOS/portable/GCC/ARM_CM4F/port.o
 .debug_abbrev  0x00001e2d      0x256 ./Middleware/FreeRTOS/portable/MemMang/heap_4.o
 .debug_abbrev  0x00002083       0xf4 ./Middleware/SEGGER/Config/SEGGER_SYSVIEW_Config_FreeRTOS.o
 .debug_abbrev  0x00002177      0x191 ./Middleware/SEGGER/FreeRTOSV11/SEGGER_SYSVIEW_FreeRTOS.o
 .debug_abbrev  0x00002308      0x230 ./Middleware/SEGGER/SEGGER/SEGGER_RTT.o
 .debug_abbrev  0x00002538       0x14 ./Middleware/SEGGER/SEGGER/SEGGER_RTT_ASM_ARMv7M.o
 .debug_abbrev  0x0000254c      0x320 ./Middleware/SEGGER/SEGGER/SEGGER_SYSVIEW.o

.debug_aranges  0x00000000     0x1148
 .debug_aranges
                0x00000000       0x68 ./Core/Src/main.o
 .debug_aranges
                0x00000068       0x20 ./Core/Src/stm32f4xx_hal_msp.o
 .debug_aranges
                0x00000088       0x30 ./Core/Src/stm32f4xx_hal_timebase_tim.o
 .debug_aranges
                0x000000b8       0x50 ./Core/Src/stm32f4xx_it.o
 .debug_aranges
                0x00000108       0x28 ./Core/Src/system_stm32f4xx.o
 .debug_aranges
                0x00000130       0x28 ./Core/Startup/startup_stm32f407vgtx.o
 .debug_aranges
                0x00000158       0xf0 ./Drivers/STM32F4xx_HAL_Driver/Src/stm32f4xx_hal.o
 .debug_aranges
                0x00000248      0x130 ./Drivers/STM32F4xx_HAL_Driver/Src/stm32f4xx_hal_cortex.o
 .debug_aranges
                0x00000378       0x58 ./Drivers/STM32F4xx_HAL_Driver/Src/stm32f4xx_hal_gpio.o
 .debug_aranges
                0x000003d0       0x88 ./Drivers/STM32F4xx_HAL_Driver/Src/stm32f4xx_hal_rcc.o
 .debug_aranges
                0x00000458      0x3d0 ./Drivers/STM32F4xx_HAL_Driver/Src/stm32f4xx_hal_tim.o
 .debug_aranges
                0x00000828      0x168 ./Drivers/STM32F4xx_HAL_Driver/Src/stm32f4xx_hal_tim_ex.o
 .debug_aranges
                0x00000990       0x40 ./Middleware/FreeRTOS/list.o
 .debug_aranges
                0x000009d0      0x1f0 ./Middleware/FreeRTOS/tasks.o
 .debug_aranges
                0x00000bc0       0x80 ./Middleware/FreeRTOS/portable/GCC/ARM_CM4F/port.o
 .debug_aranges
                0x00000c40       0x60 ./Middleware/FreeRTOS/portable/MemMang/heap_4.o
 .debug_aranges
                0x00000ca0       0x28 ./Middleware/SEGGER/Config/SEGGER_SYSVIEW_Config_FreeRTOS.o
 .debug_aranges
                0x00000cc8       0x48 ./Middleware/SEGGER/FreeRTOSV11/SEGGER_SYSVIEW_FreeRTOS.o
 .debug_aranges
                0x00000d10      0x138 ./Middleware/SEGGER/SEGGER/SEGGER_RTT.o
 .debug_aranges
                0x00000e48       0x20 ./Middleware/SEGGER/SEGGER/SEGGER_RTT_ASM_ARMv7M.o
 .debug_aranges
                0x00000e68      0x2e0 ./Middleware/SEGGER/SEGGER/SEGGER_SYSVIEW.o

.debug_rnglists
                0x00000000      0xd56
 .debug_rnglists
                0x00000000       0x4c ./Core/Src/main.o
 .debug_rnglists
                0x0000004c       0x13 ./Core/Src/stm32f4xx_hal_msp.o
 .debug_rnglists
                0x0000005f       0x20 ./Core/Src/stm32f4xx_hal_timebase_tim.o
 .debug_rnglists
                0x0000007f       0x37 ./Core/Src/stm32f4xx_it.o
 .debug_rnglists
                0x000000b6       0x1a ./Core/Src/system_stm32f4xx.o
 .debug_rnglists
                0x000000d0       0x19 ./Core/Startup/startup_stm32f407vgtx.o
 .debug_rnglists
                0x000000e9       0xaf ./Drivers/STM32F4xx_HAL_Driver/Src/stm32f4xx_hal.o
 .debug_rnglists
                0x00000198       0xe0 ./Drivers/STM32F4xx_HAL_Driver/Src/stm32f4xx_hal_cortex.o
 .debug_rnglists
                0x00000278       0x3f ./Drivers/STM32F4xx_HAL_Driver/Src/stm32f4xx_hal_gpio.o
 .debug_rnglists
                0x000002b7       0x66 ./Drivers/STM32F4xx_HAL_Driver/Src/stm32f4xx_hal_rcc.o
 .debug_rnglists
                0x0000031d      0x321 ./Drivers/STM32F4xx_HAL_Driver/Src/stm32f4xx_hal_tim.o
 .debug_rnglists
                0x0000063e      0x129 ./Drivers/STM32F4xx_HAL_Driver/Src/stm32f4xx_hal_tim_ex.o
 .debug_rnglists
                0x00000767       0x2b ./Middleware/FreeRTOS/list.o
 .debug_rnglists
                0x00000792      0x18e ./Middleware/FreeRTOS/tasks.o
 .debug_rnglists
                0x00000920       0x5d ./Middleware/FreeRTOS/portable/GCC/ARM_CM4F/port.o
 .debug_rnglists
                0x0000097d       0x48 ./Middleware/FreeRTOS/portable/MemMang/heap_4.o
 .debug_rnglists
                0x000009c5       0x19 ./Middleware/SEGGER/Config/SEGGER_SYSVIEW_Config_FreeRTOS.o
 .debug_rnglists
                0x000009de       0x36 ./Middleware/SEGGER/FreeRTOSV11/SEGGER_SYSVIEW_FreeRTOS.o
 .debug_rnglists
                0x00000a14       0xf5 ./Middleware/SEGGER/SEGGER/SEGGER_RTT.o
 .debug_rnglists
                0x00000b09      0x24d ./Middleware/SEGGER/SEGGER/SEGGER_SYSVIEW.o

.debug_macro    0x00000000    0x232c2
 .debug_macro   0x00000000      0x2e1 ./Core/Src/main.o
 .debug_macro   0x000002e1      0xad8 ./Core/Src/main.o
 .debug_macro   0x00000db9      0x29c ./Core/Src/main.o
 .debug_macro   0x00001055       0x2e ./Core/Src/main.o
 .debug_macro   0x00001083       0x2f ./Core/Src/main.o
 .debug_macro   0x000010b2       0x22 ./Core/Src/main.o
 .debug_macro   0x000010d4       0x8e ./Core/Src/main.o
 .debug_macro   0x00001162       0x51 ./Core/Src/main.o
 .debug_macro   0x000011b3      0x103 ./Core/Src/main.o
 .debug_macro   0x000012b6       0x6a ./Core/Src/main.o
 .debug_macro   0x00001320      0x1df ./Core/Src/main.o
 .debug_macro   0x000014ff       0x1c ./Core/Src/main.o
 .debug_macro   0x0000151b       0x22 ./Core/Src/main.o
 .debug_macro   0x0000153d       0xfb ./Core/Src/main.o
 .debug_macro   0x00001638     0x1011 ./Core/Src/main.o
 .debug_macro   0x00002649      0x11f ./Core/Src/main.o
 .debug_macro   0x00002768    0x15ea5 ./Core/Src/main.o
 .debug_macro   0x0001860d       0x6d ./Core/Src/main.o
 .debug_macro   0x0001867a     0x3693 ./Core/Src/main.o
 .debug_macro   0x0001bd0d      0x190 ./Core/Src/main.o
 .debug_macro   0x0001be9d       0x5c ./Core/Src/main.o
 .debug_macro   0x0001bef9      0x980 ./Core/Src/main.o
 .debug_macro   0x0001c879      0x9e9 ./Core/Src/main.o
 .debug_macro   0x0001d262      0x115 ./Core/Src/main.o
 .debug_macro   0x0001d377      0x13e ./Core/Src/main.o
 .debug_macro   0x0001d4b5       0xa5 ./Core/Src/main.o
 .debug_macro   0x0001d55a      0x174 ./Core/Src/main.o
 .debug_macro   0x0001d6ce      0x287 ./Core/Src/main.o
 .debug_macro   0x0001d955       0x5f ./Core/Src/main.o
 .debug_macro   0x0001d9b4      0x236 ./Core/Src/main.o
 .debug_macro   0x0001dbea      0x12c ./Core/Src/main.o
 .debug_macro   0x0001dd16      0x21e ./Core/Src/main.o
 .debug_macro   0x0001df34       0x2e ./Core/Src/main.o
 .debug_macro   0x0001df62      0x127 ./Core/Src/main.o
 .debug_macro   0x0001e089       0x7e ./Core/Src/main.o
 .debug_macro   0x0001e107       0x89 ./Core/Src/main.o
 .debug_macro   0x0001e190      0x8ed ./Core/Src/main.o
 .debug_macro   0x0001ea7d       0x4d ./Core/Src/main.o
 .debug_macro   0x0001eaca      0x12d ./Core/Src/main.o
 .debug_macro   0x0001ebf7      0x118 ./Core/Src/main.o
 .debug_macro   0x0001ed0f       0x58 ./Core/Src/main.o
 .debug_macro   0x0001ed67       0x46 ./Core/Src/main.o
 .debug_macro   0x0001edad       0x64 ./Core/Src/main.o
 .debug_macro   0x0001ee11       0x49 ./Core/Src/main.o
 .debug_macro   0x0001ee5a       0xd1 ./Core/Src/main.o
 .debug_macro   0x0001ef2b      0x220 ./Core/Src/main.o
 .debug_macro   0x0001f14b      0xf65 ./Core/Src/main.o
 .debug_macro   0x000200b0      0x15a ./Core/Src/main.o
 .debug_macro   0x0002020a       0xea ./Core/Src/main.o
 .debug_macro   0x000202f4       0x28 ./Core/Src/main.o
 .debug_macro   0x0002031c       0x1f ./Core/Src/main.o
 .debug_macro   0x0002033b       0x12 ./Core/Src/main.o
 .debug_macro   0x0002034d      0x4f5 ./Core/Src/main.o
 .debug_macro   0x00020842       0xc3 ./Core/Src/main.o
 .debug_macro   0x00020905      0x120 ./Core/Src/main.o
 .debug_macro   0x00020a25       0x91 ./Core/Src/main.o
 .debug_macro   0x00020ab6       0x86 ./Core/Src/main.o
 .debug_macro   0x00020b3c       0x77 ./Core/Src/main.o
 .debug_macro   0x00020bb3      0x1ce ./Core/Src/stm32f4xx_hal_msp.o
 .debug_macro   0x00020d81      0x1c4 ./Core/Src/stm32f4xx_hal_timebase_tim.o
 .debug_macro   0x00020f45      0x1d8 ./Core/Src/stm32f4xx_it.o
 .debug_macro   0x0002111d      0x1c4 ./Core/Src/system_stm32f4xx.o
 .debug_macro   0x000212e1      0x224 ./Drivers/STM32F4xx_HAL_Driver/Src/stm32f4xx_hal.o
 .debug_macro   0x00021505      0x1c4 ./Drivers/STM32F4xx_HAL_Driver/Src/stm32f4xx_hal_cortex.o
 .debug_macro   0x000216c9      0x1ca ./Drivers/STM32F4xx_HAL_Driver/Src/stm32f4xx_hal_gpio.o
 .debug_macro   0x00021893      0x1e8 ./Drivers/STM32F4xx_HAL_Driver/Src/stm32f4xx_hal_rcc.o
 .debug_macro   0x00021a7b      0x1c5 ./Drivers/STM32F4xx_HAL_Driver/Src/stm32f4xx_hal_tim.o
 .debug_macro   0x00021c40      0x1c4 ./Drivers/STM32F4xx_HAL_Driver/Src/stm32f4xx_hal_tim_ex.o
 .debug_macro   0x00021e04      0x1fa ./Middleware/FreeRTOS/list.o
 .debug_macro   0x00021ffe      0x2e0 ./Middleware/FreeRTOS/tasks.o
 .debug_macro   0x000222de       0x17 ./Middleware/FreeRTOS/tasks.o
 .debug_macro   0x000222f5      0x209 ./Middleware/FreeRTOS/portable/GCC/ARM_CM4F/port.o
 .debug_macro   0x000224fe      0x27b ./Middleware/FreeRTOS/portable/MemMang/heap_4.o
 .debug_macro   0x00022779      0x13d ./Middleware/SEGGER/Config/SEGGER_SYSVIEW_Config_FreeRTOS.o
 .debug_macro   0x000228b6      0x209 ./Middleware/SEGGER/FreeRTOSV11/SEGGER_SYSVIEW_FreeRTOS.o
 .debug_macro   0x00022abf      0x1e9 ./Middleware/SEGGER/SEGGER/SEGGER_RTT.o
 .debug_macro   0x00022ca8       0x35 ./Middleware/SEGGER/SEGGER/SEGGER_RTT.o
 .debug_macro   0x00022cdd      0x138 ./Middleware/SEGGER/SEGGER/SEGGER_RTT.o
 .debug_macro   0x00022e15      0x252 ./Middleware/SEGGER/SEGGER/SEGGER_SYSVIEW.o
 .debug_macro   0x00023067      0x220 ./Middleware/SEGGER/SEGGER/SEGGER_SYSVIEW.o
 .debug_macro   0x00023287       0x3b ./Middleware/SEGGER/SEGGER/SEGGER_SYSVIEW.o

.debug_line     0x00000000    0x1533d
 .debug_line    0x00000000      0xb7c ./Core/Src/main.o
 .debug_line    0x00000b7c      0x673 ./Core/Src/stm32f4xx_hal_msp.o
 .debug_line    0x000011ef      0x6df ./Core/Src/stm32f4xx_hal_timebase_tim.o
 .debug_line    0x000018ce      0x6fc ./Core/Src/stm32f4xx_it.o
 .debug_line    0x00001fca      0x6e9 ./Core/Src/system_stm32f4xx.o
 .debug_line    0x000026b3       0x7a ./Core/Startup/startup_stm32f407vgtx.o
 .debug_line    0x0000272d      0x979 ./Drivers/STM32F4xx_HAL_Driver/Src/stm32f4xx_hal.o
 .debug_line    0x000030a6      0xe52 ./Drivers/STM32F4xx_HAL_Driver/Src/stm32f4xx_hal_cortex.o
 .debug_line    0x00003ef8      0xc85 ./Drivers/STM32F4xx_HAL_Driver/Src/stm32f4xx_hal_gpio.o
 .debug_line    0x00004b7d      0xf39 ./Drivers/STM32F4xx_HAL_Driver/Src/stm32f4xx_hal_rcc.o
 .debug_line    0x00005ab6     0x5deb ./Drivers/STM32F4xx_HAL_Driver/Src/stm32f4xx_hal_tim.o
 .debug_line    0x0000b8a1     0x1f10 ./Drivers/STM32F4xx_HAL_Driver/Src/stm32f4xx_hal_tim_ex.o
 .debug_line    0x0000d7b1      0x8de ./Middleware/FreeRTOS/list.o
 .debug_line    0x0000e08f     0x1e25 ./Middleware/FreeRTOS/tasks.o
 .debug_line    0x0000feb4      0x99a ./Middleware/FreeRTOS/portable/GCC/ARM_CM4F/port.o
 .debug_line    0x0001084e      0xb9f ./Middleware/FreeRTOS/portable/MemMang/heap_4.o
 .debug_line    0x000113ed      0x6c0 ./Middleware/SEGGER/Config/SEGGER_SYSVIEW_Config_FreeRTOS.o
 .debug_line    0x00011aad      0x99b ./Middleware/SEGGER/FreeRTOSV11/SEGGER_SYSVIEW_FreeRTOS.o
 .debug_line    0x00012448      0xe8e ./Middleware/SEGGER/SEGGER/SEGGER_RTT.o
 .debug_line    0x000132d6       0x86 ./Middleware/SEGGER/SEGGER/SEGGER_RTT_ASM_ARMv7M.o
 .debug_line    0x0001335c     0x1fe1 ./Middleware/SEGGER/SEGGER/SEGGER_SYSVIEW.o

.debug_str      0x00000000    0xe3ce8
 .debug_str     0x00000000    0xe3ce8 ./Core/Src/main.o
                              0xd9af6 (size before relaxing)
 .debug_str     0x000e3ce8    0xc21cb ./Core/Src/stm32f4xx_hal_msp.o
 .debug_str     0x000e3ce8    0xc2d62 ./Core/Src/stm32f4xx_hal_timebase_tim.o
 .debug_str     0x000e3ce8    0xc2681 ./Core/Src/stm32f4xx_it.o
 .debug_str     0x000e3ce8    0xc227b ./Core/Src/system_stm32f4xx.o
 .debug_str     0x000e3ce8       0x7a ./Core/Startup/startup_stm32f407vgtx.o
 .debug_str     0x000e3ce8    0xc2e1f ./Drivers/STM32F4xx_HAL_Driver/Src/stm32f4xx_hal.o
 .debug_str     0x000e3ce8    0xc2b9d ./Drivers/STM32F4xx_HAL_Driver/Src/stm32f4xx_hal_cortex.o
 .debug_str     0x000e3ce8    0xc2404 ./Drivers/STM32F4xx_HAL_Driver/Src/stm32f4xx_hal_gpio.o
 .debug_str     0x000e3ce8    0xc26bd ./Drivers/STM32F4xx_HAL_Driver/Src/stm32f4xx_hal_rcc.o
 .debug_str     0x000e3ce8    0xc3625 ./Drivers/STM32F4xx_HAL_Driver/Src/stm32f4xx_hal_tim.o
 .debug_str     0x000e3ce8    0xc2e31 ./Drivers/STM32F4xx_HAL_Driver/Src/stm32f4xx_hal_tim_ex.o
 .debug_str     0x000e3ce8    0x1bd2e ./Middleware/FreeRTOS/list.o
 .debug_str     0x000e3ce8    0x1eeea ./Middleware/FreeRTOS/tasks.o
 .debug_str     0x000e3ce8    0x1a4d2 ./Middleware/FreeRTOS/portable/GCC/ARM_CM4F/port.o
 .debug_str     0x000e3ce8    0x1d558 ./Middleware/FreeRTOS/portable/MemMang/heap_4.o
 .debug_str     0x000e3ce8    0x17ffb ./Middleware/SEGGER/Config/SEGGER_SYSVIEW_Config_FreeRTOS.o
 .debug_str     0x000e3ce8    0x1cf8c ./Middleware/SEGGER/FreeRTOSV11/SEGGER_SYSVIEW_FreeRTOS.o
 .debug_str     0x000e3ce8     0x88d5 ./Middleware/SEGGER/SEGGER/SEGGER_RTT.o
 .debug_str     0x000e3ce8       0xb3 ./Middleware/SEGGER/SEGGER/SEGGER_RTT_ASM_ARMv7M.o
 .debug_str     0x000e3ce8     0xab39 ./Middleware/SEGGER/SEGGER/SEGGER_SYSVIEW.o

.comment        0x00000000       0x43
 .comment       0x00000000       0x43 ./Core/Src/main.o
                                 0x44 (size before relaxing)
 .comment       0x00000043       0x44 ./Core/Src/stm32f4xx_hal_msp.o
 .comment       0x00000043       0x44 ./Core/Src/stm32f4xx_hal_timebase_tim.o
 .comment       0x00000043       0x44 ./Core/Src/stm32f4xx_it.o
 .comment       0x00000043       0x44 ./Core/Src/system_stm32f4xx.o
 .comment       0x00000043       0x44 ./Drivers/STM32F4xx_HAL_Driver/Src/stm32f4xx_hal.o
 .comment       0x00000043       0x44 ./Drivers/STM32F4xx_HAL_Driver/Src/stm32f4xx_hal_cortex.o
 .comment       0x00000043       0x44 ./Drivers/STM32F4xx_HAL_Driver/Src/stm32f4xx_hal_gpio.o
 .comment       0x00000043       0x44 ./Drivers/STM32F4xx_HAL_Driver/Src/stm32f4xx_hal_rcc.o
 .comment       0x00000043       0x44 ./Drivers/STM32F4xx_HAL_Driver/Src/stm32f4xx_hal_tim.o
 .comment       0x00000043       0x44 ./Drivers/STM32F4xx_HAL_Driver/Src/stm32f4xx_hal_tim_ex.o
 .comment       0x00000043       0x44 ./Middleware/FreeRTOS/list.o
 .comment       0x00000043       0x44 ./Middleware/FreeRTOS/tasks.o
 .comment       0x00000043       0x44 ./Middleware/FreeRTOS/portable/GCC/ARM_CM4F/port.o
 .comment       0x00000043       0x44 ./Middleware/FreeRTOS/portable/MemMang/heap_4.o
 .comment       0x00000043       0x44 ./Middleware/SEGGER/Config/SEGGER_SYSVIEW_Config_FreeRTOS.o
 .comment       0x00000043       0x44 ./Middleware/SEGGER/FreeRTOSV11/SEGGER_SYSVIEW_FreeRTOS.o
 .comment       0x00000043       0x44 ./Middleware/SEGGER/SEGGER/SEGGER_RTT.o
 .comment       0x00000043       0x44 ./Middleware/SEGGER/SEGGER/SEGGER_SYSVIEW.o

.debug_frame    0x00000000     0x4810
 .debug_frame   0x00000000      0x160 ./Core/Src/main.o
 .debug_frame   0x00000160       0x38 ./Core/Src/stm32f4xx_hal_msp.o
 .debug_frame   0x00000198       0x74 ./Core/Src/stm32f4xx_hal_timebase_tim.o
 .debug_frame   0x0000020c       0xc4 ./Core/Src/stm32f4xx_it.o
 .debug_frame   0x000002d0       0x58 ./Core/Src/system_stm32f4xx.o
 .debug_frame   0x00000328      0x374 ./Drivers/STM32F4xx_HAL_Driver/Src/stm32f4xx_hal.o
 .debug_frame   0x0000069c      0x4fc ./Drivers/STM32F4xx_HAL_Driver/Src/stm32f4xx_hal_cortex.o
 .debug_frame   0x00000b98      0x13c ./Drivers/STM32F4xx_HAL_Driver/Src/stm32f4xx_hal_gpio.o
 .debug_frame   0x00000cd4      0x1f8 ./Drivers/STM32F4xx_HAL_Driver/Src/stm32f4xx_hal_rcc.o
 .debug_frame   0x00000ecc     0x11dc ./Drivers/STM32F4xx_HAL_Driver/Src/stm32f4xx_hal_tim.o
 .debug_frame   0x000020a8      0x620 ./Drivers/STM32F4xx_HAL_Driver/Src/stm32f4xx_hal_tim_ex.o
 .debug_frame   0x000026c8       0xd8 ./Middleware/FreeRTOS/list.o
 .debug_frame   0x000027a0      0x88c ./Middleware/FreeRTOS/tasks.o
 .debug_frame   0x0000302c      0x1a8 ./Middleware/FreeRTOS/portable/GCC/ARM_CM4F/port.o
 .debug_frame   0x000031d4      0x150 ./Middleware/FreeRTOS/portable/MemMang/heap_4.o
 .debug_frame   0x00003324       0x48 ./Middleware/SEGGER/Config/SEGGER_SYSVIEW_Config_FreeRTOS.o
 .debug_frame   0x0000336c      0x104 ./Middleware/SEGGER/FreeRTOSV11/SEGGER_SYSVIEW_FreeRTOS.o
 .debug_frame   0x00003470      0x52c ./Middleware/SEGGER/SEGGER/SEGGER_RTT.o
 .debug_frame   0x0000399c      0xd78 ./Middleware/SEGGER/SEGGER/SEGGER_SYSVIEW.o
 .debug_frame   0x00004714       0x28 /opt/st/stm32cubeide_1.18.0/plugins/com.st.stm32cube.ide.mcu.externaltools.gnu-tools-for-stm32.13.3.rel1.linux64_1.0.0.202410170706/tools/bin/../lib/gcc/arm-none-eabi/13.3.1/../../../../arm-none-eabi/lib/thumb/v7e-m+fp/hard/libc_nano.a(libc_a-memcmp.o)
 .debug_frame   0x0000473c       0x20 /opt/st/stm32cubeide_1.18.0/plugins/com.st.stm32cube.ide.mcu.externaltools.gnu-tools-for-stm32.13.3.rel1.linux64_1.0.0.202410170706/tools/bin/../lib/gcc/arm-none-eabi/13.3.1/../../../../arm-none-eabi/lib/thumb/v7e-m+fp/hard/libc_nano.a(libc_a-memset.o)
 .debug_frame   0x0000475c       0x2c /opt/st/stm32cubeide_1.18.0/plugins/com.st.stm32cube.ide.mcu.externaltools.gnu-tools-for-stm32.13.3.rel1.linux64_1.0.0.202410170706/tools/bin/../lib/gcc/arm-none-eabi/13.3.1/../../../../arm-none-eabi/lib/thumb/v7e-m+fp/hard/libc_nano.a(libc_a-init.o)
 .debug_frame   0x00004788       0x28 /opt/st/stm32cubeide_1.18.0/plugins/com.st.stm32cube.ide.mcu.externaltools.gnu-tools-for-stm32.13.3.rel1.linux64_1.0.0.202410170706/tools/bin/../lib/gcc/arm-none-eabi/13.3.1/../../../../arm-none-eabi/lib/thumb/v7e-m+fp/hard/libc_nano.a(libc_a-memcpy-stub.o)
 .debug_frame   0x000047b0       0x2c /opt/st/stm32cubeide_1.18.0/plugins/com.st.stm32cube.ide.mcu.externaltools.gnu-tools-for-stm32.13.3.rel1.linux64_1.0.0.202410170706/tools/bin/../lib/gcc/arm-none-eabi/13.3.1/thumb/v7e-m+fp/hard/libgcc.a(_aeabi_uldivmod.o)
 .debug_frame   0x000047dc       0x34 /opt/st/stm32cubeide_1.18.0/plugins/com.st.stm32cube.ide.mcu.externaltools.gnu-tools-for-stm32.13.3.rel1.linux64_1.0.0.202410170706/tools/bin/../lib/gcc/arm-none-eabi/13.3.1/thumb/v7e-m+fp/hard/libgcc.a(_udivmoddi4.o)

.debug_line_str
                0x00000000       0xcd
 .debug_line_str
                0x00000000       0xcd ./Core/Startup/startup_stm32f407vgtx.o
                                 0x5e (size before relaxing)
 .debug_line_str
                0x000000cd       0xa5 ./Middleware/SEGGER/SEGGER/SEGGER_RTT_ASM_ARMv7M.o
