Archive member included to satisfy reference by file (symbol)

/opt/st/stm32cubeide_1.18.0/plugins/com.st.stm32cube.ide.mcu.externaltools.gnu-tools-for-stm32.13.3.rel1.linux64_1.0.0.202410170706/tools/bin/../lib/gcc/arm-none-eabi/13.3.1/../../../../arm-none-eabi/lib/thumb/v7e-m+fp/hard/libc_nano.a(libc_a-exit.o)
                              /opt/st/stm32cubeide_1.18.0/plugins/com.st.stm32cube.ide.mcu.externaltools.gnu-tools-for-stm32.13.3.rel1.linux64_1.0.0.202410170706/tools/bin/../lib/gcc/arm-none-eabi/13.3.1/../../../../arm-none-eabi/lib/thumb/v7e-m+fp/hard/crt0.o (exit)
/opt/st/stm32cubeide_1.18.0/plugins/com.st.stm32cube.ide.mcu.externaltools.gnu-tools-for-stm32.13.3.rel1.linux64_1.0.0.202410170706/tools/bin/../lib/gcc/arm-none-eabi/13.3.1/../../../../arm-none-eabi/lib/thumb/v7e-m+fp/hard/libc_nano.a(libc_a-findfp.o)
                              /opt/st/stm32cubeide_1.18.0/plugins/com.st.stm32cube.ide.mcu.externaltools.gnu-tools-for-stm32.13.3.rel1.linux64_1.0.0.202410170706/tools/bin/../lib/gcc/arm-none-eabi/13.3.1/../../../../arm-none-eabi/lib/thumb/v7e-m+fp/hard/libc_nano.a(libc_a-exit.o) (__stdio_exit_handler)
/opt/st/stm32cubeide_1.18.0/plugins/com.st.stm32cube.ide.mcu.externaltools.gnu-tools-for-stm32.13.3.rel1.linux64_1.0.0.202410170706/tools/bin/../lib/gcc/arm-none-eabi/13.3.1/../../../../arm-none-eabi/lib/thumb/v7e-m+fp/hard/libc_nano.a(libc_a-fwalk.o)
                              /opt/st/stm32cubeide_1.18.0/plugins/com.st.stm32cube.ide.mcu.externaltools.gnu-tools-for-stm32.13.3.rel1.linux64_1.0.0.202410170706/tools/bin/../lib/gcc/arm-none-eabi/13.3.1/../../../../arm-none-eabi/lib/thumb/v7e-m+fp/hard/libc_nano.a(libc_a-findfp.o) (_fwalk_sglue)
/opt/st/stm32cubeide_1.18.0/plugins/com.st.stm32cube.ide.mcu.externaltools.gnu-tools-for-stm32.13.3.rel1.linux64_1.0.0.202410170706/tools/bin/../lib/gcc/arm-none-eabi/13.3.1/../../../../arm-none-eabi/lib/thumb/v7e-m+fp/hard/libc_nano.a(libc_a-stdio.o)
                              /opt/st/stm32cubeide_1.18.0/plugins/com.st.stm32cube.ide.mcu.externaltools.gnu-tools-for-stm32.13.3.rel1.linux64_1.0.0.202410170706/tools/bin/../lib/gcc/arm-none-eabi/13.3.1/../../../../arm-none-eabi/lib/thumb/v7e-m+fp/hard/libc_nano.a(libc_a-findfp.o) (__sread)
/opt/st/stm32cubeide_1.18.0/plugins/com.st.stm32cube.ide.mcu.externaltools.gnu-tools-for-stm32.13.3.rel1.linux64_1.0.0.202410170706/tools/bin/../lib/gcc/arm-none-eabi/13.3.1/../../../../arm-none-eabi/lib/thumb/v7e-m+fp/hard/libc_nano.a(libc_a-memcmp.o)
                              ./middleware/ThirdParty/SEGGER/OS/SEGGER_SYSVIEW_FreeRTOS.o (memcmp)
/opt/st/stm32cubeide_1.18.0/plugins/com.st.stm32cube.ide.mcu.externaltools.gnu-tools-for-stm32.13.3.rel1.linux64_1.0.0.202410170706/tools/bin/../lib/gcc/arm-none-eabi/13.3.1/../../../../arm-none-eabi/lib/thumb/v7e-m+fp/hard/libc_nano.a(libc_a-memset.o)
                              /opt/st/stm32cubeide_1.18.0/plugins/com.st.stm32cube.ide.mcu.externaltools.gnu-tools-for-stm32.13.3.rel1.linux64_1.0.0.202410170706/tools/bin/../lib/gcc/arm-none-eabi/13.3.1/../../../../arm-none-eabi/lib/thumb/v7e-m+fp/hard/crt0.o (memset)
/opt/st/stm32cubeide_1.18.0/plugins/com.st.stm32cube.ide.mcu.externaltools.gnu-tools-for-stm32.13.3.rel1.linux64_1.0.0.202410170706/tools/bin/../lib/gcc/arm-none-eabi/13.3.1/../../../../arm-none-eabi/lib/thumb/v7e-m+fp/hard/libc_nano.a(libc_a-closer.o)
                              /opt/st/stm32cubeide_1.18.0/plugins/com.st.stm32cube.ide.mcu.externaltools.gnu-tools-for-stm32.13.3.rel1.linux64_1.0.0.202410170706/tools/bin/../lib/gcc/arm-none-eabi/13.3.1/../../../../arm-none-eabi/lib/thumb/v7e-m+fp/hard/libc_nano.a(libc_a-stdio.o) (_close_r)
/opt/st/stm32cubeide_1.18.0/plugins/com.st.stm32cube.ide.mcu.externaltools.gnu-tools-for-stm32.13.3.rel1.linux64_1.0.0.202410170706/tools/bin/../lib/gcc/arm-none-eabi/13.3.1/../../../../arm-none-eabi/lib/thumb/v7e-m+fp/hard/libc_nano.a(libc_a-reent.o)
                              /opt/st/stm32cubeide_1.18.0/plugins/com.st.stm32cube.ide.mcu.externaltools.gnu-tools-for-stm32.13.3.rel1.linux64_1.0.0.202410170706/tools/bin/../lib/gcc/arm-none-eabi/13.3.1/../../../../arm-none-eabi/lib/thumb/v7e-m+fp/hard/libc_nano.a(libc_a-closer.o) (errno)
/opt/st/stm32cubeide_1.18.0/plugins/com.st.stm32cube.ide.mcu.externaltools.gnu-tools-for-stm32.13.3.rel1.linux64_1.0.0.202410170706/tools/bin/../lib/gcc/arm-none-eabi/13.3.1/../../../../arm-none-eabi/lib/thumb/v7e-m+fp/hard/libc_nano.a(libc_a-impure.o)
                              /opt/st/stm32cubeide_1.18.0/plugins/com.st.stm32cube.ide.mcu.externaltools.gnu-tools-for-stm32.13.3.rel1.linux64_1.0.0.202410170706/tools/bin/../lib/gcc/arm-none-eabi/13.3.1/../../../../arm-none-eabi/lib/thumb/v7e-m+fp/hard/libc_nano.a(libc_a-reent.o) (_impure_ptr)
/opt/st/stm32cubeide_1.18.0/plugins/com.st.stm32cube.ide.mcu.externaltools.gnu-tools-for-stm32.13.3.rel1.linux64_1.0.0.202410170706/tools/bin/../lib/gcc/arm-none-eabi/13.3.1/../../../../arm-none-eabi/lib/thumb/v7e-m+fp/hard/libc_nano.a(libc_a-lseekr.o)
[...]
Memory Configuration

Name             Origin             Length             Attributes
CCMRAM           0x10000000         0x00010000         xrw
RAM              0x20000000         0x00020000         xrw
FLASH            0x08000000         0x00100000         xr
*default*        0x00000000         0xffffffff

Linker script and memory map

LOAD /opt/st/stm32cubeide_1.18.0/plugins/com.st.stm32cube.ide.mcu.externaltools.gnu-tools-for-stm32.13.3.rel1.linux64_1.0.0.202410170706/tools/bin/../lib/gcc/arm-none-eabi/13.3.1/thumb/v7e-m+fp/hard/crti.o
LOAD /opt/st/stm32cubeide_1.18.0/plugins/com.st.stm32cube.ide.mcu.externaltools.gnu-tools-for-stm32.13.3.rel1.linux64_1.0.0.202410170706/tools/bin/../lib/gcc/arm-none-eabi/13.3.1/thumb/v7e-m+fp/hard/crtbegin.o
LOAD /opt/st/stm32cubeide_1.18.0/plugins/com.st.stm32cube.ide.mcu.externaltools.gnu-tools-for-stm32.13.3.rel1.linux64_1.0.0.202410170706/tools/bin/../lib/gcc/arm-none-eabi/13.3.1/../../../../arm-none-eabi/lib/thumb/v7e-m+fp/hard/crt0.o
LOAD ./Core/Src/Disc_F407.o
LOAD ./Core/Src/main.o
LOAD ./Core/Src/stm32f4xx_hal_msp.o
LOAD ./Core/Src/stm32f4xx_hal_timebase_tim.o
LOAD ./Core/Src/stm32f4xx_it.o
LOAD ./Core/Src/syscalls.o
LOAD ./Core/Src/system_stm32f4xx.o
LOAD ./Core/Startup/startup_stm32f407vgtx.o
LOAD ./Drivers/STM32F4xx_HAL_Driver/Src/stm32f4xx_hal.o
LOAD ./Drivers/STM32F4xx_HAL_Driver/Src/stm32f4xx_hal_cortex.o
LOAD ./Drivers/STM32F4xx_HAL_Driver/Src/stm32f4xx_hal_dma.o
LOAD ./Drivers/STM32F4xx_HAL_Driver/Src/stm32f4xx_hal_dma_ex.o
LOAD ./Drivers/STM32F4xx_HAL_Driver/Src/stm32f4xx_hal_exti.o
LOAD ./Drivers/STM32F4xx_HAL_Driver/Src/stm32f4xx_hal_flash.o
LOAD ./Drivers/STM32F4xx_HAL_Driver/Src/stm32f4xx_hal_flash_ex.o
LOAD ./Drivers/STM32F4xx_HAL_Driver/Src/stm32f4xx_hal_flash_ramfunc.o
LOAD ./Drivers/STM32F4xx_HAL_Driver/Src/stm32f4xx_hal_gpio.o
LOAD ./Drivers/STM32F4xx_HAL_Driver/Src/stm32f4xx_hal_pwr.o
LOAD ./Drivers/STM32F4xx_HAL_Driver/Src/stm32f4xx_hal_pwr_ex.o
LOAD ./Drivers/STM32F4xx_HAL_Driver/Src/stm32f4xx_hal_rcc.o
LOAD ./Drivers/STM32F4xx_HAL_Driver/Src/stm32f4xx_hal_rcc_ex.o
LOAD ./Drivers/STM32F4xx_HAL_Driver/Src/stm32f4xx_hal_tim.o
LOAD ./Drivers/STM32F4xx_HAL_Driver/Src/stm32f4xx_hal_tim_ex.o
LOAD ./middleware/ThirdParty/FreeRTOS/croutine.o
LOAD ./middleware/ThirdParty/FreeRTOS/event_groups.o
LOAD ./middleware/ThirdParty/FreeRTOS/list.o
LOAD ./middleware/ThirdParty/FreeRTOS/queue.o
LOAD ./middleware/ThirdParty/FreeRTOS/stream_buffer.o
LOAD ./middleware/ThirdParty/FreeRTOS/tasks.o
LOAD ./middleware/ThirdParty/FreeRTOS/timers.o
LOAD ./middleware/ThirdParty/FreeRTOS/portable/GCC/ARM_CM4F/port.o
LOAD ./middleware/ThirdParty/FreeRTOS/portable/MemMang/heap_4.o
LOAD ./middleware/ThirdParty/SEGGER/Config/SEGGER_SYSVIEW_Config_FreeRTOS.o
LOAD ./middleware/ThirdParty/SEGGER/OS/SEGGER_SYSVIEW_FreeRTOS.o
LOAD ./middleware/ThirdParty/SEGGER/SEGGER/SEGGER_RTT.o
LOAD ./middleware/ThirdParty/SEGGER/SEGGER/SEGGER_RTT_ASM_ARMv7M.o
LOAD ./middleware/ThirdParty/SEGGER/SEGGER/SEGGER_RTT_printf.o
LOAD ./middleware/ThirdParty/SEGGER/SEGGER/SEGGER_SYSVIEW.o
LOAD ./middleware/ThirdParty/SEGGER/SEGGER/Syscalls/SEGGER_RTT_Syscalls_GCC.o
START GROUP
LOAD /opt/st/stm32cubeide_1.18.0/plugins/com.st.stm32cube.ide.mcu.externaltools.gnu-tools-for-stm32.13.3.rel1.linux64_1.0.0.202410170706/tools/bin/../lib/gcc/arm-none-eabi/13.3.1/../../../../arm-none-eabi/lib/thumb/v7e-m+fp/hard/libc_nano.a
LOAD /opt/st/stm32cubeide_1.18.0/plugins/com.st.stm32cube.ide.mcu.externaltools.gnu-tools-for-stm32.13.3.rel1.linux64_1.0.0.202410170706/tools/bin/../lib/gcc/arm-none-eabi/13.3.1/../../../../arm-none-eabi/lib/thumb/v7e-m+fp/hard/libm.a
END GROUP
START GROUP
LOAD /opt/st/stm32cubeide_1.18.0/plugins/com.st.stm32cube.ide.mcu.externaltools.gnu-tools-for-stm32.13.3.rel1.linux64_1.0.0.202410170706/tools/bin/../lib/gcc/arm-none-eabi/13.3.1/thumb/v7e-m+fp/hard/libgcc.a
LOAD /opt/st/stm32cubeide_1.18.0/plugins/com.st.stm32cube.ide.mcu.externaltools.gnu-tools-for-stm32.13.3.rel1.linux64_1.0.0.202410170706/tools/bin/../lib/gcc/arm-none-eabi/13.3.1/../../../../arm-none-eabi/lib/thumb/v7e-m+fp/hard/libc_nano.a
END GROUP
START GROUP
LOAD /opt/st/stm32cubeide_1.18.0/plugins/com.st.stm32cube.ide.mcu.externaltools.gnu-tools-for-stm32.13.3.rel1.linux64_1.0.0.202410170706/tools/bin/../lib/gcc/arm-none-eabi/13.3.1/thumb/v7e-m+fp/hard/libgcc.a
LOAD /opt/st/stm32cubeide_1.18.0/plugins/com.st.stm32cube.ide.mcu.externaltools.gnu-tools-for-stm32.13.3.rel1.linux64_1.0.0.202410170706/tools/bin/../lib/gcc/arm-none-eabi/13.3.1/../../../../arm-none-eabi/lib/thumb/v7e-m+fp/hard/libc_nano.a
LOAD /opt/st/stm32cubeide_1.18.0/plugins/com.st.stm32cube.ide.mcu.externaltools.gnu-tools-for-stm32.13.3.rel1.linux64_1.0.0.202410170706/tools/bin/../lib/gcc/arm-none-eabi/13.3.1/../../../../arm-none-eabi/lib/thumb/v7e-m+fp/hard/libnosys.a
END GROUP
START GROUP
LOAD /opt/st/stm32cubeide_1.18.0/plugins/com.st.stm32cube.ide.mcu.externaltools.gnu-tools-for-stm32.13.3.rel1.linux64_1.0.0.202410170706/tools/bin/../lib/gcc/arm-none-eabi/13.3.1/thumb/v7e-m+fp/hard/libgcc.a
LOAD /opt/st/stm32cubeide_1.18.0/plugins/com.st.stm32cube.ide.mcu.externaltools.gnu-tools-for-stm32.13.3.rel1.linux64_1.0.0.202410170706/tools/bin/../lib/gcc/arm-none-eabi/13.3.1/../../../../arm-none-eabi/lib/thumb/v7e-m+fp/hard/libc_nano.a
LOAD /opt/st/stm32cubeide_1.18.0/plugins/com.st.stm32cube.ide.mcu.externaltools.gnu-tools-for-stm32.13.3.rel1.linux64_1.0.0.202410170706/tools/bin/../lib/gcc/arm-none-eabi/13.3.1/../../../../arm-none-eabi/lib/thumb/v7e-m+fp/hard/libnosys.a
END GROUP
LOAD /opt/st/stm32cubeide_1.18.0/plugins/com.st.stm32cube.ide.mcu.externaltools.gnu-tools-for-stm32.13.3.rel1.linux64_1.0.0.202410170706/tools/bin/../lib/gcc/arm-none-eabi/13.3.1/thumb/v7e-m+fp/hard/crtend.o
LOAD /opt/st/stm32cubeide_1.18.0/plugins/com.st.stm32cube.ide.mcu.externaltools.gnu-tools-for-stm32.13.3.rel1.linux64_1.0.0.202410170706/tools/bin/../lib/gcc/arm-none-eabi/13.3.1/thumb/v7e-m+fp/hard/crtn.o
                0x20020000                        _estack = (ORIGIN (RAM) + LENGTH (RAM))
                0x00000200                        _Min_Heap_Size = 0x200
                0x00000400                        _Min_Stack_Size = 0x400

.isr_vector     0x08000000      0x188
                0x08000000                        . = ALIGN (0x4)
 *(.isr_vector)
 .isr_vector    0x08000000      0x188 ./Core/Startup/startup_stm32f407vgtx.o
                0x08000000                g_pfnVectors
                0x08000188                        . = ALIGN (0x4)

.text           0x08000190     0x6ef4
                0x08000190                        . = ALIGN (0x4)
 *(.text)
 .text          0x08000190       0x40 /opt/st/stm32cubeide_1.18.0/plugins/com.st.stm32cube.ide.mcu.externaltools.gnu-tools-for-stm32.13.3.rel1.linux64_1.0.0.202410170706/tools/bin/../lib/gcc/arm-none-eabi/13.3.1/thumb/v7e-m+fp/hard/crtbegin.o
 .text          0x080001d0       0x94 ./middleware/ThirdParty/SEGGER/SEGGER/SEGGER_RTT_ASM_ARMv7M.o
                0x080001d0                SEGGER_RTT_ASM_WriteSkipNoLock
 .text          0x08000264       0x30 /opt/st/stm32cubeide_1.18.0/plugins/com.st.stm32cube.ide.mcu.externaltools.gnu-tools-for-stm32.13.3.rel1.linux64_1.0.0.202410170706/tools/bin/../lib/gcc/arm-none-eabi/13.3.1/thumb/v7e-m+fp/hard/libgcc.a(_aeabi_uldivmod.o)
                0x08000264                __aeabi_uldivmod
 .text          0x08000294      0x2f8 /opt/st/stm32cubeide_1.18.0/plugins/com.st.stm32cube.ide.mcu.externaltools.gnu-tools-for-stm32.13.3.rel1.linux64_1.0.0.202410170706/tools/bin/../lib/gcc/arm-none-eabi/13.3.1/thumb/v7e-m+fp/hard/libgcc.a(_udivmoddi4.o)
                0x08000294                __udivmoddi4
 .text          0x0800058c        0x4 /opt/st/stm32cubeide_1.18.0/plugins/com.st.stm32cube.ide.mcu.externaltools.gnu-tools-for-stm32.13.3.rel1.linux64_1.0.0.202410170706/tools/bin/../lib/gcc/arm-none-eabi/13.3.1/thumb/v7e-m+fp/hard/libgcc.a(_dvmd_tls.o)
                0x0800058c                __aeabi_ldiv0
                0x0800058c                __aeabi_idiv0
 *(.text*)
 .text.GreenOn  0x08000590       0x18 ./Core/Src/Disc_F407.o
                0x08000590                GreenOn
 .text.GreenOff
                0x080005a8       0x18 ./Core/Src/Disc_F407.o
                0x080005a8                GreenOff
 .text.RedOn    0x080005c0       0x18 ./Core/Src/Disc_F407.o
                0x080005c0                RedOn
 .text.RedOff   0x080005d8       0x18 ./Core/Src/Disc_F407.o
                0x080005d8                RedOff
 .text.BlueOn   0x080005f0       0x18 ./Core/Src/Disc_F407.o
                0x080005f0                BlueOn
 .text.BlueOff  0x08000608       0x18 ./Core/Src/Disc_F407.o
                0x08000608                BlueOff
 .text.main     0x08000620       0x94 ./Core/Src/main.o
                0x08000620                main
 .text.SystemClock_Config
                0x080006b4       0xbc ./Core/Src/main.o
                0x080006b4                SystemClock_Config
 .text.MX_GPIO_Init
                0x08000770       0xa4 ./Core/Src/main.o
 .text.GreenTask
                0x08000814       0x40 ./Core/Src/main.o
                0x08000814                GreenTask
 .text.BlueTask
                0x08000854       0x34 ./Core/Src/main.o
                0x08000854                BlueTask
 .text.RedTask  0x08000888       0x54 ./Core/Src/main.o
                0x08000888                RedTask
 .text.lookBusy
                0x080008dc       0x48 ./Core/Src/main.o
                0x080008dc                lookBusy
 .text.HAL_TIM_PeriodElapsedCallback
                0x08000924       0x24 ./Core/Src/main.o
                0x08000924                HAL_TIM_PeriodElapsedCallback
 .text.Error_Handler
                0x08000948        0xc ./Core/Src/main.o
                0x08000948                Error_Handler
 .text.assert_failed
                0x08000954       0x1c ./Core/Src/main.o
                0x08000954                assert_failed
 .text.HAL_MspInit
                0x08000970       0x50 ./Core/Src/stm32f4xx_hal_msp.o
                0x08000970                HAL_MspInit
 .text.HAL_InitTick
                0x080009c0       0xe4 ./Core/Src/stm32f4xx_hal_timebase_tim.o
                0x080009c0                HAL_InitTick
 .text.NMI_Handler
                0x08000aa4        0x8 ./Core/Src/stm32f4xx_it.o
                0x08000aa4                NMI_Handler
 .text.HardFault_Handler
                0x08000aac        0x8 ./Core/Src/stm32f4xx_it.o
                0x08000aac                HardFault_Handler
 .text.MemManage_Handler
                0x08000ab4        0x8 ./Core/Src/stm32f4xx_it.o
                0x08000ab4                MemManage_Handler
 .text.BusFault_Handler
                0x08000abc        0x8 ./Core/Src/stm32f4xx_it.o
                0x08000abc                BusFault_Handler
 .text.UsageFault_Handler
                0x08000ac4        0x8 ./Core/Src/stm32f4xx_it.o
                0x08000ac4                UsageFault_Handler
 .text.DebugMon_Handler
                0x08000acc        0xe ./Core/Src/stm32f4xx_it.o
                0x08000acc                DebugMon_Handler
 *fill*         0x08000ada        0x2 
 .text.TIM1_UP_TIM10_IRQHandler
                0x08000adc       0x14 ./Core/Src/stm32f4xx_it.o
                0x08000adc                TIM1_UP_TIM10_IRQHandler
 .text.SystemInit
                0x08000af0       0x24 ./Core/Src/system_stm32f4xx.o
                0x08000af0                SystemInit
 .text.Reset_Handler
                0x08000b14       0x50 ./Core/Startup/startup_stm32f407vgtx.o
                0x08000b14                Reset_Handler
 .text.Default_Handler
                0x08000b64        0x2 ./Core/Startup/startup_stm32f407vgtx.o
                0x08000b64                RTC_Alarm_IRQHandler
                0x08000b64                HASH_RNG_IRQHandler
                0x08000b64                EXTI2_IRQHandler
                0x08000b64                TIM8_CC_IRQHandler
                0x08000b64                TIM1_CC_IRQHandler
                0x08000b64                DMA2_Stream5_IRQHandler
                0x08000b64                DMA1_Stream5_IRQHandler
                0x08000b64                PVD_IRQHandler
                0x08000b64                SDIO_IRQHandler
                0x08000b64                TAMP_STAMP_IRQHandler
                0x08000b64                CAN2_RX1_IRQHandler
                0x08000b64                EXTI3_IRQHandler
                0x08000b64                TIM8_TRG_COM_TIM14_IRQHandler
                0x08000b64                TIM8_UP_TIM13_IRQHandler
                0x08000b64                I2C3_ER_IRQHandler
                0x08000b64                EXTI0_IRQHandler
                0x08000b64                I2C2_EV_IRQHandler
                0x08000b64                DMA1_Stream2_IRQHandler
                0x08000b64                CAN1_RX0_IRQHandler
                0x08000b64                FPU_IRQHandler
                0x08000b64                OTG_HS_WKUP_IRQHandler
                0x08000b64                CAN2_SCE_IRQHandler
                0x08000b64                DMA2_Stream2_IRQHandler
                0x08000b64                SPI1_IRQHandler
                0x08000b64                TIM6_DAC_IRQHandler
                0x08000b64                TIM1_BRK_TIM9_IRQHandler
                0x08000b64                DCMI_IRQHandler
                0x08000b64                CAN2_RX0_IRQHandler
                0x08000b64                DMA2_Stream3_IRQHandler
                0x08000b64                USART6_IRQHandler
                0x08000b64                USART3_IRQHandler
                0x08000b64                CAN1_RX1_IRQHandler
                0x08000b64                UART5_IRQHandler
                0x08000b64                DMA2_Stream0_IRQHandler
                0x08000b64                TIM4_IRQHandler
                0x08000b64                I2C1_EV_IRQHandler
                0x08000b64                DMA1_Stream6_IRQHandler
                0x08000b64                DMA1_Stream1_IRQHandler
                0x08000b64                UART4_IRQHandler
                0x08000b64                TIM3_IRQHandler
                0x08000b64                RCC_IRQHandler
                0x08000b64                TIM8_BRK_TIM12_IRQHandler
                0x08000b64                Default_Handler
                0x08000b64                EXTI15_10_IRQHandler
                0x08000b64                ADC_IRQHandler
                0x08000b64                DMA1_Stream7_IRQHandler
                0x08000b64                TIM7_IRQHandler
                0x08000b64                CAN2_TX_IRQHandler
                0x08000b64                TIM5_IRQHandler
                0x08000b64                DMA2_Stream7_IRQHandler
                0x08000b64                I2C3_EV_IRQHandler
                0x08000b64                EXTI9_5_IRQHandler
                0x08000b64                RTC_WKUP_IRQHandler
                0x08000b64                ETH_WKUP_IRQHandler
                0x08000b64                SPI2_IRQHandler
                0x08000b64                OTG_HS_EP1_IN_IRQHandler
                0x08000b64                DMA1_Stream0_IRQHandler
                0x08000b64                CAN1_TX_IRQHandler
                0x08000b64                EXTI4_IRQHandler
                0x08000b64                FSMC_IRQHandler
                0x08000b64                ETH_IRQHandler
                0x08000b64                OTG_HS_EP1_OUT_IRQHandler
                0x08000b64                WWDG_IRQHandler
                0x08000b64                TIM2_IRQHandler
                0x08000b64                OTG_FS_WKUP_IRQHandler
                0x08000b64                TIM1_TRG_COM_TIM11_IRQHandler
                0x08000b64                OTG_HS_IRQHandler
                0x08000b64                EXTI1_IRQHandler
                0x08000b64                USART2_IRQHandler
                0x08000b64                I2C2_ER_IRQHandler
                0x08000b64                DMA2_Stream1_IRQHandler
                0x08000b64                CAN1_SCE_IRQHandler
                0x08000b64                FLASH_IRQHandler
                0x08000b64                DMA2_Stream4_IRQHandler
                0x08000b64                USART1_IRQHandler
                0x08000b64                OTG_FS_IRQHandler
                0x08000b64                SPI3_IRQHandler
                0x08000b64                DMA1_Stream4_IRQHandler
                0x08000b64                I2C1_ER_IRQHandler
                0x08000b64                DMA2_Stream6_IRQHandler
                0x08000b64                DMA1_Stream3_IRQHandler
 *fill*         0x08000b66        0x2 
 .text.HAL_Init
                0x08000b68       0x44 ./Drivers/STM32F4xx_HAL_Driver/Src/stm32f4xx_hal.o
                0x08000b68                HAL_Init
 .text.HAL_IncTick
                0x08000bac       0x28 ./Drivers/STM32F4xx_HAL_Driver/Src/stm32f4xx_hal.o
                0x08000bac                HAL_IncTick
 .text.HAL_GetTick
                0x08000bd4       0x18 ./Drivers/STM32F4xx_HAL_Driver/Src/stm32f4xx_hal.o
                0x08000bd4                HAL_GetTick
 .text.__NVIC_SetPriorityGrouping
                0x08000bec       0x48 ./Drivers/STM32F4xx_HAL_Driver/Src/stm32f4xx_hal_cortex.o
 .text.__NVIC_GetPriorityGrouping
                0x08000c34       0x1c ./Drivers/STM32F4xx_HAL_Driver/Src/stm32f4xx_hal_cortex.o
 .text.__NVIC_EnableIRQ
                0x08000c50       0x3c ./Drivers/STM32F4xx_HAL_Driver/Src/stm32f4xx_hal_cortex.o
 .text.__NVIC_SetPriority
                0x08000c8c       0x54 ./Drivers/STM32F4xx_HAL_Driver/Src/stm32f4xx_hal_cortex.o
 .text.NVIC_EncodePriority
                0x08000ce0       0x66 ./Drivers/STM32F4xx_HAL_Driver/Src/stm32f4xx_hal_cortex.o
 *fill*         0x08000d46        0x2 
 .text.HAL_NVIC_SetPriorityGrouping
                0x08000d48       0x40 ./Drivers/STM32F4xx_HAL_Driver/Src/stm32f4xx_hal_cortex.o
                0x08000d48                HAL_NVIC_SetPriorityGrouping
 .text.HAL_NVIC_SetPriority
                0x08000d88       0x58 ./Drivers/STM32F4xx_HAL_Driver/Src/stm32f4xx_hal_cortex.o
                0x08000d88                HAL_NVIC_SetPriority
 .text.HAL_NVIC_EnableIRQ
                0x08000de0       0x30 ./Drivers/STM32F4xx_HAL_Driver/Src/stm32f4xx_hal_cortex.o
                0x08000de0                HAL_NVIC_EnableIRQ
 .text.HAL_GPIO_Init
                0x08000e10      0x5c0 ./Drivers/STM32F4xx_HAL_Driver/Src/stm32f4xx_hal_gpio.o
                0x08000e10                HAL_GPIO_Init
 .text.HAL_GPIO_WritePin
                0x080013d0       0x58 ./Drivers/STM32F4xx_HAL_Driver/Src/stm32f4xx_hal_gpio.o
                0x080013d0                HAL_GPIO_WritePin
 .text.HAL_RCC_OscConfig
                0x08001428      0x658 ./Drivers/STM32F4xx_HAL_Driver/Src/stm32f4xx_hal_rcc.o
                0x08001428                HAL_RCC_OscConfig
 .text.HAL_RCC_ClockConfig
                0x08001a80      0x31c ./Drivers/STM32F4xx_HAL_Driver/Src/stm32f4xx_hal_rcc.o
                0x08001a80                HAL_RCC_ClockConfig
 .text.HAL_RCC_GetSysClockFreq
                0x08001d9c      0x18c ./Drivers/STM32F4xx_HAL_Driver/Src/stm32f4xx_hal_rcc.o
                0x08001d9c                HAL_RCC_GetSysClockFreq
 .text.HAL_RCC_GetHCLKFreq
                0x08001f28       0x18 ./Drivers/STM32F4xx_HAL_Driver/Src/stm32f4xx_hal_rcc.o
                0x08001f28                HAL_RCC_GetHCLKFreq
 .text.HAL_RCC_GetPCLK2Freq
                0x08001f40       0x28 ./Drivers/STM32F4xx_HAL_Driver/Src/stm32f4xx_hal_rcc.o
                0x08001f40                HAL_RCC_GetPCLK2Freq
 .text.HAL_RCC_GetClockConfig
                0x08001f68       0x64 ./Drivers/STM32F4xx_HAL_Driver/Src/stm32f4xx_hal_rcc.o
                0x08001f68                HAL_RCC_GetClockConfig
 .text.HAL_TIM_Base_Init
                0x08001fcc      0x230 ./Drivers/STM32F4xx_HAL_Driver/Src/stm32f4xx_hal_tim.o
                0x08001fcc                HAL_TIM_Base_Init
 .text.HAL_TIM_Base_MspInit
                0x080021fc       0x14 ./Drivers/STM32F4xx_HAL_Driver/Src/stm32f4xx_hal_tim.o
                0x080021fc                HAL_TIM_Base_MspInit
 .text.HAL_TIM_Base_Start_IT
                0x08002210      0x18c ./Drivers/STM32F4xx_HAL_Driver/Src/stm32f4xx_hal_tim.o
                0x08002210                HAL_TIM_Base_Start_IT
 .text.HAL_TIM_IRQHandler
                0x0800239c      0x1e0 ./Drivers/STM32F4xx_HAL_Driver/Src/stm32f4xx_hal_tim.o
                0x0800239c                HAL_TIM_IRQHandler
 .text.HAL_TIM_OC_DelayElapsedCallback
                0x0800257c       0x14 ./Drivers/STM32F4xx_HAL_Driver/Src/stm32f4xx_hal_tim.o
                0x0800257c                HAL_TIM_OC_DelayElapsedCallback
 .text.HAL_TIM_IC_CaptureCallback
                0x08002590       0x14 ./Drivers/STM32F4xx_HAL_Driver/Src/stm32f4xx_hal_tim.o
                0x08002590                HAL_TIM_IC_CaptureCallback
 .text.HAL_TIM_PWM_PulseFinishedCallback
                0x080025a4       0x14 ./Drivers/STM32F4xx_HAL_Driver/Src/stm32f4xx_hal_tim.o
                0x080025a4                HAL_TIM_PWM_PulseFinishedCallback
 .text.HAL_TIM_TriggerCallback
                0x080025b8       0x14 ./Drivers/STM32F4xx_HAL_Driver/Src/stm32f4xx_hal_tim.o
                0x080025b8                HAL_TIM_TriggerCallback
 .text.TIM_Base_SetConfig
                0x080025cc      0x14c ./Drivers/STM32F4xx_HAL_Driver/Src/stm32f4xx_hal_tim.o
                0x080025cc                TIM_Base_SetConfig
 .text.HAL_TIMEx_CommutCallback
                0x08002718       0x14 ./Drivers/STM32F4xx_HAL_Driver/Src/stm32f4xx_hal_tim_ex.o
                0x08002718                HAL_TIMEx_CommutCallback
 .text.HAL_TIMEx_BreakCallback
                0x0800272c       0x14 ./Drivers/STM32F4xx_HAL_Driver/Src/stm32f4xx_hal_tim_ex.o
                0x0800272c                HAL_TIMEx_BreakCallback
 .text.vListInitialise
                0x08002740       0x40 ./middleware/ThirdParty/FreeRTOS/list.o
                0x08002740                vListInitialise
 .text.vListInitialiseItem
                0x08002780       0x1a ./middleware/ThirdParty/FreeRTOS/list.o
                0x08002780                vListInitialiseItem
 .text.vListInsertEnd
                0x0800279a       0x48 ./middleware/ThirdParty/FreeRTOS/list.o
                0x0800279a                vListInsertEnd
 .text.vListInsert
                0x080027e2       0x72 ./middleware/ThirdParty/FreeRTOS/list.o
                0x080027e2                vListInsert
 .text.uxListRemove
                0x08002854       0x54 ./middleware/ThirdParty/FreeRTOS/list.o
                0x08002854                uxListRemove
 .text.xQueueGenericReset
                0x080028a8       0xd4 ./middleware/ThirdParty/FreeRTOS/queue.o
                0x080028a8                xQueueGenericReset
 .text.xQueueGenericCreate
                0x0800297c       0xc4 ./middleware/ThirdParty/FreeRTOS/queue.o
                0x0800297c                xQueueGenericCreate
 .text.prvInitialiseNewQueue
                0x08002a40       0x52 ./middleware/ThirdParty/FreeRTOS/queue.o
 *fill*         0x08002a92        0x2 
 .text.xQueueGenericSend
                0x08002a94      0x254 ./middleware/ThirdParty/FreeRTOS/queue.o
                0x08002a94                xQueueGenericSend
 .text.xQueueGenericSendFromISR
                0x08002ce8      0x184 ./middleware/ThirdParty/FreeRTOS/queue.o
                0x08002ce8                xQueueGenericSendFromISR
 .text.xQueueReceive
                0x08002e6c      0x228 ./middleware/ThirdParty/FreeRTOS/queue.o
                0x08002e6c                xQueueReceive
 .text.prvCopyDataToQueue
                0x08003094       0xd4 ./middleware/ThirdParty/FreeRTOS/queue.o
 .text.prvCopyDataFromQueue
                0x08003168       0x4c ./middleware/ThirdParty/FreeRTOS/queue.o
 .text.prvUnlockQueue
                0x080031b4       0xa4 ./middleware/ThirdParty/FreeRTOS/queue.o
 .text.prvIsQueueEmpty
                0x08003258       0x2c ./middleware/ThirdParty/FreeRTOS/queue.o
 .text.prvIsQueueFull
                0x08003284       0x30 ./middleware/ThirdParty/FreeRTOS/queue.o
 .text.vQueueAddToRegistry
                0x080032b4       0x64 ./middleware/ThirdParty/FreeRTOS/queue.o
                0x080032b4                vQueueAddToRegistry
 .text.vQueueWaitForMessageRestricted
                0x08003318       0x68 ./middleware/ThirdParty/FreeRTOS/queue.o
                0x08003318                vQueueWaitForMessageRestricted
 .text.xTaskCreate
                0x08003380       0x82 ./middleware/ThirdParty/FreeRTOS/tasks.o
                0x08003380                xTaskCreate
 .text.prvInitialiseNewTask
                0x08003402      0x12e ./middleware/ThirdParty/FreeRTOS/tasks.o
 .text.prvAddNewTaskToReadyList
                0x08003530      0x118 ./middleware/ThirdParty/FreeRTOS/tasks.o
 .text.vTaskDelete
                0x08003648      0x154 ./middleware/ThirdParty/FreeRTOS/tasks.o
                0x08003648                vTaskDelete
 .text.vTaskDelay
                0x0800379c       0x74 ./middleware/ThirdParty/FreeRTOS/tasks.o
                0x0800379c                vTaskDelay
 .text.vTaskStartScheduler
                0x08003810       0xc4 ./middleware/ThirdParty/FreeRTOS/tasks.o
                0x08003810                vTaskStartScheduler
 .text.vTaskSuspendAll
                0x080038d4       0x1c ./middleware/ThirdParty/FreeRTOS/tasks.o
                0x080038d4                vTaskSuspendAll
 .text.xTaskResumeAll
                0x080038f0      0x144 ./middleware/ThirdParty/FreeRTOS/tasks.o
                0x080038f0                xTaskResumeAll
 .text.xTaskGetTickCount
                0x08003a34       0x20 ./middleware/ThirdParty/FreeRTOS/tasks.o
                0x08003a34                xTaskGetTickCount
 .text.xTaskGetTickCountFromISR
                0x08003a54       0x24 ./middleware/ThirdParty/FreeRTOS/tasks.o
                0x08003a54                xTaskGetTickCountFromISR
 .text.xTaskIncrementTick
                0x08003a78      0x17c ./middleware/ThirdParty/FreeRTOS/tasks.o
                0x08003a78                xTaskIncrementTick
 .text.vTaskSwitchContext
                0x08003bf4       0xd4 ./middleware/ThirdParty/FreeRTOS/tasks.o
                0x08003bf4                vTaskSwitchContext
 .text.vTaskPlaceOnEventList
                0x08003cc8       0x4c ./middleware/ThirdParty/FreeRTOS/tasks.o
                0x08003cc8                vTaskPlaceOnEventList
 .text.vTaskPlaceOnEventListRestricted
                0x08003d14       0x60 ./middleware/ThirdParty/FreeRTOS/tasks.o
                0x08003d14                vTaskPlaceOnEventListRestricted
 .text.xTaskRemoveFromEventList
                0x08003d74       0xd0 ./middleware/ThirdParty/FreeRTOS/tasks.o
                0x08003d74                xTaskRemoveFromEventList
 .text.vTaskInternalSetTimeOutState
                0x08003e44       0x2c ./middleware/ThirdParty/FreeRTOS/tasks.o
                0x08003e44                vTaskInternalSetTimeOutState
 .text.xTaskCheckForTimeOut
                0x08003e70       0xd0 ./middleware/ThirdParty/FreeRTOS/tasks.o
                0x08003e70                xTaskCheckForTimeOut
 .text.vTaskMissedYield
                0x08003f40       0x18 ./middleware/ThirdParty/FreeRTOS/tasks.o
                0x08003f40                vTaskMissedYield
 .text.prvIdleTask
                0x08003f58       0x30 ./middleware/ThirdParty/FreeRTOS/tasks.o
 .text.prvInitialiseTaskLists
                0x08003f88       0x80 ./middleware/ThirdParty/FreeRTOS/tasks.o
 .text.prvCheckTasksWaitingTermination
                0x08004008       0x5c ./middleware/ThirdParty/FreeRTOS/tasks.o
 .text.prvDeleteTCB
                0x08004064       0x20 ./middleware/ThirdParty/FreeRTOS/tasks.o
 .text.prvResetNextTaskUnblockTime
                0x08004084       0x38 ./middleware/ThirdParty/FreeRTOS/tasks.o
 .text.xTaskGetSchedulerState
                0x080040bc       0x3c ./middleware/ThirdParty/FreeRTOS/tasks.o
                0x080040bc                xTaskGetSchedulerState
 .text.xTaskPriorityDisinherit
                0x080040f8      0x104 ./middleware/ThirdParty/FreeRTOS/tasks.o
                0x080040f8                xTaskPriorityDisinherit
 .text.prvAddCurrentTaskToDelayedList
                0x080041fc       0xf0 ./middleware/ThirdParty/FreeRTOS/tasks.o
 .text.xTimerCreateTimerTask
                0x080042ec       0x68 ./middleware/ThirdParty/FreeRTOS/timers.o
                0x080042ec                xTimerCreateTimerTask
 .text.xTimerGenericCommand
                0x08004354       0x9c ./middleware/ThirdParty/FreeRTOS/timers.o
                0x08004354                xTimerGenericCommand
 .text.prvProcessExpiredTimer
                0x080043f0       0x9c ./middleware/ThirdParty/FreeRTOS/timers.o
 .text.prvTimerTask
                0x0800448c       0x26 ./middleware/ThirdParty/FreeRTOS/timers.o
 *fill*         0x080044b2        0x2 
 .text.prvProcessTimerOrBlockTask
                0x080044b4       0x9c ./middleware/ThirdParty/FreeRTOS/timers.o
 .text.prvGetNextExpireTime
                0x08004550       0x48 ./middleware/ThirdParty/FreeRTOS/timers.o
 .text.prvSampleTimeNow
                0x08004598       0x40 ./middleware/ThirdParty/FreeRTOS/timers.o
 .text.prvInsertTimerInActiveList
                0x080045d8       0x84 ./middleware/ThirdParty/FreeRTOS/timers.o
 .text.prvProcessReceivedCommands
                0x0800465c      0x194 ./middleware/ThirdParty/FreeRTOS/timers.o
 .text.prvSwitchTimerLists
                0x080047f0       0xcc ./middleware/ThirdParty/FreeRTOS/timers.o
 .text.prvCheckForValidListAndQueue
                0x080048bc       0x6c ./middleware/ThirdParty/FreeRTOS/timers.o
 .text.pxPortInitialiseStack
                0x08004928       0x68 ./middleware/ThirdParty/FreeRTOS/portable/GCC/ARM_CM4F/port.o
                0x08004928                pxPortInitialiseStack
 .text.prvTaskExitError
                0x08004990       0x5c ./middleware/ThirdParty/FreeRTOS/portable/GCC/ARM_CM4F/port.o
 *fill*         0x080049ec        0x4 
 .text.SVC_Handler
                0x080049f0       0x28 ./middleware/ThirdParty/FreeRTOS/portable/GCC/ARM_CM4F/port.o
                0x080049f0                SVC_Handler
 .text.prvPortStartFirstTask
                0x08004a18       0x2c ./middleware/ThirdParty/FreeRTOS/portable/GCC/ARM_CM4F/port.o
 .text.xPortStartScheduler
                0x08004a44      0x148 ./middleware/ThirdParty/FreeRTOS/portable/GCC/ARM_CM4F/port.o
                0x08004a44                xPortStartScheduler
 .text.vPortEnterCritical
                0x08004b8c       0x64 ./middleware/ThirdParty/FreeRTOS/portable/GCC/ARM_CM4F/port.o
                0x08004b8c                vPortEnterCritical
 .text.vPortExitCritical
                0x08004bf0       0x54 ./middleware/ThirdParty/FreeRTOS/portable/GCC/ARM_CM4F/port.o
                0x08004bf0                vPortExitCritical
 *fill*         0x08004c44        0xc 
 .text.PendSV_Handler
                0x08004c50       0x68 ./middleware/ThirdParty/FreeRTOS/portable/GCC/ARM_CM4F/port.o
                0x08004c50                PendSV_Handler
 .text.SysTick_Handler
                0x08004cb8       0x54 ./middleware/ThirdParty/FreeRTOS/portable/GCC/ARM_CM4F/port.o
                0x08004cb8                SysTick_Handler
 .text.vPortSetupTimerInterrupt
                0x08004d0c       0x48 ./middleware/ThirdParty/FreeRTOS/portable/GCC/ARM_CM4F/port.o
                0x08004d0c                vPortSetupTimerInterrupt
 .text.vPortEnableVFP
                0x08004d54       0x18 ./middleware/ThirdParty/FreeRTOS/portable/GCC/ARM_CM4F/port.o
 .text.vPortValidateInterruptPriority
                0x08004d6c       0x84 ./middleware/ThirdParty/FreeRTOS/portable/GCC/ARM_CM4F/port.o
                0x08004d6c                vPortValidateInterruptPriority
 .text.pvPortMalloc
                0x08004df0      0x1c4 ./middleware/ThirdParty/FreeRTOS/portable/MemMang/heap_4.o
                0x08004df0                pvPortMalloc
 .text.vPortFree
                0x08004fb4       0xc8 ./middleware/ThirdParty/FreeRTOS/portable/MemMang/heap_4.o
                0x08004fb4                vPortFree
 .text.prvHeapInit
                0x0800507c       0xc4 ./middleware/ThirdParty/FreeRTOS/portable/MemMang/heap_4.o
 .text.prvInsertBlockIntoFreeList
                0x08005140       0xb4 ./middleware/ThirdParty/FreeRTOS/portable/MemMang/heap_4.o
 .text._cbSendSystemDesc
                0x080051f4       0x1c ./middleware/ThirdParty/SEGGER/Config/SEGGER_SYSVIEW_Config_FreeRTOS.o
 .text.SEGGER_SYSVIEW_Conf
                0x08005210       0x2c ./middleware/ThirdParty/SEGGER/Config/SEGGER_SYSVIEW_Config_FreeRTOS.o
                0x08005210                SEGGER_SYSVIEW_Conf
 .text._cbSendTaskList
                0x0800523c       0x90 ./middleware/ThirdParty/SEGGER/OS/SEGGER_SYSVIEW_FreeRTOS.o
 .text._cbGetTime
                0x080052cc       0x86 ./middleware/ThirdParty/SEGGER/OS/SEGGER_SYSVIEW_FreeRTOS.o
 *fill*         0x08005352        0x2 
 .text.SYSVIEW_AddTask
                0x08005354       0xd0 ./middleware/ThirdParty/SEGGER/OS/SEGGER_SYSVIEW_FreeRTOS.o
                0x08005354                SYSVIEW_AddTask
 .text.SYSVIEW_DeleteTask
                0x08005424      0x178 ./middleware/ThirdParty/SEGGER/OS/SEGGER_SYSVIEW_FreeRTOS.o
                0x08005424                SYSVIEW_DeleteTask
 .text.SYSVIEW_SendTaskInfo
                0x0800559c       0x42 ./middleware/ThirdParty/SEGGER/OS/SEGGER_SYSVIEW_FreeRTOS.o
                0x0800559c                SYSVIEW_SendTaskInfo
 *fill*         0x080055de        0x2 
 .text._DoInit  0x080055e0       0xb4 ./middleware/ThirdParty/SEGGER/SEGGER/SEGGER_RTT.o
 .text.SEGGER_RTT_ReadNoLock
                0x08005694      0x10c ./middleware/ThirdParty/SEGGER/SEGGER/SEGGER_RTT.o
                0x08005694                SEGGER_RTT_ReadNoLock
 .text.SEGGER_RTT_AllocUpBuffer
                0x080057a0      0x108 ./middleware/ThirdParty/SEGGER/SEGGER/SEGGER_RTT.o
                0x080057a0                SEGGER_RTT_AllocUpBuffer
 .text.SEGGER_RTT_ConfigDownBuffer
                0x080058a8       0x98 ./middleware/ThirdParty/SEGGER/SEGGER/SEGGER_RTT.o
                0x080058a8                SEGGER_RTT_ConfigDownBuffer
 .text._EncodeStr
                0x08005940       0x72 ./middleware/ThirdParty/SEGGER/SEGGER/SEGGER_SYSVIEW.o
 .text._PreparePacket
                0x080059b2       0x18 ./middleware/ThirdParty/SEGGER/SEGGER/SEGGER_SYSVIEW.o
 *fill*         0x080059ca        0x2 
 .text._HandleIncomingPacket
                0x080059cc       0xdc ./middleware/ThirdParty/SEGGER/SEGGER/SEGGER_SYSVIEW.o
 .text._TrySendOverflowPacket
                0x08005aa8       0xe4 ./middleware/ThirdParty/SEGGER/SEGGER/SEGGER_SYSVIEW.o
 .text._SendPacket
                0x08005b8c      0x2dc ./middleware/ThirdParty/SEGGER/SEGGER/SEGGER_SYSVIEW.o
 .text._VPrintHost
                0x08005e68      0x17c ./middleware/ThirdParty/SEGGER/SEGGER/SEGGER_SYSVIEW.o
 .text.SEGGER_SYSVIEW_Init
                0x08005fe4       0x88 ./middleware/ThirdParty/SEGGER/SEGGER/SEGGER_SYSVIEW.o
                0x08005fe4                SEGGER_SYSVIEW_Init
 .text.SEGGER_SYSVIEW_SetRAMBase
                0x0800606c       0x20 ./middleware/ThirdParty/SEGGER/SEGGER/SEGGER_SYSVIEW.o
                0x0800606c                SEGGER_SYSVIEW_SetRAMBase
 .text.SEGGER_SYSVIEW_RecordVoid
                0x0800608c       0x3c ./middleware/ThirdParty/SEGGER/SEGGER/SEGGER_SYSVIEW.o
                0x0800608c                SEGGER_SYSVIEW_RecordVoid
 .text.SEGGER_SYSVIEW_RecordU32
                0x080060c8       0x78 ./middleware/ThirdParty/SEGGER/SEGGER/SEGGER_SYSVIEW.o
                0x080060c8                SEGGER_SYSVIEW_RecordU32
 .text.SEGGER_SYSVIEW_RecordU32x2
                0x08006140       0xb4 ./middleware/ThirdParty/SEGGER/SEGGER/SEGGER_SYSVIEW.o
                0x08006140                SEGGER_SYSVIEW_RecordU32x2
 .text.SEGGER_SYSVIEW_RecordU32x3
                0x080061f4       0xec ./middleware/ThirdParty/SEGGER/SEGGER/SEGGER_SYSVIEW.o
                0x080061f4                SEGGER_SYSVIEW_RecordU32x3
 .text.SEGGER_SYSVIEW_RecordU32x4
                0x080062e0      0x124 ./middleware/ThirdParty/SEGGER/SEGGER/SEGGER_SYSVIEW.o
                0x080062e0                SEGGER_SYSVIEW_RecordU32x4
 .text.SEGGER_SYSVIEW_Start
                0x08006404      0x174 ./middleware/ThirdParty/SEGGER/SEGGER/SEGGER_SYSVIEW.o
                0x08006404                SEGGER_SYSVIEW_Start
 .text.SEGGER_SYSVIEW_Stop
                0x08006578       0x4c ./middleware/ThirdParty/SEGGER/SEGGER/SEGGER_SYSVIEW.o
                0x08006578                SEGGER_SYSVIEW_Stop
 .text.SEGGER_SYSVIEW_GetSysDesc
                0x080065c4      0x134 ./middleware/ThirdParty/SEGGER/SEGGER/SEGGER_SYSVIEW.o
                0x080065c4                SEGGER_SYSVIEW_GetSysDesc
 .text.SEGGER_SYSVIEW_SendTaskInfo
                0x080066f8      0x1c8 ./middleware/ThirdParty/SEGGER/SEGGER/SEGGER_SYSVIEW.o
                0x080066f8                SEGGER_SYSVIEW_SendTaskInfo
 .text.SEGGER_SYSVIEW_SendTaskList
                0x080068c0       0x28 ./middleware/ThirdParty/SEGGER/SEGGER/SEGGER_SYSVIEW.o
                0x080068c0                SEGGER_SYSVIEW_SendTaskList
 .text.SEGGER_SYSVIEW_SendSysDesc
                0x080068e8       0x48 ./middleware/ThirdParty/SEGGER/SEGGER/SEGGER_SYSVIEW.o
                0x080068e8                SEGGER_SYSVIEW_SendSysDesc
 .text.SEGGER_SYSVIEW_RecordSystime
                0x08006930       0x64 ./middleware/ThirdParty/SEGGER/SEGGER/SEGGER_SYSVIEW.o
                0x08006930                SEGGER_SYSVIEW_RecordSystime
 .text.SEGGER_SYSVIEW_RecordEnterISR
                0x08006994       0x84 ./middleware/ThirdParty/SEGGER/SEGGER/SEGGER_SYSVIEW.o
                0x08006994                SEGGER_SYSVIEW_RecordEnterISR
 .text.SEGGER_SYSVIEW_RecordExitISR
                0x08006a18       0x38 ./middleware/ThirdParty/SEGGER/SEGGER/SEGGER_SYSVIEW.o
                0x08006a18                SEGGER_SYSVIEW_RecordExitISR
 .text.SEGGER_SYSVIEW_RecordExitISRToScheduler
                0x08006a50       0x38 ./middleware/ThirdParty/SEGGER/SEGGER/SEGGER_SYSVIEW.o
                0x08006a50                SEGGER_SYSVIEW_RecordExitISRToScheduler
 .text.SEGGER_SYSVIEW_OnIdle
                0x08006a88       0x38 ./middleware/ThirdParty/SEGGER/SEGGER/SEGGER_SYSVIEW.o
                0x08006a88                SEGGER_SYSVIEW_OnIdle
 .text.SEGGER_SYSVIEW_OnTaskCreate
                0x08006ac0       0x84 ./middleware/ThirdParty/SEGGER/SEGGER/SEGGER_SYSVIEW.o
                0x08006ac0                SEGGER_SYSVIEW_OnTaskCreate
 .text.SEGGER_SYSVIEW_OnTaskStartExec
                0x08006b44       0x84 ./middleware/ThirdParty/SEGGER/SEGGER/SEGGER_SYSVIEW.o
                0x08006b44                SEGGER_SYSVIEW_OnTaskStartExec
 .text.SEGGER_SYSVIEW_OnTaskStartReady
                0x08006bc8       0x84 ./middleware/ThirdParty/SEGGER/SEGGER/SEGGER_SYSVIEW.o
                0x08006bc8                SEGGER_SYSVIEW_OnTaskStartReady
 .text.SEGGER_SYSVIEW_OnTaskStopReady
                0x08006c4c       0xc0 ./middleware/ThirdParty/SEGGER/SEGGER/SEGGER_SYSVIEW.o
                0x08006c4c                SEGGER_SYSVIEW_OnTaskStopReady
 .text.SEGGER_SYSVIEW_ShrinkId
                0x08006d0c       0x20 ./middleware/ThirdParty/SEGGER/SEGGER/SEGGER_SYSVIEW.o
                0x08006d0c                SEGGER_SYSVIEW_ShrinkId
 .text.SEGGER_SYSVIEW_SendModule
                0x08006d2c      0x114 ./middleware/ThirdParty/SEGGER/SEGGER/SEGGER_SYSVIEW.o
                0x08006d2c                SEGGER_SYSVIEW_SendModule
 .text.SEGGER_SYSVIEW_SendModuleDescription
                0x08006e40       0x3c ./middleware/ThirdParty/SEGGER/SEGGER/SEGGER_SYSVIEW.o
                0x08006e40                SEGGER_SYSVIEW_SendModuleDescription
 .text.SEGGER_SYSVIEW_SendNumModules
                0x08006e7c       0x7c ./middleware/ThirdParty/SEGGER/SEGGER/SEGGER_SYSVIEW.o
                0x08006e7c                SEGGER_SYSVIEW_SendNumModules
 .text.SEGGER_SYSVIEW_PrintfHost
                0x08006ef8       0x28 ./middleware/ThirdParty/SEGGER/SEGGER/SEGGER_SYSVIEW.o
                0x08006ef8                SEGGER_SYSVIEW_PrintfHost
 .text.SEGGER_SYSVIEW_Warn
                0x08006f20       0xb8 ./middleware/ThirdParty/SEGGER/SEGGER/SEGGER_SYSVIEW.o
                0x08006f20                SEGGER_SYSVIEW_Warn
 .text.memcmp   0x08006fd8       0x20 /opt/st/stm32cubeide_1.18.0/plugins/com.st.stm32cube.ide.mcu.externaltools.gnu-tools-for-stm32.13.3.rel1.linux64_1.0.0.202410170706/tools/bin/../lib/gcc/arm-none-eabi/13.3.1/../../../../arm-none-eabi/lib/thumb/v7e-m+fp/hard/libc_nano.a(libc_a-memcmp.o)
                0x08006fd8                memcmp
 .text.memset   0x08006ff8       0x10 /opt/st/stm32cubeide_1.18.0/plugins/com.st.stm32cube.ide.mcu.externaltools.gnu-tools-for-stm32.13.3.rel1.linux64_1.0.0.202410170706/tools/bin/../lib/gcc/arm-none-eabi/13.3.1/../../../../arm-none-eabi/lib/thumb/v7e-m+fp/hard/libc_nano.a(libc_a-memset.o)
                0x08006ff8                memset
 .text.__libc_init_array
                0x08007008       0x48 /opt/st/stm32cubeide_1.18.0/plugins/com.st.stm32cube.ide.mcu.externaltools.gnu-tools-for-stm32.13.3.rel1.linux64_1.0.0.202410170706/tools/bin/../lib/gcc/arm-none-eabi/13.3.1/../../../../arm-none-eabi/lib/thumb/v7e-m+fp/hard/libc_nano.a(libc_a-init.o)
                0x08007008                __libc_init_array
 .text.memcpy   0x08007050       0x1c /opt/st/stm32cubeide_1.18.0/plugins/com.st.stm32cube.ide.mcu.externaltools.gnu-tools-for-stm32.13.3.rel1.linux64_1.0.0.202410170706/tools/bin/../lib/gcc/arm-none-eabi/13.3.1/../../../../arm-none-eabi/lib/thumb/v7e-m+fp/hard/libc_nano.a(libc_a-memcpy-stub.o)
                0x08007050                memcpy
 *(.glue_7)
 .glue_7        0x0800706c        0x0 linker stubs
 *(.glue_7t)
 .glue_7t       0x0800706c        0x0 linker stubs
 *(.eh_frame)
 .eh_frame      0x0800706c        0x0 /opt/st/stm32cubeide_1.18.0/plugins/com.st.stm32cube.ide.mcu.externaltools.gnu-tools-for-stm32.13.3.rel1.linux64_1.0.0.202410170706/tools/bin/../lib/gcc/arm-none-eabi/13.3.1/thumb/v7e-m+fp/hard/crtbegin.o
 *(.init)
 .init          0x0800706c        0x4 /opt/st/stm32cubeide_1.18.0/plugins/com.st.stm32cube.ide.mcu.externaltools.gnu-tools-for-stm32.13.3.rel1.linux64_1.0.0.202410170706/tools/bin/../lib/gcc/arm-none-eabi/13.3.1/thumb/v7e-m+fp/hard/crti.o
                0x0800706c                _init
 .init          0x08007070        0x8 /opt/st/stm32cubeide_1.18.0/plugins/com.st.stm32cube.ide.mcu.externaltools.gnu-tools-for-stm32.13.3.rel1.linux64_1.0.0.202410170706/tools/bin/../lib/gcc/arm-none-eabi/13.3.1/thumb/v7e-m+fp/hard/crtn.o
 *(.fini)
 .fini          0x08007078        0x4 /opt/st/stm32cubeide_1.18.0/plugins/com.st.stm32cube.ide.mcu.externaltools.gnu-tools-for-stm32.13.3.rel1.linux64_1.0.0.202410170706/tools/bin/../lib/gcc/arm-none-eabi/13.3.1/thumb/v7e-m+fp/hard/crti.o
                0x08007078                _fini
 .fini          0x0800707c        0x8 /opt/st/stm32cubeide_1.18.0/plugins/com.st.stm32cube.ide.mcu.externaltools.gnu-tools-for-stm32.13.3.rel1.linux64_1.0.0.202410170706/tools/bin/../lib/gcc/arm-none-eabi/13.3.1/thumb/v7e-m+fp/hard/crtn.o
                0x08007084                        . = ALIGN (0x4)
                0x08007084                        _etext = .

.vfp11_veneer   0x08007084        0x0
 .vfp11_veneer  0x08007084        0x0 linker stubs

.v4_bx          0x08007084        0x0
 .v4_bx         0x08007084        0x0 linker stubs

.iplt           0x08007084        0x0
 .iplt          0x08007084        0x0 /opt/st/stm32cubeide_1.18.0/plugins/com.st.stm32cube.ide.mcu.externaltools.gnu-tools-for-stm32.13.3.rel1.linux64_1.0.0.202410170706/tools/bin/../lib/gcc/arm-none-eabi/13.3.1/thumb/v7e-m+fp/hard/crtbegin.o

.rodata         0x08007084      0x2c8
                0x08007084                        . = ALIGN (0x4)
 *(.rodata)
 .rodata        0x08007084       0xba ./Core/Src/main.o
 *fill*         0x0800713e        0x2 
 .rodata        0x08007140       0x3b ./Drivers/STM32F4xx_HAL_Driver/Src/stm32f4xx_hal_cortex.o
 *fill*         0x0800717b        0x1 
 .rodata        0x0800717c       0x39 ./Drivers/STM32F4xx_HAL_Driver/Src/stm32f4xx_hal_gpio.o
 *fill*         0x080071b5        0x3 
 .rodata        0x080071b8       0x38 ./Drivers/STM32F4xx_HAL_Driver/Src/stm32f4xx_hal_rcc.o
 .rodata        0x080071f0       0x38 ./Drivers/STM32F4xx_HAL_Driver/Src/stm32f4xx_hal_tim.o
 .rodata        0x08007228        0x5 ./middleware/ThirdParty/FreeRTOS/tasks.o
 *fill*         0x0800722d        0x3 
 .rodata        0x08007230        0xd ./middleware/ThirdParty/FreeRTOS/timers.o
 *fill*         0x0800723d        0x3 
 .rodata        0x08007240       0x51 ./middleware/ThirdParty/SEGGER/Config/SEGGER_SYSVIEW_Config_FreeRTOS.o
 *fill*         0x08007291        0x3 
 .rodata        0x08007294       0x58 ./middleware/ThirdParty/SEGGER/OS/SEGGER_SYSVIEW_FreeRTOS.o
 .rodata        0x080072ec        0x9 ./middleware/ThirdParty/SEGGER/SEGGER/SEGGER_RTT.o
 *fill*         0x080072f5        0x3 
 .rodata        0x080072f8       0x10 ./middleware/ThirdParty/SEGGER/SEGGER/SEGGER_SYSVIEW.o
 *(.rodata*)
 .rodata.AHBPrescTable
                0x08007308       0x10 ./Core/Src/system_stm32f4xx.o
                0x08007308                AHBPrescTable
 .rodata.APBPrescTable
                0x08007318        0x8 ./Core/Src/system_stm32f4xx.o
                0x08007318                APBPrescTable
 .rodata.uxTopUsedPriority
                0x08007320        0x4 ./middleware/ThirdParty/FreeRTOS/tasks.o
                0x08007320                uxTopUsedPriority
 .rodata.SYSVIEW_X_OS_TraceAPI
                0x08007324        0x8 ./middleware/ThirdParty/SEGGER/OS/SEGGER_SYSVIEW_FreeRTOS.o
                0x08007324                SYSVIEW_X_OS_TraceAPI
 .rodata._aInitStr.0
                0x0800732c       0x11 ./middleware/ThirdParty/SEGGER/SEGGER/SEGGER_RTT.o
 *fill*         0x0800733d        0x3 
 .rodata._abSync
                0x08007340        0xa ./middleware/ThirdParty/SEGGER/SEGGER/SEGGER_SYSVIEW.o
                0x0800734c                        . = ALIGN (0x4)
 *fill*         0x0800734a        0x2 

.ARM.extab      0x0800734c        0x0
                0x0800734c                        . = ALIGN (0x4)
 *(.ARM.extab* .gnu.linkonce.armextab.*)
                0x0800734c                        . = ALIGN (0x4)

.ARM            0x0800734c        0x8
                0x0800734c                        . = ALIGN (0x4)
                0x0800734c                        __exidx_start = .
 *(.ARM.exidx*)
 .ARM.exidx     0x0800734c        0x8 /opt/st/stm32cubeide_1.18.0/plugins/com.st.stm32cube.ide.mcu.externaltools.gnu-tools-for-stm32.13.3.rel1.linux64_1.0.0.202410170706/tools/bin/../lib/gcc/arm-none-eabi/13.3.1/thumb/v7e-m+fp/hard/libgcc.a(_udivmoddi4.o)
                0x08007354                        __exidx_end = .
                0x08007354                        . = ALIGN (0x4)

.preinit_array  0x08007354        0x0
                0x08007354                        . = ALIGN (0x4)
                0x08007354                        PROVIDE (__preinit_array_start = .)
 *(.preinit_array*)
                0x08007354                        PROVIDE (__preinit_array_end = .)
                0x08007354                        . = ALIGN (0x4)

.init_array     0x08007354        0x4
                0x08007354                        . = ALIGN (0x4)
                0x08007354                        PROVIDE (__init_array_start = .)
 *(SORT_BY_NAME(.init_array.*))
 *(.init_array*)
 .init_array    0x08007354        0x4 /opt/st/stm32cubeide_1.18.0/plugins/com.st.stm32cube.ide.mcu.externaltools.gnu-tools-for-stm32.13.3.rel1.linux64_1.0.0.202410170706/tools/bin/../lib/gcc/arm-none-eabi/13.3.1/thumb/v7e-m+fp/hard/crtbegin.o
                0x08007358                        PROVIDE (__init_array_end = .)
                0x08007358                        . = ALIGN (0x4)

.fini_array     0x08007358        0x4
                0x08007358                        . = ALIGN (0x4)
                [!provide]                        PROVIDE (__fini_array_start = .)
 *(SORT_BY_NAME(.fini_array.*))
 *(.fini_array*)
 .fini_array    0x08007358        0x4 /opt/st/stm32cubeide_1.18.0/plugins/com.st.stm32cube.ide.mcu.externaltools.gnu-tools-for-stm32.13.3.rel1.linux64_1.0.0.202410170706/tools/bin/../lib/gcc/arm-none-eabi/13.3.1/thumb/v7e-m+fp/hard/crtbegin.o
                [!provide]                        PROVIDE (__fini_array_end = .)
                0x0800735c                        . = ALIGN (0x4)
                0x0800735c                        _sidata = LOADADDR (.data)

.rel.dyn        0x0800735c        0x0
 .rel.iplt      0x0800735c        0x0 /opt/st/stm32cubeide_1.18.0/plugins/com.st.stm32cube.ide.mcu.externaltools.gnu-tools-for-stm32.13.3.rel1.linux64_1.0.0.202410170706/tools/bin/../lib/gcc/arm-none-eabi/13.3.1/thumb/v7e-m+fp/hard/crtbegin.o

.data           0x20000000       0x28 load address 0x0800735c
                0x20000000                        . = ALIGN (0x4)
                0x20000000                        _sdata = .
 *(.data)
 *(.data*)
 .data.GreenLed
                0x20000000        0x8 ./Core/Src/Disc_F407.o
                0x20000000                GreenLed
 .data.RedLed   0x20000008        0x8 ./Core/Src/Disc_F407.o
                0x20000008                RedLed
 .data.BlueLed  0x20000010        0x8 ./Core/Src/Disc_F407.o
                0x20000010                BlueLed
 .data.SystemCoreClock
                0x20000018        0x4 ./Core/Src/system_stm32f4xx.o
                0x20000018                SystemCoreClock
 .data.uwTickPrio
                0x2000001c        0x4 ./Drivers/STM32F4xx_HAL_Driver/Src/stm32f4xx_hal.o
                0x2000001c                uwTickPrio
 .data.uwTickFreq
                0x20000020        0x1 ./Drivers/STM32F4xx_HAL_Driver/Src/stm32f4xx_hal.o
                0x20000020                uwTickFreq
 *fill*         0x20000021        0x3 
 .data.uxCriticalNesting
                0x20000024        0x4 ./middleware/ThirdParty/FreeRTOS/portable/GCC/ARM_CM4F/port.o
 *(.RamFunc)
 *(.RamFunc*)
                0x20000028                        . = ALIGN (0x4)
                0x20000028                        _edata = .
                0x08007384                        _siccmram = LOADADDR (.ccmram)

.igot.plt       0x20000028        0x0 load address 0x08007384
 .igot.plt      0x20000028        0x0 /opt/st/stm32cubeide_1.18.0/plugins/com.st.stm32cube.ide.mcu.externaltools.gnu-tools-for-stm32.13.3.rel1.linux64_1.0.0.202410170706/tools/bin/../lib/gcc/arm-none-eabi/13.3.1/thumb/v7e-m+fp/hard/crtbegin.o

.ccmram         0x10000000        0x0 load address 0x08007384
                0x10000000                        . = ALIGN (0x4)
                0x10000000                        _sccmram = .
 *(.ccmram)
 *(.ccmram*)
                0x10000000                        . = ALIGN (0x4)
                0x10000000                        _eccmram = .
                0x10000000                        . = ALIGN (0x4)

.bss            0x20000028    0x1448c
                0x20000028                        _sbss = .
                0x20000028                        __bss_start__ = _sbss
 *(.bss)
 .bss           0x20000028       0x1c /opt/st/stm32cubeide_1.18.0/plugins/com.st.stm32cube.ide.mcu.externaltools.gnu-tools-for-stm32.13.3.rel1.linux64_1.0.0.202410170706/tools/bin/../lib/gcc/arm-none-eabi/13.3.1/thumb/v7e-m+fp/hard/crtbegin.o
 *(.bss*)
 .bss.blueTaskHandle
                0x20000044        0x4 ./Core/Src/main.o
                0x20000044                blueTaskHandle
 .bss.htim1     0x20000048       0x48 ./Core/Src/stm32f4xx_hal_timebase_tim.o
                0x20000048                htim1
 .bss.uwTick    0x20000090        0x4 ./Drivers/STM32F4xx_HAL_Driver/Src/stm32f4xx_hal.o
                0x20000090                uwTick
 .bss.xQueueRegistry
                0x20000094       0x40 ./middleware/ThirdParty/FreeRTOS/queue.o
                0x20000094                xQueueRegistry
 .bss.pxCurrentTCB
                0x200000d4        0x4 ./middleware/ThirdParty/FreeRTOS/tasks.o
                0x200000d4                pxCurrentTCB
 .bss.pxReadyTasksLists
                0x200000d8       0x64 ./middleware/ThirdParty/FreeRTOS/tasks.o
 .bss.xDelayedTaskList1
                0x2000013c       0x14 ./middleware/ThirdParty/FreeRTOS/tasks.o
 .bss.xDelayedTaskList2
                0x20000150       0x14 ./middleware/ThirdParty/FreeRTOS/tasks.o
 .bss.pxDelayedTaskList
                0x20000164        0x4 ./middleware/ThirdParty/FreeRTOS/tasks.o
 .bss.pxOverflowDelayedTaskList
                0x20000168        0x4 ./middleware/ThirdParty/FreeRTOS/tasks.o
 .bss.xPendingReadyList
                0x2000016c       0x14 ./middleware/ThirdParty/FreeRTOS/tasks.o
 .bss.xTasksWaitingTermination
                0x20000180       0x14 ./middleware/ThirdParty/FreeRTOS/tasks.o
 .bss.uxDeletedTasksWaitingCleanUp
                0x20000194        0x4 ./middleware/ThirdParty/FreeRTOS/tasks.o
 .bss.xSuspendedTaskList
                0x20000198       0x14 ./middleware/ThirdParty/FreeRTOS/tasks.o
 .bss.uxCurrentNumberOfTasks
                0x200001ac        0x4 ./middleware/ThirdParty/FreeRTOS/tasks.o
 .bss.xTickCount
                0x200001b0        0x4 ./middleware/ThirdParty/FreeRTOS/tasks.o
 .bss.uxTopReadyPriority
                0x200001b4        0x4 ./middleware/ThirdParty/FreeRTOS/tasks.o
 .bss.xSchedulerRunning
                0x200001b8        0x4 ./middleware/ThirdParty/FreeRTOS/tasks.o
 .bss.xPendedTicks
                0x200001bc        0x4 ./middleware/ThirdParty/FreeRTOS/tasks.o
 .bss.xYieldPending
                0x200001c0        0x4 ./middleware/ThirdParty/FreeRTOS/tasks.o
 .bss.xNumOfOverflows
                0x200001c4        0x4 ./middleware/ThirdParty/FreeRTOS/tasks.o
 .bss.uxTaskNumber
                0x200001c8        0x4 ./middleware/ThirdParty/FreeRTOS/tasks.o
 .bss.xNextTaskUnblockTime
                0x200001cc        0x4 ./middleware/ThirdParty/FreeRTOS/tasks.o
 .bss.xIdleTaskHandle
                0x200001d0        0x4 ./middleware/ThirdParty/FreeRTOS/tasks.o
 .bss.uxSchedulerSuspended
                0x200001d4        0x4 ./middleware/ThirdParty/FreeRTOS/tasks.o
 .bss.xActiveTimerList1
                0x200001d8       0x14 ./middleware/ThirdParty/FreeRTOS/timers.o
 .bss.xActiveTimerList2
                0x200001ec       0x14 ./middleware/ThirdParty/FreeRTOS/timers.o
 .bss.pxCurrentTimerList
                0x20000200        0x4 ./middleware/ThirdParty/FreeRTOS/timers.o
 .bss.pxOverflowTimerList
                0x20000204        0x4 ./middleware/ThirdParty/FreeRTOS/timers.o
 .bss.xTimerQueue
                0x20000208        0x4 ./middleware/ThirdParty/FreeRTOS/timers.o
 .bss.xTimerTaskHandle
                0x2000020c        0x4 ./middleware/ThirdParty/FreeRTOS/timers.o
 .bss.xLastTime.0
                0x20000210        0x4 ./middleware/ThirdParty/FreeRTOS/timers.o
 .bss.ucMaxSysCallPriority
                0x20000214        0x1 ./middleware/ThirdParty/FreeRTOS/portable/GCC/ARM_CM4F/port.o
 *fill*         0x20000215        0x3 
 .bss.ulMaxPRIGROUPValue
                0x20000218        0x4 ./middleware/ThirdParty/FreeRTOS/portable/GCC/ARM_CM4F/port.o
 .bss.ucHeap    0x2000021c    0x12c00 ./middleware/ThirdParty/FreeRTOS/portable/MemMang/heap_4.o
 .bss.xStart    0x20012e1c        0x8 ./middleware/ThirdParty/FreeRTOS/portable/MemMang/heap_4.o
 .bss.pxEnd     0x20012e24        0x4 ./middleware/ThirdParty/FreeRTOS/portable/MemMang/heap_4.o
 .bss.xFreeBytesRemaining
                0x20012e28        0x4 ./middleware/ThirdParty/FreeRTOS/portable/MemMang/heap_4.o
 .bss.xMinimumEverFreeBytesRemaining
                0x20012e2c        0x4 ./middleware/ThirdParty/FreeRTOS/portable/MemMang/heap_4.o
 .bss.xNumberOfSuccessfulAllocations
                0x20012e30        0x4 ./middleware/ThirdParty/FreeRTOS/portable/MemMang/heap_4.o
 .bss.xNumberOfSuccessfulFrees
                0x20012e34        0x4 ./middleware/ThirdParty/FreeRTOS/portable/MemMang/heap_4.o
 .bss.xBlockAllocatedBit
                0x20012e38        0x4 ./middleware/ThirdParty/FreeRTOS/portable/MemMang/heap_4.o
 .bss._aTasks   0x20012e3c       0xa0 ./middleware/ThirdParty/SEGGER/OS/SEGGER_SYSVIEW_FreeRTOS.o
 .bss._NumTasks
                0x20012edc        0x4 ./middleware/ThirdParty/SEGGER/OS/SEGGER_SYSVIEW_FreeRTOS.o
 .bss._SEGGER_RTT
                0x20012ee0       0xa8 ./middleware/ThirdParty/SEGGER/SEGGER/SEGGER_RTT.o
                0x20012ee0                _SEGGER_RTT
 .bss._acUpBuffer
                0x20012f88      0x400 ./middleware/ThirdParty/SEGGER/SEGGER/SEGGER_RTT.o
 .bss._acDownBuffer
                0x20013388       0x10 ./middleware/ThirdParty/SEGGER/SEGGER/SEGGER_RTT.o
 .bss._UpBuffer
                0x20013398     0x1000 ./middleware/ThirdParty/SEGGER/SEGGER/SEGGER_SYSVIEW.o
 .bss._DownBuffer
                0x20014398        0x8 ./middleware/ThirdParty/SEGGER/SEGGER/SEGGER_SYSVIEW.o
 .bss._SYSVIEW_Globals
                0x200143a0       0x28 ./middleware/ThirdParty/SEGGER/SEGGER/SEGGER_SYSVIEW.o
 .bss._pFirstModule
                0x200143c8        0x4 ./middleware/ThirdParty/SEGGER/SEGGER/SEGGER_SYSVIEW.o
 .bss._NumModules
                0x200143cc        0x1 ./middleware/ThirdParty/SEGGER/SEGGER/SEGGER_SYSVIEW.o
 *fill*         0x200143cd        0x3 
 .bss._aPacket  0x200143d0       0xe3 ./middleware/ThirdParty/SEGGER/SEGGER/SEGGER_SYSVIEW.o
 *(COMMON)
                0x200144b4                        . = ALIGN (0x4)
 *fill*         0x200144b3        0x1 
                0x200144b4                        _ebss = .
                0x200144b4                        __bss_end__ = _ebss

._user_heap_stack
                0x200144b4      0x604
                0x200144b8                        . = ALIGN (0x8)
 *fill*         0x200144b4        0x4 
                0x200144b8                        PROVIDE (end = .)
                [!provide]                        PROVIDE (_end = .)
                0x200146b8                        . = (. + _Min_Heap_Size)
 *fill*         0x200144b8      0x200 
                0x20014ab8                        . = (. + _Min_Stack_Size)
 *fill*         0x200146b8      0x400 
                0x20014ab8                        . = ALIGN (0x8)

/DISCARD/
 libc.a(*)
 libm.a(*)
 libgcc.a(*)

.ARM.attributes
                0x00000000       0x30
 *(.ARM.attributes)
 .ARM.attributes
                0x00000000       0x22 /opt/st/stm32cubeide_1.18.0/plugins/com.st.stm32cube.ide.mcu.externaltools.gnu-tools-for-stm32.13.3.rel1.linux64_1.0.0.202410170706/tools/bin/../lib/gcc/arm-none-eabi/13.3.1/thumb/v7e-m+fp/hard/crti.o
 .ARM.attributes
                0x00000022       0x34 /opt/st/stm32cubeide_1.18.0/plugins/com.st.stm32cube.ide.mcu.externaltools.gnu-tools-for-stm32.13.3.rel1.linux64_1.0.0.202410170706/tools/bin/../lib/gcc/arm-none-eabi/13.3.1/thumb/v7e-m+fp/hard/crtbegin.o
 .ARM.attributes
                0x00000056       0x34 ./Core/Src/Disc_F407.o
 .ARM.attributes
                0x0000008a       0x34 ./Core/Src/main.o
 .ARM.attributes
                0x000000be       0x34 ./Core/Src/stm32f4xx_hal_msp.o
 .ARM.attributes
                0x000000f2       0x34 ./Core/Src/stm32f4xx_hal_timebase_tim.o
 .ARM.attributes
                0x00000126       0x34 ./Core/Src/stm32f4xx_it.o
 .ARM.attributes
                0x0000015a       0x34 ./Core/Src/system_stm32f4xx.o
 .ARM.attributes
                0x0000018e       0x21 ./Core/Startup/startup_stm32f407vgtx.o
 .ARM.attributes
                0x000001af       0x34 ./Drivers/STM32F4xx_HAL_Driver/Src/stm32f4xx_hal.o
 .ARM.attributes
                0x000001e3       0x34 ./Drivers/STM32F4xx_HAL_Driver/Src/stm32f4xx_hal_cortex.o
 .ARM.attributes
                0x00000217       0x34 ./Drivers/STM32F4xx_HAL_Driver/Src/stm32f4xx_hal_gpio.o
 .ARM.attributes
                0x0000024b       0x34 ./Drivers/STM32F4xx_HAL_Driver/Src/stm32f4xx_hal_rcc.o
 .ARM.attributes
                0x0000027f       0x34 ./Drivers/STM32F4xx_HAL_Driver/Src/stm32f4xx_hal_tim.o
 .ARM.attributes
                0x000002b3       0x34 ./Drivers/STM32F4xx_HAL_Driver/Src/stm32f4xx_hal_tim_ex.o
 .ARM.attributes
                0x000002e7       0x34 ./middleware/ThirdParty/FreeRTOS/list.o
 .ARM.attributes
                0x0000031b       0x34 ./middleware/ThirdParty/FreeRTOS/queue.o
 .ARM.attributes
                0x0000034f       0x34 ./middleware/ThirdParty/FreeRTOS/tasks.o
 .ARM.attributes
                0x00000383       0x34 ./middleware/ThirdParty/FreeRTOS/timers.o
 .ARM.attributes
                0x000003b7       0x34 ./middleware/ThirdParty/FreeRTOS/portable/GCC/ARM_CM4F/port.o
 .ARM.attributes
                0x000003eb       0x34 ./middleware/ThirdParty/FreeRTOS/portable/MemMang/heap_4.o
 .ARM.attributes
                0x0000041f       0x34 ./middleware/ThirdParty/SEGGER/Config/SEGGER_SYSVIEW_Config_FreeRTOS.o
 .ARM.attributes
                0x00000453       0x34 ./middleware/ThirdParty/SEGGER/OS/SEGGER_SYSVIEW_FreeRTOS.o
 .ARM.attributes
                0x00000487       0x34 ./middleware/ThirdParty/SEGGER/SEGGER/SEGGER_RTT.o
 .ARM.attributes
                0x000004bb       0x20 ./middleware/ThirdParty/SEGGER/SEGGER/SEGGER_RTT_ASM_ARMv7M.o
 .ARM.attributes
                0x000004db       0x34 ./middleware/ThirdParty/SEGGER/SEGGER/SEGGER_SYSVIEW.o
 .ARM.attributes
                0x0000050f       0x34 /opt/st/stm32cubeide_1.18.0/plugins/com.st.stm32cube.ide.mcu.externaltools.gnu-tools-for-stm32.13.3.rel1.linux64_1.0.0.202410170706/tools/bin/../lib/gcc/arm-none-eabi/13.3.1/../../../../arm-none-eabi/lib/thumb/v7e-m+fp/hard/libc_nano.a(libc_a-memcmp.o)
 .ARM.attributes
                0x00000543       0x34 /opt/st/stm32cubeide_1.18.0/plugins/com.st.stm32cube.ide.mcu.externaltools.gnu-tools-for-stm32.13.3.rel1.linux64_1.0.0.202410170706/tools/bin/../lib/gcc/arm-none-eabi/13.3.1/../../../../arm-none-eabi/lib/thumb/v7e-m+fp/hard/libc_nano.a(libc_a-memset.o)
 .ARM.attributes
                0x00000577       0x34 /opt/st/stm32cubeide_1.18.0/plugins/com.st.stm32cube.ide.mcu.externaltools.gnu-tools-for-stm32.13.3.rel1.linux64_1.0.0.202410170706/tools/bin/../lib/gcc/arm-none-eabi/13.3.1/../../../../arm-none-eabi/lib/thumb/v7e-m+fp/hard/libc_nano.a(libc_a-init.o)
 .ARM.attributes
                0x000005ab       0x34 /opt/st/stm32cubeide_1.18.0/plugins/com.st.stm32cube.ide.mcu.externaltools.gnu-tools-for-stm32.13.3.rel1.linux64_1.0.0.202410170706/tools/bin/../lib/gcc/arm-none-eabi/13.3.1/../../../../arm-none-eabi/lib/thumb/v7e-m+fp/hard/libc_nano.a(libc_a-memcpy-stub.o)
 .ARM.attributes
                0x000005df       0x22 /opt/st/stm32cubeide_1.18.0/plugins/com.st.stm32cube.ide.mcu.externaltools.gnu-tools-for-stm32.13.3.rel1.linux64_1.0.0.202410170706/tools/bin/../lib/gcc/arm-none-eabi/13.3.1/thumb/v7e-m+fp/hard/libgcc.a(_aeabi_uldivmod.o)
 .ARM.attributes
                0x00000601       0x34 /opt/st/stm32cubeide_1.18.0/plugins/com.st.stm32cube.ide.mcu.externaltools.gnu-tools-for-stm32.13.3.rel1.linux64_1.0.0.202410170706/tools/bin/../lib/gcc/arm-none-eabi/13.3.1/thumb/v7e-m+fp/hard/libgcc.a(_udivmoddi4.o)
 .ARM.attributes
                0x00000635       0x22 /opt/st/stm32cubeide_1.18.0/plugins/com.st.stm32cube.ide.mcu.externaltools.gnu-tools-for-stm32.13.3.rel1.linux64_1.0.0.202410170706/tools/bin/../lib/gcc/arm-none-eabi/13.3.1/thumb/v7e-m+fp/hard/libgcc.a(_dvmd_tls.o)
 .ARM.attributes
                0x00000657       0x22 /opt/st/stm32cubeide_1.18.0/plugins/com.st.stm32cube.ide.mcu.externaltools.gnu-tools-for-stm32.13.3.rel1.linux64_1.0.0.202410170706/tools/bin/../lib/gcc/arm-none-eabi/13.3.1/thumb/v7e-m+fp/hard/crtn.o
OUTPUT(RTOS_1.elf elf32-littlearm)
LOAD linker stubs
LOAD /opt/st/stm32cubeide_1.18.0/plugins/com.st.stm32cube.ide.mcu.externaltools.gnu-tools-for-stm32.13.3.rel1.linux64_1.0.0.202410170706/tools/bin/../lib/gcc/arm-none-eabi/13.3.1/../../../../arm-none-eabi/lib/thumb/v7e-m+fp/hard/libc.a
LOAD /opt/st/stm32cubeide_1.18.0/plugins/com.st.stm32cube.ide.mcu.externaltools.gnu-tools-for-stm32.13.3.rel1.linux64_1.0.0.202410170706/tools/bin/../lib/gcc/arm-none-eabi/13.3.1/../../../../arm-none-eabi/lib/thumb/v7e-m+fp/hard/libm.a
LOAD /opt/st/stm32cubeide_1.18.0/plugins/com.st.stm32cube.ide.mcu.externaltools.gnu-tools-for-stm32.13.3.rel1.linux64_1.0.0.202410170706/tools/bin/../lib/gcc/arm-none-eabi/13.3.1/thumb/v7e-m+fp/hard/libgcc.a

.debug_info     0x00000000    0x1468a
 .debug_info    0x00000000      0x2e5 ./Core/Src/Disc_F407.o
 .debug_info    0x000002e5      0xee0 ./Core/Src/main.o
 .debug_info    0x000011c5      0x269 ./Core/Src/stm32f4xx_hal_msp.o
 .debug_info    0x0000142e      0xbe0 ./Core/Src/stm32f4xx_hal_timebase_tim.o
 .debug_info    0x0000200e      0x6ab ./Core/Src/stm32f4xx_it.o
 .debug_info    0x000026b9      0x512 ./Core/Src/system_stm32f4xx.o
 .debug_info    0x00002bcb       0x30 ./Core/Startup/startup_stm32f407vgtx.o
 .debug_info    0x00002bfb      0x97e ./Drivers/STM32F4xx_HAL_Driver/Src/stm32f4xx_hal.o
 .debug_info    0x00003579      0xdc1 ./Drivers/STM32F4xx_HAL_Driver/Src/stm32f4xx_hal_cortex.o
 .debug_info    0x0000433a      0x6dc ./Drivers/STM32F4xx_HAL_Driver/Src/stm32f4xx_hal_gpio.o
 .debug_info    0x00004a16      0x8e0 ./Drivers/STM32F4xx_HAL_Driver/Src/stm32f4xx_hal_rcc.o
 .debug_info    0x000052f6     0x2a0f ./Drivers/STM32F4xx_HAL_Driver/Src/stm32f4xx_hal_tim.o
 .debug_info    0x00007d05     0x153b ./Drivers/STM32F4xx_HAL_Driver/Src/stm32f4xx_hal_tim_ex.o
 .debug_info    0x00009240      0x2b6 ./middleware/ThirdParty/FreeRTOS/list.o
 .debug_info    0x000094f6     0x187f ./middleware/ThirdParty/FreeRTOS/queue.o
 .debug_info    0x0000ad75     0x2256 ./middleware/ThirdParty/FreeRTOS/tasks.o
 .debug_info    0x0000cfcb      0xe54 ./middleware/ThirdParty/FreeRTOS/timers.o
 .debug_info    0x0000de1f      0x5a4 ./middleware/ThirdParty/FreeRTOS/portable/GCC/ARM_CM4F/port.o
 .debug_info    0x0000e3c3      0x4dc ./middleware/ThirdParty/FreeRTOS/portable/MemMang/heap_4.o
 .debug_info    0x0000e89f      0x181 ./middleware/ThirdParty/SEGGER/Config/SEGGER_SYSVIEW_Config_FreeRTOS.o
 .debug_info    0x0000ea20      0x426 ./middleware/ThirdParty/SEGGER/OS/SEGGER_SYSVIEW_FreeRTOS.o
 .debug_info    0x0000ee46     0x14d5 ./middleware/ThirdParty/SEGGER/SEGGER/SEGGER_RTT.o
 .debug_info    0x0001031b       0x25 ./middleware/ThirdParty/SEGGER/SEGGER/SEGGER_RTT_ASM_ARMv7M.o
 .debug_info    0x00010340     0x434a ./middleware/ThirdParty/SEGGER/SEGGER/SEGGER_SYSVIEW.o

.debug_abbrev   0x00000000     0x30a7
 .debug_abbrev  0x00000000      0x1a1 ./Core/Src/Disc_F407.o
 .debug_abbrev  0x000001a1      0x32c ./Core/Src/main.o
 .debug_abbrev  0x000004cd       0xd8 ./Core/Src/stm32f4xx_hal_msp.o
 .debug_abbrev  0x000005a5      0x1f4 ./Core/Src/stm32f4xx_hal_timebase_tim.o
 .debug_abbrev  0x00000799      0x17d ./Core/Src/stm32f4xx_it.o
 .debug_abbrev  0x00000916      0x11a ./Core/Src/system_stm32f4xx.o
 .debug_abbrev  0x00000a30       0x24 ./Core/Startup/startup_stm32f407vgtx.o
 .debug_abbrev  0x00000a54      0x21b ./Drivers/STM32F4xx_HAL_Driver/Src/stm32f4xx_hal.o
 .debug_abbrev  0x00000c6f      0x339 ./Drivers/STM32F4xx_HAL_Driver/Src/stm32f4xx_hal_cortex.o
 .debug_abbrev  0x00000fa8      0x1f1 ./Drivers/STM32F4xx_HAL_Driver/Src/stm32f4xx_hal_gpio.o
 .debug_abbrev  0x00001199      0x2cc ./Drivers/STM32F4xx_HAL_Driver/Src/stm32f4xx_hal_rcc.o
 .debug_abbrev  0x00001465      0x275 ./Drivers/STM32F4xx_HAL_Driver/Src/stm32f4xx_hal_tim.o
 .debug_abbrev  0x000016da      0x27f ./Drivers/STM32F4xx_HAL_Driver/Src/stm32f4xx_hal_tim_ex.o
 .debug_abbrev  0x00001959       0xf5 ./middleware/ThirdParty/FreeRTOS/list.o
 .debug_abbrev  0x00001a4e      0x321 ./middleware/ThirdParty/FreeRTOS/queue.o
 .debug_abbrev  0x00001d6f      0x3b0 ./middleware/ThirdParty/FreeRTOS/tasks.o
 .debug_abbrev  0x0000211f      0x2de ./middleware/ThirdParty/FreeRTOS/timers.o
 .debug_abbrev  0x000023fd      0x25a ./middleware/ThirdParty/FreeRTOS/portable/GCC/ARM_CM4F/port.o
 .debug_abbrev  0x00002657      0x21e ./middleware/ThirdParty/FreeRTOS/portable/MemMang/heap_4.o
 .debug_abbrev  0x00002875       0xee ./middleware/ThirdParty/SEGGER/Config/SEGGER_SYSVIEW_Config_FreeRTOS.o
 .debug_abbrev  0x00002963      0x1c0 ./middleware/ThirdParty/SEGGER/OS/SEGGER_SYSVIEW_FreeRTOS.o
 .debug_abbrev  0x00002b23      0x230 ./middleware/ThirdParty/SEGGER/SEGGER/SEGGER_RTT.o
 .debug_abbrev  0x00002d53       0x14 ./middleware/ThirdParty/SEGGER/SEGGER/SEGGER_RTT_ASM_ARMv7M.o
 .debug_abbrev  0x00002d67      0x340 ./middleware/ThirdParty/SEGGER/SEGGER/SEGGER_SYSVIEW.o

.debug_aranges  0x00000000     0x13e8
 .debug_aranges
                0x00000000       0x60 ./Core/Src/Disc_F407.o
 .debug_aranges
                0x00000060       0x68 ./Core/Src/main.o
 .debug_aranges
                0x000000c8       0x20 ./Core/Src/stm32f4xx_hal_msp.o
 .debug_aranges
                0x000000e8       0x30 ./Core/Src/stm32f4xx_hal_timebase_tim.o
 .debug_aranges
                0x00000118       0x50 ./Core/Src/stm32f4xx_it.o
 .debug_aranges
                0x00000168       0x28 ./Core/Src/system_stm32f4xx.o
 .debug_aranges
                0x00000190       0x28 ./Core/Startup/startup_stm32f407vgtx.o
 .debug_aranges
                0x000001b8       0xf0 ./Drivers/STM32F4xx_HAL_Driver/Src/stm32f4xx_hal.o
 .debug_aranges
                0x000002a8      0x130 ./Drivers/STM32F4xx_HAL_Driver/Src/stm32f4xx_hal_cortex.o
 .debug_aranges
                0x000003d8       0x58 ./Drivers/STM32F4xx_HAL_Driver/Src/stm32f4xx_hal_gpio.o
 .debug_aranges
                0x00000430       0x88 ./Drivers/STM32F4xx_HAL_Driver/Src/stm32f4xx_hal_rcc.o
 .debug_aranges
                0x000004b8      0x3d0 ./Drivers/STM32F4xx_HAL_Driver/Src/stm32f4xx_hal_tim.o
 .debug_aranges
                0x00000888      0x168 ./Drivers/STM32F4xx_HAL_Driver/Src/stm32f4xx_hal_tim_ex.o
 .debug_aranges
                0x000009f0       0x40 ./middleware/ThirdParty/FreeRTOS/list.o
 .debug_aranges
                0x00000a30      0x130 ./middleware/ThirdParty/FreeRTOS/queue.o
 .debug_aranges
                0x00000b60      0x208 ./middleware/ThirdParty/FreeRTOS/tasks.o
 .debug_aranges
                0x00000d68       0xd8 ./middleware/ThirdParty/FreeRTOS/timers.o
 .debug_aranges
                0x00000e40       0x88 ./middleware/ThirdParty/FreeRTOS/portable/GCC/ARM_CM4F/port.o
 .debug_aranges
                0x00000ec8       0x58 ./middleware/ThirdParty/FreeRTOS/portable/MemMang/heap_4.o
 .debug_aranges
                0x00000f20       0x28 ./middleware/ThirdParty/SEGGER/Config/SEGGER_SYSVIEW_Config_FreeRTOS.o
 .debug_aranges
                0x00000f48       0x48 ./middleware/ThirdParty/SEGGER/OS/SEGGER_SYSVIEW_FreeRTOS.o
 .debug_aranges
                0x00000f90      0x138 ./middleware/ThirdParty/SEGGER/SEGGER/SEGGER_RTT.o
 .debug_aranges
                0x000010c8       0x20 ./middleware/ThirdParty/SEGGER/SEGGER/SEGGER_RTT_ASM_ARMv7M.o
 .debug_aranges
                0x000010e8      0x300 ./middleware/ThirdParty/SEGGER/SEGGER/SEGGER_SYSVIEW.o

.debug_rnglists
                0x00000000      0xf54
 .debug_rnglists
                0x00000000       0x43 ./Core/Src/Disc_F407.o
 .debug_rnglists
                0x00000043       0x4c ./Core/Src/main.o
 .debug_rnglists
                0x0000008f       0x13 ./Core/Src/stm32f4xx_hal_msp.o
 .debug_rnglists
                0x000000a2       0x20 ./Core/Src/stm32f4xx_hal_timebase_tim.o
 .debug_rnglists
                0x000000c2       0x37 ./Core/Src/stm32f4xx_it.o
 .debug_rnglists
                0x000000f9       0x1a ./Core/Src/system_stm32f4xx.o
 .debug_rnglists
                0x00000113       0x19 ./Core/Startup/startup_stm32f407vgtx.o
 .debug_rnglists
                0x0000012c       0xaf ./Drivers/STM32F4xx_HAL_Driver/Src/stm32f4xx_hal.o
 .debug_rnglists
                0x000001db       0xe0 ./Drivers/STM32F4xx_HAL_Driver/Src/stm32f4xx_hal_cortex.o
 .debug_rnglists
                0x000002bb       0x3f ./Drivers/STM32F4xx_HAL_Driver/Src/stm32f4xx_hal_gpio.o
 .debug_rnglists
                0x000002fa       0x66 ./Drivers/STM32F4xx_HAL_Driver/Src/stm32f4xx_hal_rcc.o
 .debug_rnglists
                0x00000360      0x321 ./Drivers/STM32F4xx_HAL_Driver/Src/stm32f4xx_hal_tim.o
 .debug_rnglists
                0x00000681      0x129 ./Drivers/STM32F4xx_HAL_Driver/Src/stm32f4xx_hal_tim_ex.o
 .debug_rnglists
                0x000007aa       0x2b ./middleware/ThirdParty/FreeRTOS/list.o
 .debug_rnglists
                0x000007d5       0xeb ./middleware/ThirdParty/FreeRTOS/queue.o
 .debug_rnglists
                0x000008c0      0x19f ./middleware/ThirdParty/FreeRTOS/tasks.o
 .debug_rnglists
                0x00000a5f       0xa3 ./middleware/ThirdParty/FreeRTOS/timers.o
 .debug_rnglists
                0x00000b02       0x64 ./middleware/ThirdParty/FreeRTOS/portable/GCC/ARM_CM4F/port.o
 .debug_rnglists
                0x00000b66       0x42 ./middleware/ThirdParty/FreeRTOS/portable/MemMang/heap_4.o
 .debug_rnglists
                0x00000ba8       0x19 ./middleware/ThirdParty/SEGGER/Config/SEGGER_SYSVIEW_Config_FreeRTOS.o
 .debug_rnglists
                0x00000bc1       0x36 ./middleware/ThirdParty/SEGGER/OS/SEGGER_SYSVIEW_FreeRTOS.o
 .debug_rnglists
                0x00000bf7       0xf5 ./middleware/ThirdParty/SEGGER/SEGGER/SEGGER_RTT.o
 .debug_rnglists
                0x00000cec      0x268 ./middleware/ThirdParty/SEGGER/SEGGER/SEGGER_SYSVIEW.o

.debug_macro    0x00000000    0x22ddf
 .debug_macro   0x00000000      0x1ce ./Core/Src/Disc_F407.o
 .debug_macro   0x000001ce      0xad8 ./Core/Src/Disc_F407.o
 .debug_macro   0x00000ca6      0x29c ./Core/Src/Disc_F407.o
 .debug_macro   0x00000f42       0x2e ./Core/Src/Disc_F407.o
 .debug_macro   0x00000f70       0x2f ./Core/Src/Disc_F407.o
 .debug_macro   0x00000f9f       0x22 ./Core/Src/Disc_F407.o
 .debug_macro   0x00000fc1       0x8e ./Core/Src/Disc_F407.o
 .debug_macro   0x0000104f       0x51 ./Core/Src/Disc_F407.o
 .debug_macro   0x000010a0      0x103 ./Core/Src/Disc_F407.o
 .debug_macro   0x000011a3       0x6a ./Core/Src/Disc_F407.o
 .debug_macro   0x0000120d      0x1df ./Core/Src/Disc_F407.o
 .debug_macro   0x000013ec       0x1c ./Core/Src/Disc_F407.o
 .debug_macro   0x00001408       0x22 ./Core/Src/Disc_F407.o
 .debug_macro   0x0000142a       0xfb ./Core/Src/Disc_F407.o
 .debug_macro   0x00001525     0x1011 ./Core/Src/Disc_F407.o
 .debug_macro   0x00002536      0x11f ./Core/Src/Disc_F407.o
 .debug_macro   0x00002655    0x15ea5 ./Core/Src/Disc_F407.o
 .debug_macro   0x000184fa       0x6d ./Core/Src/Disc_F407.o
 .debug_macro   0x00018567     0x3693 ./Core/Src/Disc_F407.o
 .debug_macro   0x0001bbfa      0x190 ./Core/Src/Disc_F407.o
 .debug_macro   0x0001bd8a       0x5c ./Core/Src/Disc_F407.o
 .debug_macro   0x0001bde6      0x980 ./Core/Src/Disc_F407.o
 .debug_macro   0x0001c766      0x9e9 ./Core/Src/Disc_F407.o
 .debug_macro   0x0001d14f      0x115 ./Core/Src/Disc_F407.o
 .debug_macro   0x0001d264      0x13e ./Core/Src/Disc_F407.o
 .debug_macro   0x0001d3a2       0xa5 ./Core/Src/Disc_F407.o
 .debug_macro   0x0001d447      0x174 ./Core/Src/Disc_F407.o
 .debug_macro   0x0001d5bb      0x287 ./Core/Src/Disc_F407.o
 .debug_macro   0x0001d842       0x5f ./Core/Src/Disc_F407.o
 .debug_macro   0x0001d8a1      0x236 ./Core/Src/Disc_F407.o
 .debug_macro   0x0001dad7      0x12c ./Core/Src/Disc_F407.o
 .debug_macro   0x0001dc03      0x21e ./Core/Src/Disc_F407.o
 .debug_macro   0x0001de21       0x2e ./Core/Src/Disc_F407.o
 .debug_macro   0x0001de4f      0x127 ./Core/Src/Disc_F407.o
 .debug_macro   0x0001df76       0x7e ./Core/Src/Disc_F407.o
 .debug_macro   0x0001dff4       0x89 ./Core/Src/Disc_F407.o
 .debug_macro   0x0001e07d      0x8ed ./Core/Src/Disc_F407.o
 .debug_macro   0x0001e96a       0x4d ./Core/Src/Disc_F407.o
 .debug_macro   0x0001e9b7      0x12d ./Core/Src/Disc_F407.o
 .debug_macro   0x0001eae4      0x2ec ./Core/Src/main.o
 .debug_macro   0x0001edd0      0x112 ./Core/Src/main.o
 .debug_macro   0x0001eee2       0x58 ./Core/Src/main.o
 .debug_macro   0x0001ef3a       0x46 ./Core/Src/main.o
 .debug_macro   0x0001ef80       0x64 ./Core/Src/main.o
 .debug_macro   0x0001efe4       0x49 ./Core/Src/main.o
 .debug_macro   0x0001f02d       0xd1 ./Core/Src/main.o
 .debug_macro   0x0001f0fe      0x234 ./Core/Src/main.o
 .debug_macro   0x0001f332      0x451 ./Core/Src/main.o
 .debug_macro   0x0001f783      0x15a ./Core/Src/main.o
 .debug_macro   0x0001f8dd       0xea ./Core/Src/main.o
 .debug_macro   0x0001f9c7       0x1c ./Core/Src/main.o
 .debug_macro   0x0001f9e3       0x26 ./Core/Src/main.o
 .debug_macro   0x0001fa09      0x3d0 ./Core/Src/main.o
 .debug_macro   0x0001fdd9       0xb5 ./Core/Src/main.o
 .debug_macro   0x0001fe8e      0x120 ./Core/Src/main.o
 .debug_macro   0x0001ffae       0x91 ./Core/Src/main.o
 .debug_macro   0x0002003f       0x86 ./Core/Src/main.o
 .debug_macro   0x000200c5       0x7e ./Core/Src/main.o
 .debug_macro   0x00020143      0x1ce ./Core/Src/stm32f4xx_hal_msp.o
 .debug_macro   0x00020311      0x1c4 ./Core/Src/stm32f4xx_hal_timebase_tim.o
 .debug_macro   0x000204d5      0x1d8 ./Core/Src/stm32f4xx_it.o
 .debug_macro   0x000206ad      0x1c4 ./Core/Src/system_stm32f4xx.o
 .debug_macro   0x00020871      0x224 ./Drivers/STM32F4xx_HAL_Driver/Src/stm32f4xx_hal.o
 .debug_macro   0x00020a95      0x1c4 ./Drivers/STM32F4xx_HAL_Driver/Src/stm32f4xx_hal_cortex.o
 .debug_macro   0x00020c59      0x1ca ./Drivers/STM32F4xx_HAL_Driver/Src/stm32f4xx_hal_gpio.o
 .debug_macro   0x00020e23      0x1e8 ./Drivers/STM32F4xx_HAL_Driver/Src/stm32f4xx_hal_rcc.o
 .debug_macro   0x0002100b      0x1c5 ./Drivers/STM32F4xx_HAL_Driver/Src/stm32f4xx_hal_tim.o
 .debug_macro   0x000211d0      0x1c4 ./Drivers/STM32F4xx_HAL_Driver/Src/stm32f4xx_hal_tim_ex.o
 .debug_macro   0x00021394      0x1f5 ./middleware/ThirdParty/FreeRTOS/list.o
 .debug_macro   0x00021589      0x27e ./middleware/ThirdParty/FreeRTOS/queue.o
 .debug_macro   0x00021807       0x16 ./middleware/ThirdParty/FreeRTOS/queue.o
 .debug_macro   0x0002181d       0x20 ./middleware/ThirdParty/FreeRTOS/queue.o
 .debug_macro   0x0002183d       0x80 ./middleware/ThirdParty/FreeRTOS/queue.o
 .debug_macro   0x000218bd      0x2e2 ./middleware/ThirdParty/FreeRTOS/tasks.o
 .debug_macro   0x00021b9f       0x10 ./middleware/ThirdParty/FreeRTOS/tasks.o
 .debug_macro   0x00021baf      0x23e ./middleware/ThirdParty/FreeRTOS/timers.o
 .debug_macro   0x00021ded       0x97 ./middleware/ThirdParty/FreeRTOS/timers.o
 .debug_macro   0x00021e84      0x1f8 ./middleware/ThirdParty/FreeRTOS/portable/GCC/ARM_CM4F/port.o
 .debug_macro   0x0002207c      0x210 ./middleware/ThirdParty/FreeRTOS/portable/MemMang/heap_4.o
 .debug_macro   0x0002228c      0x138 ./middleware/ThirdParty/SEGGER/Config/SEGGER_SYSVIEW_Config_FreeRTOS.o
 .debug_macro   0x000223c4      0x204 ./middleware/ThirdParty/SEGGER/OS/SEGGER_SYSVIEW_FreeRTOS.o
 .debug_macro   0x000225c8      0x1e9 ./middleware/ThirdParty/SEGGER/SEGGER/SEGGER_RTT.o
 .debug_macro   0x000227b1       0x35 ./middleware/ThirdParty/SEGGER/SEGGER/SEGGER_RTT.o
 .debug_macro   0x000227e6      0x138 ./middleware/ThirdParty/SEGGER/SEGGER/SEGGER_RTT.o
 .debug_macro   0x0002291e      0x252 ./middleware/ThirdParty/SEGGER/SEGGER/SEGGER_SYSVIEW.o
 .debug_macro   0x00022b70      0x234 ./middleware/ThirdParty/SEGGER/SEGGER/SEGGER_SYSVIEW.o
 .debug_macro   0x00022da4       0x3b ./middleware/ThirdParty/SEGGER/SEGGER/SEGGER_SYSVIEW.o

.debug_line     0x00000000    0x18333
 .debug_line    0x00000000      0x725 ./Core/Src/Disc_F407.o
 .debug_line    0x00000725      0xb29 ./Core/Src/main.o
 .debug_line    0x0000124e      0x673 ./Core/Src/stm32f4xx_hal_msp.o
 .debug_line    0x000018c1      0x6df ./Core/Src/stm32f4xx_hal_timebase_tim.o
 .debug_line    0x00001fa0      0x6fc ./Core/Src/stm32f4xx_it.o
 .debug_line    0x0000269c      0x6e9 ./Core/Src/system_stm32f4xx.o
 .debug_line    0x00002d85       0x7a ./Core/Startup/startup_stm32f407vgtx.o
 .debug_line    0x00002dff      0x979 ./Drivers/STM32F4xx_HAL_Driver/Src/stm32f4xx_hal.o
 .debug_line    0x00003778      0xe52 ./Drivers/STM32F4xx_HAL_Driver/Src/stm32f4xx_hal_cortex.o
 .debug_line    0x000045ca      0xc85 ./Drivers/STM32F4xx_HAL_Driver/Src/stm32f4xx_hal_gpio.o
 .debug_line    0x0000524f      0xf39 ./Drivers/STM32F4xx_HAL_Driver/Src/stm32f4xx_hal_rcc.o
 .debug_line    0x00006188     0x5deb ./Drivers/STM32F4xx_HAL_Driver/Src/stm32f4xx_hal_tim.o
 .debug_line    0x0000bf73     0x1f10 ./Drivers/STM32F4xx_HAL_Driver/Src/stm32f4xx_hal_tim_ex.o
 .debug_line    0x0000de83      0x8c2 ./middleware/ThirdParty/FreeRTOS/list.o
 .debug_line    0x0000e745     0x180d ./middleware/ThirdParty/FreeRTOS/queue.o
 .debug_line    0x0000ff52     0x1e54 ./middleware/ThirdParty/FreeRTOS/tasks.o
 .debug_line    0x00011da6      0xe07 ./middleware/ThirdParty/FreeRTOS/timers.o
 .debug_line    0x00012bad      0xa25 ./middleware/ThirdParty/FreeRTOS/portable/GCC/ARM_CM4F/port.o
 .debug_line    0x000135d2      0xaf6 ./middleware/ThirdParty/FreeRTOS/portable/MemMang/heap_4.o
 .debug_line    0x000140c8      0x6ab ./middleware/ThirdParty/SEGGER/Config/SEGGER_SYSVIEW_Config_FreeRTOS.o
 .debug_line    0x00014773      0x99f ./middleware/ThirdParty/SEGGER/OS/SEGGER_SYSVIEW_FreeRTOS.o
 .debug_line    0x00015112      0xef0 ./middleware/ThirdParty/SEGGER/SEGGER/SEGGER_RTT.o
 .debug_line    0x00016002       0x86 ./middleware/ThirdParty/SEGGER/SEGGER/SEGGER_RTT_ASM_ARMv7M.o
 .debug_line    0x00016088     0x22ab ./middleware/ThirdParty/SEGGER/SEGGER/SEGGER_SYSVIEW.o

.debug_str      0x00000000    0xd7d8e
 .debug_str     0x00000000    0xd7d8e ./Core/Src/Disc_F407.o
                              0xc21d6 (size before relaxing)
 .debug_str     0x000d7d8e    0xccd37 ./Core/Src/main.o
 .debug_str     0x000d7d8e    0xc21cb ./Core/Src/stm32f4xx_hal_msp.o
 .debug_str     0x000d7d8e    0xc2d62 ./Core/Src/stm32f4xx_hal_timebase_tim.o
 .debug_str     0x000d7d8e    0xc2681 ./Core/Src/stm32f4xx_it.o
 .debug_str     0x000d7d8e    0xc227b ./Core/Src/system_stm32f4xx.o
 .debug_str     0x000d7d8e       0x7a ./Core/Startup/startup_stm32f407vgtx.o
 .debug_str     0x000d7d8e    0xc2e1f ./Drivers/STM32F4xx_HAL_Driver/Src/stm32f4xx_hal.o
 .debug_str     0x000d7d8e    0xc2b9d ./Drivers/STM32F4xx_HAL_Driver/Src/stm32f4xx_hal_cortex.o
 .debug_str     0x000d7d8e    0xc2404 ./Drivers/STM32F4xx_HAL_Driver/Src/stm32f4xx_hal_gpio.o
 .debug_str     0x000d7d8e    0xc26bd ./Drivers/STM32F4xx_HAL_Driver/Src/stm32f4xx_hal_rcc.o
 .debug_str     0x000d7d8e    0xc3625 ./Drivers/STM32F4xx_HAL_Driver/Src/stm32f4xx_hal_tim.o
 .debug_str     0x000d7d8e    0xc2e31 ./Drivers/STM32F4xx_HAL_Driver/Src/stm32f4xx_hal_tim_ex.o
 .debug_str     0x000d7d8e     0xef04 ./middleware/ThirdParty/FreeRTOS/list.o
 .debug_str     0x000d7d8e    0x11411 ./middleware/ThirdParty/FreeRTOS/queue.o
 .debug_str     0x000d7d8e    0x1227e ./middleware/ThirdParty/FreeRTOS/tasks.o
 .debug_str     0x000d7d8e    0x11723 ./middleware/ThirdParty/FreeRTOS/timers.o
 .debug_str     0x000d7d8e     0xd69c ./middleware/ThirdParty/FreeRTOS/portable/GCC/ARM_CM4F/port.o
 .debug_str     0x000d7d8e    0x103cd ./middleware/ThirdParty/FreeRTOS/portable/MemMang/heap_4.o
 .debug_str     0x000d7d8e     0xb52c ./middleware/ThirdParty/SEGGER/Config/SEGGER_SYSVIEW_Config_FreeRTOS.o
 .debug_str     0x000d7d8e    0x10150 ./middleware/ThirdParty/SEGGER/OS/SEGGER_SYSVIEW_FreeRTOS.o
 .debug_str     0x000d7d8e     0x88ea ./middleware/ThirdParty/SEGGER/SEGGER/SEGGER_RTT.o
 .debug_str     0x000d7d8e       0xc8 ./middleware/ThirdParty/SEGGER/SEGGER/SEGGER_RTT_ASM_ARMv7M.o
 .debug_str     0x000d7d8e     0xad47 ./middleware/ThirdParty/SEGGER/SEGGER/SEGGER_SYSVIEW.o

.comment        0x00000000       0x43
 .comment       0x00000000       0x43 ./Core/Src/Disc_F407.o
                                 0x44 (size before relaxing)
 .comment       0x00000043       0x44 ./Core/Src/main.o
 .comment       0x00000043       0x44 ./Core/Src/stm32f4xx_hal_msp.o
 .comment       0x00000043       0x44 ./Core/Src/stm32f4xx_hal_timebase_tim.o
 .comment       0x00000043       0x44 ./Core/Src/stm32f4xx_it.o
 .comment       0x00000043       0x44 ./Core/Src/system_stm32f4xx.o
 .comment       0x00000043       0x44 ./Drivers/STM32F4xx_HAL_Driver/Src/stm32f4xx_hal.o
 .comment       0x00000043       0x44 ./Drivers/STM32F4xx_HAL_Driver/Src/stm32f4xx_hal_cortex.o
 .comment       0x00000043       0x44 ./Drivers/STM32F4xx_HAL_Driver/Src/stm32f4xx_hal_gpio.o
 .comment       0x00000043       0x44 ./Drivers/STM32F4xx_HAL_Driver/Src/stm32f4xx_hal_rcc.o
 .comment       0x00000043       0x44 ./Drivers/STM32F4xx_HAL_Driver/Src/stm32f4xx_hal_tim.o
 .comment       0x00000043       0x44 ./Drivers/STM32F4xx_HAL_Driver/Src/stm32f4xx_hal_tim_ex.o
 .comment       0x00000043       0x44 ./middleware/ThirdParty/FreeRTOS/list.o
 .comment       0x00000043       0x44 ./middleware/ThirdParty/FreeRTOS/queue.o
 .comment       0x00000043       0x44 ./middleware/ThirdParty/FreeRTOS/tasks.o
 .comment       0x00000043       0x44 ./middleware/ThirdParty/FreeRTOS/timers.o
 .comment       0x00000043       0x44 ./middleware/ThirdParty/FreeRTOS/portable/GCC/ARM_CM4F/port.o
 .comment       0x00000043       0x44 ./middleware/ThirdParty/FreeRTOS/portable/MemMang/heap_4.o
 .comment       0x00000043       0x44 ./middleware/ThirdParty/SEGGER/Config/SEGGER_SYSVIEW_Config_FreeRTOS.o
 .comment       0x00000043       0x44 ./middleware/ThirdParty/SEGGER/OS/SEGGER_SYSVIEW_FreeRTOS.o
 .comment       0x00000043       0x44 ./middleware/ThirdParty/SEGGER/SEGGER/SEGGER_RTT.o
 .comment       0x00000043       0x44 ./middleware/ThirdParty/SEGGER/SEGGER/SEGGER_SYSVIEW.o

.debug_frame    0x00000000     0x52f4
 .debug_frame   0x00000000      0x10c ./Core/Src/Disc_F407.o
 .debug_frame   0x0000010c      0x15c ./Core/Src/main.o
 .debug_frame   0x00000268       0x38 ./Core/Src/stm32f4xx_hal_msp.o
 .debug_frame   0x000002a0       0x74 ./Core/Src/stm32f4xx_hal_timebase_tim.o
 .debug_frame   0x00000314       0xc4 ./Core/Src/stm32f4xx_it.o
 .debug_frame   0x000003d8       0x58 ./Core/Src/system_stm32f4xx.o
 .debug_frame   0x00000430      0x374 ./Drivers/STM32F4xx_HAL_Driver/Src/stm32f4xx_hal.o
 .debug_frame   0x000007a4      0x4fc ./Drivers/STM32F4xx_HAL_Driver/Src/stm32f4xx_hal_cortex.o
 .debug_frame   0x00000ca0      0x13c ./Drivers/STM32F4xx_HAL_Driver/Src/stm32f4xx_hal_gpio.o
 .debug_frame   0x00000ddc      0x1f8 ./Drivers/STM32F4xx_HAL_Driver/Src/stm32f4xx_hal_rcc.o
 .debug_frame   0x00000fd4     0x11dc ./Drivers/STM32F4xx_HAL_Driver/Src/stm32f4xx_hal_tim.o
 .debug_frame   0x000021b0      0x620 ./Drivers/STM32F4xx_HAL_Driver/Src/stm32f4xx_hal_tim_ex.o
 .debug_frame   0x000027d0       0xd8 ./middleware/ThirdParty/FreeRTOS/list.o
 .debug_frame   0x000028a8      0x544 ./middleware/ThirdParty/FreeRTOS/queue.o
 .debug_frame   0x00002dec      0x8fc ./middleware/ThirdParty/FreeRTOS/tasks.o
 .debug_frame   0x000036e8      0x38c ./middleware/ThirdParty/FreeRTOS/timers.o
 .debug_frame   0x00003a74      0x1d0 ./middleware/ThirdParty/FreeRTOS/portable/GCC/ARM_CM4F/port.o
 .debug_frame   0x00003c44      0x12c ./middleware/ThirdParty/FreeRTOS/portable/MemMang/heap_4.o
 .debug_frame   0x00003d70       0x48 ./middleware/ThirdParty/SEGGER/Config/SEGGER_SYSVIEW_Config_FreeRTOS.o
 .debug_frame   0x00003db8      0x104 ./middleware/ThirdParty/SEGGER/OS/SEGGER_SYSVIEW_FreeRTOS.o
 .debug_frame   0x00003ebc      0x52c ./middleware/ThirdParty/SEGGER/SEGGER/SEGGER_RTT.o
 .debug_frame   0x000043e8      0xe10 ./middleware/ThirdParty/SEGGER/SEGGER/SEGGER_SYSVIEW.o
 .debug_frame   0x000051f8       0x28 /opt/st/stm32cubeide_1.18.0/plugins/com.st.stm32cube.ide.mcu.externaltools.gnu-tools-for-stm32.13.3.rel1.linux64_1.0.0.202410170706/tools/bin/../lib/gcc/arm-none-eabi/13.3.1/../../../../arm-none-eabi/lib/thumb/v7e-m+fp/hard/libc_nano.a(libc_a-memcmp.o)
 .debug_frame   0x00005220       0x20 /opt/st/stm32cubeide_1.18.0/plugins/com.st.stm32cube.ide.mcu.externaltools.gnu-tools-for-stm32.13.3.rel1.linux64_1.0.0.202410170706/tools/bin/../lib/gcc/arm-none-eabi/13.3.1/../../../../arm-none-eabi/lib/thumb/v7e-m+fp/hard/libc_nano.a(libc_a-memset.o)
 .debug_frame   0x00005240       0x2c /opt/st/stm32cubeide_1.18.0/plugins/com.st.stm32cube.ide.mcu.externaltools.gnu-tools-for-stm32.13.3.rel1.linux64_1.0.0.202410170706/tools/bin/../lib/gcc/arm-none-eabi/13.3.1/../../../../arm-none-eabi/lib/thumb/v7e-m+fp/hard/libc_nano.a(libc_a-init.o)
 .debug_frame   0x0000526c       0x28 /opt/st/stm32cubeide_1.18.0/plugins/com.st.stm32cube.ide.mcu.externaltools.gnu-tools-for-stm32.13.3.rel1.linux64_1.0.0.202410170706/tools/bin/../lib/gcc/arm-none-eabi/13.3.1/../../../../arm-none-eabi/lib/thumb/v7e-m+fp/hard/libc_nano.a(libc_a-memcpy-stub.o)
 .debug_frame   0x00005294       0x2c /opt/st/stm32cubeide_1.18.0/plugins/com.st.stm32cube.ide.mcu.externaltools.gnu-tools-for-stm32.13.3.rel1.linux64_1.0.0.202410170706/tools/bin/../lib/gcc/arm-none-eabi/13.3.1/thumb/v7e-m+fp/hard/libgcc.a(_aeabi_uldivmod.o)
 .debug_frame   0x000052c0       0x34 /opt/st/stm32cubeide_1.18.0/plugins/com.st.stm32cube.ide.mcu.externaltools.gnu-tools-for-stm32.13.3.rel1.linux64_1.0.0.202410170706/tools/bin/../lib/gcc/arm-none-eabi/13.3.1/thumb/v7e-m+fp/hard/libgcc.a(_udivmoddi4.o)

.debug_line_str
                0x00000000       0xe2
 .debug_line_str
                0x00000000       0xe2 ./Core/Startup/startup_stm32f407vgtx.o
                                 0x5e (size before relaxing)
 .debug_line_str
                0x000000e2       0xba ./middleware/ThirdParty/SEGGER/SEGGER/SEGGER_RTT_ASM_ARMv7M.o
