Archive member included to satisfy reference by file (symbol)

/opt/st/stm32cubeide_1.18.0/plugins/com.st.stm32cube.ide.mcu.externaltools.gnu-tools-for-stm32.13.3.rel1.linux64_1.0.0.202410170706/tools/bin/../lib/gcc/arm-none-eabi/13.3.1/../../../../arm-none-eabi/lib/thumb/v7e-m+fp/hard/libc_nano.a(libc_a-exit.o)
                              /opt/st/stm32cubeide_1.18.0/plugins/com.st.stm32cube.ide.mcu.externaltools.gnu-tools-for-stm32.13.3.rel1.linux64_1.0.0.202410170706/tools/bin/../lib/gcc/arm-none-eabi/13.3.1/../../../../arm-none-eabi/lib/thumb/v7e-m+fp/hard/crt0.o (exit)
/opt/st/stm32cubeide_1.18.0/plugins/com.st.stm32cube.ide.mcu.externaltools.gnu-tools-for-stm32.13.3.rel1.linux64_1.0.0.202410170706/tools/bin/../lib/gcc/arm-none-eabi/13.3.1/../../../../arm-none-eabi/lib/thumb/v7e-m+fp/hard/libc_nano.a(libc_a-findfp.o)
                              /opt/st/stm32cubeide_1.18.0/plugins/com.st.stm32cube.ide.mcu.externaltools.gnu-tools-for-stm32.13.3.rel1.linux64_1.0.0.202410170706/tools/bin/../lib/gcc/arm-none-eabi/13.3.1/../../../../arm-none-eabi/lib/thumb/v7e-m+fp/hard/libc_nano.a(libc_a-exit.o) (__stdio_exit_handler)
/opt/st/stm32cubeide_1.18.0/plugins/com.st.stm32cube.ide.mcu.externaltools.gnu-tools-for-stm32.13.3.rel1.linux64_1.0.0.202410170706/tools/bin/../lib/gcc/arm-none-eabi/13.3.1/../../../../arm-none-eabi/lib/thumb/v7e-m+fp/hard/libc_nano.a(libc_a-fwalk.o)
                              /opt/st/stm32cubeide_1.18.0/plugins/com.st.stm32cube.ide.mcu.externaltools.gnu-tools-for-stm32.13.3.rel1.linux64_1.0.0.202410170706/tools/bin/../lib/gcc/arm-none-eabi/13.3.1/../../../../arm-none-eabi/lib/thumb/v7e-m+fp/hard/libc_nano.a(libc_a-findfp.o) (_fwalk_sglue)
/opt/st/stm32cubeide_1.18.0/plugins/com.st.stm32cube.ide.mcu.externaltools.gnu-tools-for-stm32.13.3.rel1.linux64_1.0.0.202410170706/tools/bin/../lib/gcc/arm-none-eabi/13.3.1/../../../../arm-none-eabi/lib/thumb/v7e-m+fp/hard/libc_nano.a(libc_a-stdio.o)
                              /opt/st/stm32cubeide_1.18.0/plugins/com.st.stm32cube.ide.mcu.externaltools.gnu-tools-for-stm32.13.3.rel1.linux64_1.0.0.202410170706/tools/bin/../lib/gcc/arm-none-eabi/13.3.1/../../../../arm-none-eabi/lib/thumb/v7e-m+fp/hard/libc_nano.a(libc_a-findfp.o) (__sread)
/opt/st/stm32cubeide_1.18.0/plugins/com.st.stm32cube.ide.mcu.externaltools.gnu-tools-for-stm32.13.3.rel1.linux64_1.0.0.202410170706/tools/bin/../lib/gcc/arm-none-eabi/13.3.1/../../../../arm-none-eabi/lib/thumb/v7e-m+fp/hard/libc_nano.a(libc_a-memcmp.o)
                              ./Middleware/SEGGER/FreeRTOSV11/SEGGER_SYSVIEW_FreeRTOS.o (memcmp)
/opt/st/stm32cubeide_1.18.0/plugins/com.st.stm32cube.ide.mcu.externaltools.gnu-tools-for-stm32.13.3.rel1.linux64_1.0.0.202410170706/tools/bin/../lib/gcc/arm-none-eabi/13.3.1/../../../../arm-none-eabi/lib/thumb/v7e-m+fp/hard/libc_nano.a(libc_a-memset.o)
                              /opt/st/stm32cubeide_1.18.0/plugins/com.st.stm32cube.ide.mcu.externaltools.gnu-tools-for-stm32.13.3.rel1.linux64_1.0.0.202410170706/tools/bin/../lib/gcc/arm-none-eabi/13.3.1/../../../../arm-none-eabi/lib/thumb/v7e-m+fp/hard/crt0.o (memset)
/opt/st/stm32cubeide_1.18.0/plugins/com.st.stm32cube.ide.mcu.externaltools.gnu-tools-for-stm32.13.3.rel1.linux64_1.0.0.202410170706/tools/bin/../lib/gcc/arm-none-eabi/13.3.1/../../../../arm-none-eabi/lib/thumb/v7e-m+fp/hard/libc_nano.a(libc_a-closer.o)
                              /opt/st/stm32cubeide_1.18.0/plugins/com.st.stm32cube.ide.mcu.externaltools.gnu-tools-for-stm32.13.3.rel1.linux64_1.0.0.202410170706/tools/bin/../lib/gcc/arm-none-eabi/13.3.1/../../../../arm-none-eabi/lib/thumb/v7e-m+fp/hard/libc_nano.a(libc_a-stdio.o) (_close_r)
/opt/st/stm32cubeide_1.18.0/plugins/com.st.stm32cube.ide.mcu.externaltools.gnu-tools-for-stm32.13.3.rel1.linux64_1.0.0.202410170706/tools/bin/../lib/gcc/arm-none-eabi/13.3.1/../../../../arm-none-eabi/lib/thumb/v7e-m+fp/hard/libc_nano.a(libc_a-reent.o)
                              /opt/st/stm32cubeide_1.18.0/plugins/com.st.stm32cube.ide.mcu.externaltools.gnu-tools-for-stm32.13.3.rel1.linux64_1.0.0.202410170706/tools/bin/../lib/gcc/arm-none-eabi/13.3.1/../../../../arm-none-eabi/lib/thumb/v7e-m+fp/hard/libc_nano.a(libc_a-closer.o) (errno)
/opt/st/stm32cubeide_1.18.0/plugins/com.st.stm32cube.ide.mcu.externaltools.gnu-tools-for-stm32.13.3.rel1.linux64_1.0.0.202410170706/tools/bin/../lib/gcc/arm-none-eabi/13.3.1/../../../../arm-none-eabi/lib/thumb/v7e-m+fp/hard/libc_nano.a(libc_a-impure.o)
                              /opt/st/stm32cubeide_1.18.0/plugins/com.st.stm32cube.ide.mcu.externaltools.gnu-tools-for-stm32.13.3.rel1.linux64_1.0.0.202410170706/tools/bin/../lib/gcc/arm-none-eabi/13.3.1/../../../../arm-none-eabi/lib/thumb/v7e-m+fp/hard/libc_nano.a(libc_a-reent.o) (_impure_ptr)
/opt/st/stm32cubeide_1.18.0/plugins/com.st.stm32cube.ide.mcu.externaltools.gnu-tools-for-stm32.13.3.rel1.linux64_1.0.0.202410170706/tools/bin/../lib/gcc/arm-none-eabi/13.3.1/../../../../arm-none-eabi/lib/thumb/v7e-m+fp/hard/libc_nano.a(libc_a-lseekr.o)
[...]
Memory Configuration

Name             Origin             Length             Attributes
CCMRAM           0x10000000         0x00010000         xrw
RAM              0x20000000         0x00020000         xrw
FLASH            0x08000000         0x00100000         xr
*default*        0x00000000         0xffffffff

Linker script and memory map

LOAD /opt/st/stm32cubeide_1.18.0/plugins/com.st.stm32cube.ide.mcu.externaltools.gnu-tools-for-stm32.13.3.rel1.linux64_1.0.0.202410170706/tools/bin/../lib/gcc/arm-none-eabi/13.3.1/thumb/v7e-m+fp/hard/crti.o
LOAD /opt/st/stm32cubeide_1.18.0/plugins/com.st.stm32cube.ide.mcu.externaltools.gnu-tools-for-stm32.13.3.rel1.linux64_1.0.0.202410170706/tools/bin/../lib/gcc/arm-none-eabi/13.3.1/thumb/v7e-m+fp/hard/crtbegin.o
LOAD /opt/st/stm32cubeide_1.18.0/plugins/com.st.stm32cube.ide.mcu.externaltools.gnu-tools-for-stm32.13.3.rel1.linux64_1.0.0.202410170706/tools/bin/../lib/gcc/arm-none-eabi/13.3.1/../../../../arm-none-eabi/lib/thumb/v7e-m+fp/hard/crt0.o
LOAD ./Core/Src/Disc_F407.o
LOAD ./Core/Src/main.o
LOAD ./Core/Src/stm32f4xx_hal_msp.o
LOAD ./Core/Src/stm32f4xx_hal_timebase_tim.o
LOAD ./Core/Src/stm32f4xx_it.o
LOAD ./Core/Src/syscalls.o
LOAD ./Core/Src/system_stm32f4xx.o
LOAD ./Core/Startup/startup_stm32f407vgtx.o
LOAD ./Drivers/STM32F4xx_HAL_Driver/Src/stm32f4xx_hal.o
LOAD ./Drivers/STM32F4xx_HAL_Driver/Src/stm32f4xx_hal_cortex.o
LOAD ./Drivers/STM32F4xx_HAL_Driver/Src/stm32f4xx_hal_dma.o
LOAD ./Drivers/STM32F4xx_HAL_Driver/Src/stm32f4xx_hal_dma_ex.o
LOAD ./Drivers/STM32F4xx_HAL_Driver/Src/stm32f4xx_hal_exti.o
LOAD ./Drivers/STM32F4xx_HAL_Driver/Src/stm32f4xx_hal_flash.o
LOAD ./Drivers/STM32F4xx_HAL_Driver/Src/stm32f4xx_hal_flash_ex.o
LOAD ./Drivers/STM32F4xx_HAL_Driver/Src/stm32f4xx_hal_flash_ramfunc.o
LOAD ./Drivers/STM32F4xx_HAL_Driver/Src/stm32f4xx_hal_gpio.o
LOAD ./Drivers/STM32F4xx_HAL_Driver/Src/stm32f4xx_hal_pwr.o
LOAD ./Drivers/STM32F4xx_HAL_Driver/Src/stm32f4xx_hal_pwr_ex.o
LOAD ./Drivers/STM32F4xx_HAL_Driver/Src/stm32f4xx_hal_rcc.o
LOAD ./Drivers/STM32F4xx_HAL_Driver/Src/stm32f4xx_hal_rcc_ex.o
LOAD ./Drivers/STM32F4xx_HAL_Driver/Src/stm32f4xx_hal_tim.o
LOAD ./Drivers/STM32F4xx_HAL_Driver/Src/stm32f4xx_hal_tim_ex.o
LOAD ./Middleware/FreeRTOS/croutine.o
LOAD ./Middleware/FreeRTOS/event_groups.o
LOAD ./Middleware/FreeRTOS/list.o
LOAD ./Middleware/FreeRTOS/queue.o
LOAD ./Middleware/FreeRTOS/stream_buffer.o
LOAD ./Middleware/FreeRTOS/tasks.o
LOAD ./Middleware/FreeRTOS/timers.o
LOAD ./Middleware/FreeRTOS/portable/GCC/ARM_CM4F/port.o
LOAD ./Middleware/FreeRTOS/portable/MemMang/heap_4.o
LOAD ./Middleware/SEGGER/Config/SEGGER_SYSVIEW_Config_FreeRTOS.o
LOAD ./Middleware/SEGGER/FreeRTOSV11/SEGGER_SYSVIEW_FreeRTOS.o
LOAD ./Middleware/SEGGER/SEGGER/SEGGER_RTT.o
LOAD ./Middleware/SEGGER/SEGGER/SEGGER_RTT_ASM_ARMv7M.o
LOAD ./Middleware/SEGGER/SEGGER/SEGGER_RTT_printf.o
LOAD ./Middleware/SEGGER/SEGGER/SEGGER_SYSVIEW.o
LOAD ./Middleware/SEGGER/SEGGER/Syscalls/SEGGER_RTT_Syscalls_GCC.o
START GROUP
LOAD /opt/st/stm32cubeide_1.18.0/plugins/com.st.stm32cube.ide.mcu.externaltools.gnu-tools-for-stm32.13.3.rel1.linux64_1.0.0.202410170706/tools/bin/../lib/gcc/arm-none-eabi/13.3.1/../../../../arm-none-eabi/lib/thumb/v7e-m+fp/hard/libc_nano.a
LOAD /opt/st/stm32cubeide_1.18.0/plugins/com.st.stm32cube.ide.mcu.externaltools.gnu-tools-for-stm32.13.3.rel1.linux64_1.0.0.202410170706/tools/bin/../lib/gcc/arm-none-eabi/13.3.1/../../../../arm-none-eabi/lib/thumb/v7e-m+fp/hard/libm.a
END GROUP
START GROUP
LOAD /opt/st/stm32cubeide_1.18.0/plugins/com.st.stm32cube.ide.mcu.externaltools.gnu-tools-for-stm32.13.3.rel1.linux64_1.0.0.202410170706/tools/bin/../lib/gcc/arm-none-eabi/13.3.1/thumb/v7e-m+fp/hard/libgcc.a
LOAD /opt/st/stm32cubeide_1.18.0/plugins/com.st.stm32cube.ide.mcu.externaltools.gnu-tools-for-stm32.13.3.rel1.linux64_1.0.0.202410170706/tools/bin/../lib/gcc/arm-none-eabi/13.3.1/../../../../arm-none-eabi/lib/thumb/v7e-m+fp/hard/libc_nano.a
END GROUP
START GROUP
LOAD /opt/st/stm32cubeide_1.18.0/plugins/com.st.stm32cube.ide.mcu.externaltools.gnu-tools-for-stm32.13.3.rel1.linux64_1.0.0.202410170706/tools/bin/../lib/gcc/arm-none-eabi/13.3.1/thumb/v7e-m+fp/hard/libgcc.a
LOAD /opt/st/stm32cubeide_1.18.0/plugins/com.st.stm32cube.ide.mcu.externaltools.gnu-tools-for-stm32.13.3.rel1.linux64_1.0.0.202410170706/tools/bin/../lib/gcc/arm-none-eabi/13.3.1/../../../../arm-none-eabi/lib/thumb/v7e-m+fp/hard/libc_nano.a
LOAD /opt/st/stm32cubeide_1.18.0/plugins/com.st.stm32cube.ide.mcu.externaltools.gnu-tools-for-stm32.13.3.rel1.linux64_1.0.0.202410170706/tools/bin/../lib/gcc/arm-none-eabi/13.3.1/../../../../arm-none-eabi/lib/thumb/v7e-m+fp/hard/libnosys.a
END GROUP
START GROUP
LOAD /opt/st/stm32cubeide_1.18.0/plugins/com.st.stm32cube.ide.mcu.externaltools.gnu-tools-for-stm32.13.3.rel1.linux64_1.0.0.202410170706/tools/bin/../lib/gcc/arm-none-eabi/13.3.1/thumb/v7e-m+fp/hard/libgcc.a
LOAD /opt/st/stm32cubeide_1.18.0/plugins/com.st.stm32cube.ide.mcu.externaltools.gnu-tools-for-stm32.13.3.rel1.linux64_1.0.0.202410170706/tools/bin/../lib/gcc/arm-none-eabi/13.3.1/../../../../arm-none-eabi/lib/thumb/v7e-m+fp/hard/libc_nano.a
LOAD /opt/st/stm32cubeide_1.18.0/plugins/com.st.stm32cube.ide.mcu.externaltools.gnu-tools-for-stm32.13.3.rel1.linux64_1.0.0.202410170706/tools/bin/../lib/gcc/arm-none-eabi/13.3.1/../../../../arm-none-eabi/lib/thumb/v7e-m+fp/hard/libnosys.a
END GROUP
LOAD /opt/st/stm32cubeide_1.18.0/plugins/com.st.stm32cube.ide.mcu.externaltools.gnu-tools-for-stm32.13.3.rel1.linux64_1.0.0.202410170706/tools/bin/../lib/gcc/arm-none-eabi/13.3.1/thumb/v7e-m+fp/hard/crtend.o
LOAD /opt/st/stm32cubeide_1.18.0/plugins/com.st.stm32cube.ide.mcu.externaltools.gnu-tools-for-stm32.13.3.rel1.linux64_1.0.0.202410170706/tools/bin/../lib/gcc/arm-none-eabi/13.3.1/thumb/v7e-m+fp/hard/crtn.o
                0x20020000                        _estack = (ORIGIN (RAM) + LENGTH (RAM))
                0x00000200                        _Min_Heap_Size = 0x200
                0x00000400                        _Min_Stack_Size = 0x400

.isr_vector     0x08000000      0x188
                0x08000000                        . = ALIGN (0x4)
 *(.isr_vector)
 .isr_vector    0x08000000      0x188 ./Core/Startup/startup_stm32f407vgtx.o
                0x08000000                g_pfnVectors
                0x08000188                        . = ALIGN (0x4)

.text           0x08000190     0x5748
                0x08000190                        . = ALIGN (0x4)
 *(.text)
 .text          0x08000190       0x40 /opt/st/stm32cubeide_1.18.0/plugins/com.st.stm32cube.ide.mcu.externaltools.gnu-tools-for-stm32.13.3.rel1.linux64_1.0.0.202410170706/tools/bin/../lib/gcc/arm-none-eabi/13.3.1/thumb/v7e-m+fp/hard/crtbegin.o
 .text          0x080001d0       0x94 ./Middleware/SEGGER/SEGGER/SEGGER_RTT_ASM_ARMv7M.o
                0x080001d0                SEGGER_RTT_ASM_WriteSkipNoLock
 .text          0x08000264       0x30 /opt/st/stm32cubeide_1.18.0/plugins/com.st.stm32cube.ide.mcu.externaltools.gnu-tools-for-stm32.13.3.rel1.linux64_1.0.0.202410170706/tools/bin/../lib/gcc/arm-none-eabi/13.3.1/thumb/v7e-m+fp/hard/libgcc.a(_aeabi_uldivmod.o)
                0x08000264                __aeabi_uldivmod
 .text          0x08000294      0x2f8 /opt/st/stm32cubeide_1.18.0/plugins/com.st.stm32cube.ide.mcu.externaltools.gnu-tools-for-stm32.13.3.rel1.linux64_1.0.0.202410170706/tools/bin/../lib/gcc/arm-none-eabi/13.3.1/thumb/v7e-m+fp/hard/libgcc.a(_udivmoddi4.o)
                0x08000294                __udivmoddi4
 .text          0x0800058c        0x4 /opt/st/stm32cubeide_1.18.0/plugins/com.st.stm32cube.ide.mcu.externaltools.gnu-tools-for-stm32.13.3.rel1.linux64_1.0.0.202410170706/tools/bin/../lib/gcc/arm-none-eabi/13.3.1/thumb/v7e-m+fp/hard/libgcc.a(_dvmd_tls.o)
                0x0800058c                __aeabi_ldiv0
                0x0800058c                __aeabi_idiv0
 *(.text*)
 .text.GreenOn  0x08000590       0x18 ./Core/Src/Disc_F407.o
                0x08000590                GreenOn
 .text.GreenOff
                0x080005a8       0x18 ./Core/Src/Disc_F407.o
                0x080005a8                GreenOff
 .text.RedOn    0x080005c0       0x18 ./Core/Src/Disc_F407.o
                0x080005c0                RedOn
 .text.RedOff   0x080005d8       0x18 ./Core/Src/Disc_F407.o
                0x080005d8                RedOff
 .text.BlueOn   0x080005f0       0x18 ./Core/Src/Disc_F407.o
                0x080005f0                BlueOn
 .text.BlueOff  0x08000608       0x18 ./Core/Src/Disc_F407.o
                0x08000608                BlueOff
 .text.main     0x08000620       0x98 ./Core/Src/main.o
                0x08000620                main
 .text.SystemClock_Config
                0x080006b8       0xbc ./Core/Src/main.o
                0x080006b8                SystemClock_Config
 .text.MX_GPIO_Init
                0x08000774       0xa4 ./Core/Src/main.o
 .text.GreenTask
                0x08000818       0x5c ./Core/Src/main.o
                0x08000818                GreenTask
 .text.BlueTask
                0x08000874       0x44 ./Core/Src/main.o
                0x08000874                BlueTask
 .text.RedTask  0x080008b8       0x3c ./Core/Src/main.o
                0x080008b8                RedTask
 .text.lookBusy
                0x080008f4       0x48 ./Core/Src/main.o
                0x080008f4                lookBusy
 .text.HAL_TIM_PeriodElapsedCallback
                0x0800093c       0x24 ./Core/Src/main.o
                0x0800093c                HAL_TIM_PeriodElapsedCallback
 .text.Error_Handler
                0x08000960        0xc ./Core/Src/main.o
                0x08000960                Error_Handler
 .text.assert_failed
                0x0800096c       0x1c ./Core/Src/main.o
                0x0800096c                assert_failed
 .text.HAL_MspInit
                0x08000988       0x50 ./Core/Src/stm32f4xx_hal_msp.o
                0x08000988                HAL_MspInit
 .text.HAL_InitTick
                0x080009d8       0xe4 ./Core/Src/stm32f4xx_hal_timebase_tim.o
                0x080009d8                HAL_InitTick
 .text.NMI_Handler
                0x08000abc        0x8 ./Core/Src/stm32f4xx_it.o
                0x08000abc                NMI_Handler
 .text.HardFault_Handler
                0x08000ac4        0x8 ./Core/Src/stm32f4xx_it.o
                0x08000ac4                HardFault_Handler
 .text.MemManage_Handler
                0x08000acc        0x8 ./Core/Src/stm32f4xx_it.o
                0x08000acc                MemManage_Handler
 .text.BusFault_Handler
                0x08000ad4        0x8 ./Core/Src/stm32f4xx_it.o
                0x08000ad4                BusFault_Handler
 .text.UsageFault_Handler
                0x08000adc        0x8 ./Core/Src/stm32f4xx_it.o
                0x08000adc                UsageFault_Handler
 .text.DebugMon_Handler
                0x08000ae4        0xe ./Core/Src/stm32f4xx_it.o
                0x08000ae4                DebugMon_Handler
 *fill*         0x08000af2        0x2 
 .text.TIM1_UP_TIM10_IRQHandler
                0x08000af4       0x14 ./Core/Src/stm32f4xx_it.o
                0x08000af4                TIM1_UP_TIM10_IRQHandler
 .text.SystemInit
                0x08000b08       0x24 ./Core/Src/system_stm32f4xx.o
                0x08000b08                SystemInit
 .text.Reset_Handler
                0x08000b2c       0x50 ./Core/Startup/startup_stm32f407vgtx.o
                0x08000b2c                Reset_Handler
 .text.Default_Handler
                0x08000b7c        0x2 ./Core/Startup/startup_stm32f407vgtx.o
                0x08000b7c                RTC_Alarm_IRQHandler
                0x08000b7c                HASH_RNG_IRQHandler
                0x08000b7c                EXTI2_IRQHandler
                0x08000b7c                TIM8_CC_IRQHandler
                0x08000b7c                TIM1_CC_IRQHandler
                0x08000b7c                DMA2_Stream5_IRQHandler
                0x08000b7c                DMA1_Stream5_IRQHandler
                0x08000b7c                PVD_IRQHandler
                0x08000b7c                SDIO_IRQHandler
                0x08000b7c                TAMP_STAMP_IRQHandler
                0x08000b7c                CAN2_RX1_IRQHandler
                0x08000b7c                EXTI3_IRQHandler
                0x08000b7c                TIM8_TRG_COM_TIM14_IRQHandler
                0x08000b7c                TIM8_UP_TIM13_IRQHandler
                0x08000b7c                I2C3_ER_IRQHandler
                0x08000b7c                EXTI0_IRQHandler
                0x08000b7c                I2C2_EV_IRQHandler
                0x08000b7c                DMA1_Stream2_IRQHandler
                0x08000b7c                CAN1_RX0_IRQHandler
                0x08000b7c                FPU_IRQHandler
                0x08000b7c                OTG_HS_WKUP_IRQHandler
                0x08000b7c                CAN2_SCE_IRQHandler
                0x08000b7c                DMA2_Stream2_IRQHandler
                0x08000b7c                SPI1_IRQHandler
                0x08000b7c                TIM6_DAC_IRQHandler
                0x08000b7c                TIM1_BRK_TIM9_IRQHandler
                0x08000b7c                DCMI_IRQHandler
                0x08000b7c                CAN2_RX0_IRQHandler
                0x08000b7c                DMA2_Stream3_IRQHandler
                0x08000b7c                USART6_IRQHandler
                0x08000b7c                USART3_IRQHandler
                0x08000b7c                CAN1_RX1_IRQHandler
                0x08000b7c                UART5_IRQHandler
                0x08000b7c                DMA2_Stream0_IRQHandler
                0x08000b7c                TIM4_IRQHandler
                0x08000b7c                I2C1_EV_IRQHandler
                0x08000b7c                DMA1_Stream6_IRQHandler
                0x08000b7c                DMA1_Stream1_IRQHandler
                0x08000b7c                UART4_IRQHandler
                0x08000b7c                TIM3_IRQHandler
                0x08000b7c                RCC_IRQHandler
                0x08000b7c                TIM8_BRK_TIM12_IRQHandler
                0x08000b7c                Default_Handler
                0x08000b7c                EXTI15_10_IRQHandler
                0x08000b7c                ADC_IRQHandler
                0x08000b7c                DMA1_Stream7_IRQHandler
                0x08000b7c                TIM7_IRQHandler
                0x08000b7c                CAN2_TX_IRQHandler
                0x08000b7c                TIM5_IRQHandler
                0x08000b7c                DMA2_Stream7_IRQHandler
                0x08000b7c                I2C3_EV_IRQHandler
                0x08000b7c                EXTI9_5_IRQHandler
                0x08000b7c                RTC_WKUP_IRQHandler
                0x08000b7c                ETH_WKUP_IRQHandler
                0x08000b7c                SPI2_IRQHandler
                0x08000b7c                OTG_HS_EP1_IN_IRQHandler
                0x08000b7c                DMA1_Stream0_IRQHandler
                0x08000b7c                CAN1_TX_IRQHandler
                0x08000b7c                EXTI4_IRQHandler
                0x08000b7c                FSMC_IRQHandler
                0x08000b7c                ETH_IRQHandler
                0x08000b7c                OTG_HS_EP1_OUT_IRQHandler
                0x08000b7c                WWDG_IRQHandler
                0x08000b7c                TIM2_IRQHandler
                0x08000b7c                OTG_FS_WKUP_IRQHandler
                0x08000b7c                TIM1_TRG_COM_TIM11_IRQHandler
                0x08000b7c                OTG_HS_IRQHandler
                0x08000b7c                EXTI1_IRQHandler
                0x08000b7c                USART2_IRQHandler
                0x08000b7c                I2C2_ER_IRQHandler
                0x08000b7c                DMA2_Stream1_IRQHandler
                0x08000b7c                CAN1_SCE_IRQHandler
                0x08000b7c                FLASH_IRQHandler
                0x08000b7c                DMA2_Stream4_IRQHandler
                0x08000b7c                USART1_IRQHandler
                0x08000b7c                OTG_FS_IRQHandler
                0x08000b7c                SPI3_IRQHandler
                0x08000b7c                DMA1_Stream4_IRQHandler
                0x08000b7c                I2C1_ER_IRQHandler
                0x08000b7c                DMA2_Stream6_IRQHandler
                0x08000b7c                DMA1_Stream3_IRQHandler
 *fill*         0x08000b7e        0x2 
 .text.HAL_Init
                0x08000b80       0x44 ./Drivers/STM32F4xx_HAL_Driver/Src/stm32f4xx_hal.o
                0x08000b80                HAL_Init
 .text.HAL_IncTick
                0x08000bc4       0x28 ./Drivers/STM32F4xx_HAL_Driver/Src/stm32f4xx_hal.o
                0x08000bc4                HAL_IncTick
 .text.HAL_GetTick
                0x08000bec       0x18 ./Drivers/STM32F4xx_HAL_Driver/Src/stm32f4xx_hal.o
                0x08000bec                HAL_GetTick
 .text.__NVIC_SetPriorityGrouping
                0x08000c04       0x48 ./Drivers/STM32F4xx_HAL_Driver/Src/stm32f4xx_hal_cortex.o
 .text.__NVIC_GetPriorityGrouping
                0x08000c4c       0x1c ./Drivers/STM32F4xx_HAL_Driver/Src/stm32f4xx_hal_cortex.o
 .text.__NVIC_EnableIRQ
                0x08000c68       0x3c ./Drivers/STM32F4xx_HAL_Driver/Src/stm32f4xx_hal_cortex.o
 .text.__NVIC_SetPriority
                0x08000ca4       0x54 ./Drivers/STM32F4xx_HAL_Driver/Src/stm32f4xx_hal_cortex.o
 .text.NVIC_EncodePriority
                0x08000cf8       0x66 ./Drivers/STM32F4xx_HAL_Driver/Src/stm32f4xx_hal_cortex.o
 *fill*         0x08000d5e        0x2 
 .text.HAL_NVIC_SetPriorityGrouping
                0x08000d60       0x40 ./Drivers/STM32F4xx_HAL_Driver/Src/stm32f4xx_hal_cortex.o
                0x08000d60                HAL_NVIC_SetPriorityGrouping
 .text.HAL_NVIC_SetPriority
                0x08000da0       0x58 ./Drivers/STM32F4xx_HAL_Driver/Src/stm32f4xx_hal_cortex.o
                0x08000da0                HAL_NVIC_SetPriority
 .text.HAL_NVIC_EnableIRQ
                0x08000df8       0x30 ./Drivers/STM32F4xx_HAL_Driver/Src/stm32f4xx_hal_cortex.o
                0x08000df8                HAL_NVIC_EnableIRQ
 .text.HAL_GPIO_Init
                0x08000e28      0x5c0 ./Drivers/STM32F4xx_HAL_Driver/Src/stm32f4xx_hal_gpio.o
                0x08000e28                HAL_GPIO_Init
 .text.HAL_GPIO_WritePin
                0x080013e8       0x58 ./Drivers/STM32F4xx_HAL_Driver/Src/stm32f4xx_hal_gpio.o
                0x080013e8                HAL_GPIO_WritePin
 .text.HAL_RCC_OscConfig
                0x08001440      0x658 ./Drivers/STM32F4xx_HAL_Driver/Src/stm32f4xx_hal_rcc.o
                0x08001440                HAL_RCC_OscConfig
 .text.HAL_RCC_ClockConfig
                0x08001a98      0x31c ./Drivers/STM32F4xx_HAL_Driver/Src/stm32f4xx_hal_rcc.o
                0x08001a98                HAL_RCC_ClockConfig
 .text.HAL_RCC_GetSysClockFreq
                0x08001db4      0x18c ./Drivers/STM32F4xx_HAL_Driver/Src/stm32f4xx_hal_rcc.o
                0x08001db4                HAL_RCC_GetSysClockFreq
 .text.HAL_RCC_GetHCLKFreq
                0x08001f40       0x18 ./Drivers/STM32F4xx_HAL_Driver/Src/stm32f4xx_hal_rcc.o
                0x08001f40                HAL_RCC_GetHCLKFreq
 .text.HAL_RCC_GetPCLK2Freq
                0x08001f58       0x28 ./Drivers/STM32F4xx_HAL_Driver/Src/stm32f4xx_hal_rcc.o
                0x08001f58                HAL_RCC_GetPCLK2Freq
 .text.HAL_RCC_GetClockConfig
                0x08001f80       0x64 ./Drivers/STM32F4xx_HAL_Driver/Src/stm32f4xx_hal_rcc.o
                0x08001f80                HAL_RCC_GetClockConfig
 .text.HAL_TIM_Base_Init
                0x08001fe4      0x230 ./Drivers/STM32F4xx_HAL_Driver/Src/stm32f4xx_hal_tim.o
                0x08001fe4                HAL_TIM_Base_Init
 .text.HAL_TIM_Base_MspInit
                0x08002214       0x14 ./Drivers/STM32F4xx_HAL_Driver/Src/stm32f4xx_hal_tim.o
                0x08002214                HAL_TIM_Base_MspInit
 .text.HAL_TIM_Base_Start_IT
                0x08002228      0x18c ./Drivers/STM32F4xx_HAL_Driver/Src/stm32f4xx_hal_tim.o
                0x08002228                HAL_TIM_Base_Start_IT
 .text.HAL_TIM_IRQHandler
                0x080023b4      0x1e0 ./Drivers/STM32F4xx_HAL_Driver/Src/stm32f4xx_hal_tim.o
                0x080023b4                HAL_TIM_IRQHandler
 .text.HAL_TIM_OC_DelayElapsedCallback
                0x08002594       0x14 ./Drivers/STM32F4xx_HAL_Driver/Src/stm32f4xx_hal_tim.o
                0x08002594                HAL_TIM_OC_DelayElapsedCallback
 .text.HAL_TIM_IC_CaptureCallback
                0x080025a8       0x14 ./Drivers/STM32F4xx_HAL_Driver/Src/stm32f4xx_hal_tim.o
                0x080025a8                HAL_TIM_IC_CaptureCallback
 .text.HAL_TIM_PWM_PulseFinishedCallback
                0x080025bc       0x14 ./Drivers/STM32F4xx_HAL_Driver/Src/stm32f4xx_hal_tim.o
                0x080025bc                HAL_TIM_PWM_PulseFinishedCallback
 .text.HAL_TIM_TriggerCallback
                0x080025d0       0x14 ./Drivers/STM32F4xx_HAL_Driver/Src/stm32f4xx_hal_tim.o
                0x080025d0                HAL_TIM_TriggerCallback
 .text.TIM_Base_SetConfig
                0x080025e4      0x14c ./Drivers/STM32F4xx_HAL_Driver/Src/stm32f4xx_hal_tim.o
                0x080025e4                TIM_Base_SetConfig
 .text.HAL_TIMEx_CommutCallback
                0x08002730       0x14 ./Drivers/STM32F4xx_HAL_Driver/Src/stm32f4xx_hal_tim_ex.o
                0x08002730                HAL_TIMEx_CommutCallback
 .text.HAL_TIMEx_BreakCallback
                0x08002744       0x14 ./Drivers/STM32F4xx_HAL_Driver/Src/stm32f4xx_hal_tim_ex.o
                0x08002744                HAL_TIMEx_BreakCallback
 .text.vListInitialise
                0x08002758       0x40 ./Middleware/FreeRTOS/list.o
                0x08002758                vListInitialise
 .text.vListInitialiseItem
                0x08002798       0x1a ./Middleware/FreeRTOS/list.o
                0x08002798                vListInitialiseItem
 .text.vListInsertEnd
                0x080027b2       0x48 ./Middleware/FreeRTOS/list.o
                0x080027b2                vListInsertEnd
 .text.vListInsert
                0x080027fa       0x72 ./Middleware/FreeRTOS/list.o
                0x080027fa                vListInsert
 .text.uxListRemove
                0x0800286c       0x54 ./Middleware/FreeRTOS/list.o
                0x0800286c                uxListRemove
 .text.xTaskCreate
                0x080028c0       0x8c ./Middleware/FreeRTOS/tasks.o
                0x080028c0                xTaskCreate
 .text.prvInitialiseNewTask
                0x0800294c      0x120 ./Middleware/FreeRTOS/tasks.o
 .text.prvAddNewTaskToReadyList
                0x08002a6c      0x168 ./Middleware/FreeRTOS/tasks.o
 .text.vTaskDelay
                0x08002bd4       0x6c ./Middleware/FreeRTOS/tasks.o
                0x08002bd4                vTaskDelay
 .text.vTaskSuspend
                0x08002c40      0x140 ./Middleware/FreeRTOS/tasks.o
                0x08002c40                vTaskSuspend
 .text.prvTaskIsTaskSuspended
                0x08002d80       0x64 ./Middleware/FreeRTOS/tasks.o
 .text.vTaskResume
                0x08002de4      0x114 ./Middleware/FreeRTOS/tasks.o
                0x08002de4                vTaskResume
 .text.vTaskStartScheduler
                0x08002ef8       0xb8 ./Middleware/FreeRTOS/tasks.o
                0x08002ef8                vTaskStartScheduler
 .text.vTaskSuspendAll
                0x08002fb0       0x1c ./Middleware/FreeRTOS/tasks.o
                0x08002fb0                vTaskSuspendAll
 .text.xTaskResumeAll
                0x08002fcc      0x200 ./Middleware/FreeRTOS/tasks.o
                0x08002fcc                xTaskResumeAll
 .text.xTaskGetTickCountFromISR
                0x080031cc       0x24 ./Middleware/FreeRTOS/tasks.o
                0x080031cc                xTaskGetTickCountFromISR
 .text.xTaskIncrementTick
                0x080031f0      0x238 ./Middleware/FreeRTOS/tasks.o
                0x080031f0                xTaskIncrementTick
 .text.vTaskSwitchContext
                0x08003428       0xd4 ./Middleware/FreeRTOS/tasks.o
                0x08003428                vTaskSwitchContext
 .text.prvIdleTask
                0x080034fc       0x30 ./Middleware/FreeRTOS/tasks.o
 .text.prvInitialiseTaskLists
                0x0800352c       0x80 ./Middleware/FreeRTOS/tasks.o
 .text.prvCheckTasksWaitingTermination
                0x080035ac       0x5c ./Middleware/FreeRTOS/tasks.o
 .text.prvDeleteTCB
                0x08003608       0x20 ./Middleware/FreeRTOS/tasks.o
 .text.prvResetNextTaskUnblockTime
                0x08003628       0x38 ./Middleware/FreeRTOS/tasks.o
 .text.prvAddCurrentTaskToDelayedList
                0x08003660      0x100 ./Middleware/FreeRTOS/tasks.o
 .text.pxPortInitialiseStack
                0x08003760       0x68 ./Middleware/FreeRTOS/portable/GCC/ARM_CM4F/port.o
                0x08003760                pxPortInitialiseStack
 .text.prvTaskExitError
                0x080037c8       0x5c ./Middleware/FreeRTOS/portable/GCC/ARM_CM4F/port.o
 *fill*         0x08003824        0xc 
 .text.SVC_Handler
                0x08003830       0x28 ./Middleware/FreeRTOS/portable/GCC/ARM_CM4F/port.o
                0x08003830                SVC_Handler
 .text.prvPortStartFirstTask
                0x08003858       0x2c ./Middleware/FreeRTOS/portable/GCC/ARM_CM4F/port.o
 .text.xPortStartScheduler
                0x08003884      0x148 ./Middleware/FreeRTOS/portable/GCC/ARM_CM4F/port.o
                0x08003884                xPortStartScheduler
 .text.vPortEnterCritical
                0x080039cc       0x64 ./Middleware/FreeRTOS/portable/GCC/ARM_CM4F/port.o
                0x080039cc                vPortEnterCritical
 .text.vPortExitCritical
                0x08003a30       0x54 ./Middleware/FreeRTOS/portable/GCC/ARM_CM4F/port.o
                0x08003a30                vPortExitCritical
 *fill*         0x08003a84        0xc 
 .text.PendSV_Handler
                0x08003a90       0x68 ./Middleware/FreeRTOS/portable/GCC/ARM_CM4F/port.o
                0x08003a90                PendSV_Handler
 .text.SysTick_Handler
                0x08003af8       0x44 ./Middleware/FreeRTOS/portable/GCC/ARM_CM4F/port.o
                0x08003af8                SysTick_Handler
 .text.vPortSetupTimerInterrupt
                0x08003b3c       0x48 ./Middleware/FreeRTOS/portable/GCC/ARM_CM4F/port.o
                0x08003b3c                vPortSetupTimerInterrupt
 .text.vPortEnableVFP
                0x08003b84       0x18 ./Middleware/FreeRTOS/portable/GCC/ARM_CM4F/port.o
 .text.vPortValidateInterruptPriority
                0x08003b9c       0x84 ./Middleware/FreeRTOS/portable/GCC/ARM_CM4F/port.o
                0x08003b9c                vPortValidateInterruptPriority
 .text.pvPortMalloc
                0x08003c20      0x178 ./Middleware/FreeRTOS/portable/MemMang/heap_4.o
                0x08003c20                pvPortMalloc
 .text.vPortFree
                0x08003d98       0xb4 ./Middleware/FreeRTOS/portable/MemMang/heap_4.o
                0x08003d98                vPortFree
 .text.prvHeapInit
                0x08003e4c       0xb8 ./Middleware/FreeRTOS/portable/MemMang/heap_4.o
 .text.prvInsertBlockIntoFreeList
                0x08003f04       0xb4 ./Middleware/FreeRTOS/portable/MemMang/heap_4.o
 .text._cbSendSystemDesc
                0x08003fb8       0x1c ./Middleware/SEGGER/Config/SEGGER_SYSVIEW_Config_FreeRTOS.o
 .text.SEGGER_SYSVIEW_Conf
                0x08003fd4       0x2c ./Middleware/SEGGER/Config/SEGGER_SYSVIEW_Config_FreeRTOS.o
                0x08003fd4                SEGGER_SYSVIEW_Conf
 .text._cbSendTaskList
                0x08004000       0x90 ./Middleware/SEGGER/FreeRTOSV11/SEGGER_SYSVIEW_FreeRTOS.o
 .text._cbGetTime
                0x08004090       0x86 ./Middleware/SEGGER/FreeRTOSV11/SEGGER_SYSVIEW_FreeRTOS.o
 *fill*         0x08004116        0x2 
 .text.SYSVIEW_AddTask
                0x08004118       0xd0 ./Middleware/SEGGER/FreeRTOSV11/SEGGER_SYSVIEW_FreeRTOS.o
                0x08004118                SYSVIEW_AddTask
 .text.SYSVIEW_SendTaskInfo
                0x080041e8       0x42 ./Middleware/SEGGER/FreeRTOSV11/SEGGER_SYSVIEW_FreeRTOS.o
                0x080041e8                SYSVIEW_SendTaskInfo
 *fill*         0x0800422a        0x2 
 .text._DoInit  0x0800422c       0xb4 ./Middleware/SEGGER/SEGGER/SEGGER_RTT.o
 .text.SEGGER_RTT_ReadNoLock
                0x080042e0      0x10c ./Middleware/SEGGER/SEGGER/SEGGER_RTT.o
                0x080042e0                SEGGER_RTT_ReadNoLock
 .text.SEGGER_RTT_AllocUpBuffer
                0x080043ec      0x108 ./Middleware/SEGGER/SEGGER/SEGGER_RTT.o
                0x080043ec                SEGGER_RTT_AllocUpBuffer
 .text.SEGGER_RTT_ConfigDownBuffer
                0x080044f4       0x98 ./Middleware/SEGGER/SEGGER/SEGGER_RTT.o
                0x080044f4                SEGGER_RTT_ConfigDownBuffer
 .text._EncodeStr
                0x0800458c       0x60 ./Middleware/SEGGER/SEGGER/SEGGER_SYSVIEW.o
 .text._PreparePacket
                0x080045ec       0x18 ./Middleware/SEGGER/SEGGER/SEGGER_SYSVIEW.o
 .text._HandleIncomingPacket
                0x08004604       0xdc ./Middleware/SEGGER/SEGGER/SEGGER_SYSVIEW.o
 .text._TrySendOverflowPacket
                0x080046e0       0xe4 ./Middleware/SEGGER/SEGGER/SEGGER_SYSVIEW.o
 .text._SendPacket
                0x080047c4      0x2dc ./Middleware/SEGGER/SEGGER/SEGGER_SYSVIEW.o
 .text._VPrintHost
                0x08004aa0      0x17c ./Middleware/SEGGER/SEGGER/SEGGER_SYSVIEW.o
 .text.SEGGER_SYSVIEW_Init
                0x08004c1c       0x88 ./Middleware/SEGGER/SEGGER/SEGGER_SYSVIEW.o
                0x08004c1c                SEGGER_SYSVIEW_Init
 .text.SEGGER_SYSVIEW_SetRAMBase
                0x08004ca4       0x20 ./Middleware/SEGGER/SEGGER/SEGGER_SYSVIEW.o
                0x08004ca4                SEGGER_SYSVIEW_SetRAMBase
 .text.SEGGER_SYSVIEW_RecordVoid
                0x08004cc4       0x3c ./Middleware/SEGGER/SEGGER/SEGGER_SYSVIEW.o
                0x08004cc4                SEGGER_SYSVIEW_RecordVoid
 .text.SEGGER_SYSVIEW_RecordU32
                0x08004d00       0x78 ./Middleware/SEGGER/SEGGER/SEGGER_SYSVIEW.o
                0x08004d00                SEGGER_SYSVIEW_RecordU32
 .text.SEGGER_SYSVIEW_RecordU32x2
                0x08004d78       0xb4 ./Middleware/SEGGER/SEGGER/SEGGER_SYSVIEW.o
                0x08004d78                SEGGER_SYSVIEW_RecordU32x2
 .text.SEGGER_SYSVIEW_Start
                0x08004e2c      0x174 ./Middleware/SEGGER/SEGGER/SEGGER_SYSVIEW.o
                0x08004e2c                SEGGER_SYSVIEW_Start
 .text.SEGGER_SYSVIEW_Stop
                0x08004fa0       0x4c ./Middleware/SEGGER/SEGGER/SEGGER_SYSVIEW.o
                0x08004fa0                SEGGER_SYSVIEW_Stop
 .text.SEGGER_SYSVIEW_GetSysDesc
                0x08004fec      0x134 ./Middleware/SEGGER/SEGGER/SEGGER_SYSVIEW.o
                0x08004fec                SEGGER_SYSVIEW_GetSysDesc
 .text.SEGGER_SYSVIEW_SendTaskInfo
                0x08005120      0x1c8 ./Middleware/SEGGER/SEGGER/SEGGER_SYSVIEW.o
                0x08005120                SEGGER_SYSVIEW_SendTaskInfo
 .text.SEGGER_SYSVIEW_SendTaskList
                0x080052e8       0x28 ./Middleware/SEGGER/SEGGER/SEGGER_SYSVIEW.o
                0x080052e8                SEGGER_SYSVIEW_SendTaskList
 .text.SEGGER_SYSVIEW_SendSysDesc
                0x08005310       0x48 ./Middleware/SEGGER/SEGGER/SEGGER_SYSVIEW.o
                0x08005310                SEGGER_SYSVIEW_SendSysDesc
 .text.SEGGER_SYSVIEW_RecordSystime
                0x08005358       0x64 ./Middleware/SEGGER/SEGGER/SEGGER_SYSVIEW.o
                0x08005358                SEGGER_SYSVIEW_RecordSystime
 .text.SEGGER_SYSVIEW_OnIdle
                0x080053bc       0x38 ./Middleware/SEGGER/SEGGER/SEGGER_SYSVIEW.o
                0x080053bc                SEGGER_SYSVIEW_OnIdle
 .text.SEGGER_SYSVIEW_OnTaskCreate
                0x080053f4       0x84 ./Middleware/SEGGER/SEGGER/SEGGER_SYSVIEW.o
                0x080053f4                SEGGER_SYSVIEW_OnTaskCreate
 .text.SEGGER_SYSVIEW_OnTaskStartExec
                0x08005478       0x84 ./Middleware/SEGGER/SEGGER/SEGGER_SYSVIEW.o
                0x08005478                SEGGER_SYSVIEW_OnTaskStartExec
 .text.SEGGER_SYSVIEW_OnTaskStartReady
                0x080054fc       0x84 ./Middleware/SEGGER/SEGGER/SEGGER_SYSVIEW.o
                0x080054fc                SEGGER_SYSVIEW_OnTaskStartReady
 .text.SEGGER_SYSVIEW_SendModule
                0x08005580      0x114 ./Middleware/SEGGER/SEGGER/SEGGER_SYSVIEW.o
                0x08005580                SEGGER_SYSVIEW_SendModule
 .text.SEGGER_SYSVIEW_SendModuleDescription
                0x08005694       0x3c ./Middleware/SEGGER/SEGGER/SEGGER_SYSVIEW.o
                0x08005694                SEGGER_SYSVIEW_SendModuleDescription
 .text.SEGGER_SYSVIEW_SendNumModules
                0x080056d0       0x7c ./Middleware/SEGGER/SEGGER/SEGGER_SYSVIEW.o
                0x080056d0                SEGGER_SYSVIEW_SendNumModules
 .text.SEGGER_SYSVIEW_PrintfHost
                0x0800574c       0x28 ./Middleware/SEGGER/SEGGER/SEGGER_SYSVIEW.o
                0x0800574c                SEGGER_SYSVIEW_PrintfHost
 .text.SEGGER_SYSVIEW_Warn
                0x08005774       0xb8 ./Middleware/SEGGER/SEGGER/SEGGER_SYSVIEW.o
                0x08005774                SEGGER_SYSVIEW_Warn
 .text.memcmp   0x0800582c       0x20 /opt/st/stm32cubeide_1.18.0/plugins/com.st.stm32cube.ide.mcu.externaltools.gnu-tools-for-stm32.13.3.rel1.linux64_1.0.0.202410170706/tools/bin/../lib/gcc/arm-none-eabi/13.3.1/../../../../arm-none-eabi/lib/thumb/v7e-m+fp/hard/libc_nano.a(libc_a-memcmp.o)
                0x0800582c                memcmp
 .text.memset   0x0800584c       0x10 /opt/st/stm32cubeide_1.18.0/plugins/com.st.stm32cube.ide.mcu.externaltools.gnu-tools-for-stm32.13.3.rel1.linux64_1.0.0.202410170706/tools/bin/../lib/gcc/arm-none-eabi/13.3.1/../../../../arm-none-eabi/lib/thumb/v7e-m+fp/hard/libc_nano.a(libc_a-memset.o)
                0x0800584c                memset
 .text.__libc_init_array
                0x0800585c       0x48 /opt/st/stm32cubeide_1.18.0/plugins/com.st.stm32cube.ide.mcu.externaltools.gnu-tools-for-stm32.13.3.rel1.linux64_1.0.0.202410170706/tools/bin/../lib/gcc/arm-none-eabi/13.3.1/../../../../arm-none-eabi/lib/thumb/v7e-m+fp/hard/libc_nano.a(libc_a-init.o)
                0x0800585c                __libc_init_array
 .text.memcpy   0x080058a4       0x1c /opt/st/stm32cubeide_1.18.0/plugins/com.st.stm32cube.ide.mcu.externaltools.gnu-tools-for-stm32.13.3.rel1.linux64_1.0.0.202410170706/tools/bin/../lib/gcc/arm-none-eabi/13.3.1/../../../../arm-none-eabi/lib/thumb/v7e-m+fp/hard/libc_nano.a(libc_a-memcpy-stub.o)
                0x080058a4                memcpy
 *(.glue_7)
 .glue_7        0x080058c0        0x0 linker stubs
 *(.glue_7t)
 .glue_7t       0x080058c0        0x0 linker stubs
 *(.eh_frame)
 .eh_frame      0x080058c0        0x0 /opt/st/stm32cubeide_1.18.0/plugins/com.st.stm32cube.ide.mcu.externaltools.gnu-tools-for-stm32.13.3.rel1.linux64_1.0.0.202410170706/tools/bin/../lib/gcc/arm-none-eabi/13.3.1/thumb/v7e-m+fp/hard/crtbegin.o
 *(.init)
 .init          0x080058c0        0x4 /opt/st/stm32cubeide_1.18.0/plugins/com.st.stm32cube.ide.mcu.externaltools.gnu-tools-for-stm32.13.3.rel1.linux64_1.0.0.202410170706/tools/bin/../lib/gcc/arm-none-eabi/13.3.1/thumb/v7e-m+fp/hard/crti.o
                0x080058c0                _init
 .init          0x080058c4        0x8 /opt/st/stm32cubeide_1.18.0/plugins/com.st.stm32cube.ide.mcu.externaltools.gnu-tools-for-stm32.13.3.rel1.linux64_1.0.0.202410170706/tools/bin/../lib/gcc/arm-none-eabi/13.3.1/thumb/v7e-m+fp/hard/crtn.o
 *(.fini)
 .fini          0x080058cc        0x4 /opt/st/stm32cubeide_1.18.0/plugins/com.st.stm32cube.ide.mcu.externaltools.gnu-tools-for-stm32.13.3.rel1.linux64_1.0.0.202410170706/tools/bin/../lib/gcc/arm-none-eabi/13.3.1/thumb/v7e-m+fp/hard/crti.o
                0x080058cc                _fini
 .fini          0x080058d0        0x8 /opt/st/stm32cubeide_1.18.0/plugins/com.st.stm32cube.ide.mcu.externaltools.gnu-tools-for-stm32.13.3.rel1.linux64_1.0.0.202410170706/tools/bin/../lib/gcc/arm-none-eabi/13.3.1/thumb/v7e-m+fp/hard/crtn.o
                0x080058d8                        . = ALIGN (0x4)
                0x080058d8                        _etext = .

.vfp11_veneer   0x080058d8        0x0
 .vfp11_veneer  0x080058d8        0x0 linker stubs

.v4_bx          0x080058d8        0x0
 .v4_bx         0x080058d8        0x0 linker stubs

.iplt           0x080058d8        0x0
 .iplt          0x080058d8        0x0 /opt/st/stm32cubeide_1.18.0/plugins/com.st.stm32cube.ide.mcu.externaltools.gnu-tools-for-stm32.13.3.rel1.linux64_1.0.0.202410170706/tools/bin/../lib/gcc/arm-none-eabi/13.3.1/thumb/v7e-m+fp/hard/crtbegin.o

.rodata         0x080058d8      0x294
                0x080058d8                        . = ALIGN (0x4)
 *(.rodata)
 .rodata        0x080058d8       0xa6 ./Core/Src/main.o
 *fill*         0x0800597e        0x2 
 .rodata        0x08005980       0x3b ./Drivers/STM32F4xx_HAL_Driver/Src/stm32f4xx_hal_cortex.o
 *fill*         0x080059bb        0x1 
 .rodata        0x080059bc       0x39 ./Drivers/STM32F4xx_HAL_Driver/Src/stm32f4xx_hal_gpio.o
 *fill*         0x080059f5        0x3 
 .rodata        0x080059f8       0x38 ./Drivers/STM32F4xx_HAL_Driver/Src/stm32f4xx_hal_rcc.o
 .rodata        0x08005a30       0x38 ./Drivers/STM32F4xx_HAL_Driver/Src/stm32f4xx_hal_tim.o
 .rodata        0x08005a68        0x5 ./Middleware/FreeRTOS/tasks.o
 *fill*         0x08005a6d        0x3 
 .rodata        0x08005a70       0x41 ./Middleware/SEGGER/Config/SEGGER_SYSVIEW_Config_FreeRTOS.o
 *fill*         0x08005ab1        0x3 
 .rodata        0x08005ab4       0x58 ./Middleware/SEGGER/FreeRTOSV11/SEGGER_SYSVIEW_FreeRTOS.o
 .rodata        0x08005b0c        0x9 ./Middleware/SEGGER/SEGGER/SEGGER_RTT.o
 *fill*         0x08005b15        0x3 
 .rodata        0x08005b18       0x10 ./Middleware/SEGGER/SEGGER/SEGGER_SYSVIEW.o
 *(.rodata*)
 .rodata.AHBPrescTable
                0x08005b28       0x10 ./Core/Src/system_stm32f4xx.o
                0x08005b28                AHBPrescTable
 .rodata.APBPrescTable
                0x08005b38        0x8 ./Core/Src/system_stm32f4xx.o
                0x08005b38                APBPrescTable
 .rodata.uxTopUsedPriority
                0x08005b40        0x4 ./Middleware/FreeRTOS/tasks.o
                0x08005b40                uxTopUsedPriority
 .rodata.SYSVIEW_X_OS_TraceAPI
                0x08005b44        0x8 ./Middleware/SEGGER/FreeRTOSV11/SEGGER_SYSVIEW_FreeRTOS.o
                0x08005b44                SYSVIEW_X_OS_TraceAPI
 .rodata._aInitStr.0
                0x08005b4c       0x11 ./Middleware/SEGGER/SEGGER/SEGGER_RTT.o
 *fill*         0x08005b5d        0x3 
 .rodata._abSync
                0x08005b60        0xa ./Middleware/SEGGER/SEGGER/SEGGER_SYSVIEW.o
                0x08005b6c                        . = ALIGN (0x4)
 *fill*         0x08005b6a        0x2 

.ARM.extab      0x08005b6c        0x0
                0x08005b6c                        . = ALIGN (0x4)
 *(.ARM.extab* .gnu.linkonce.armextab.*)
                0x08005b6c                        . = ALIGN (0x4)

.ARM            0x08005b6c        0x8
                0x08005b6c                        . = ALIGN (0x4)
                0x08005b6c                        __exidx_start = .
 *(.ARM.exidx*)
 .ARM.exidx     0x08005b6c        0x8 /opt/st/stm32cubeide_1.18.0/plugins/com.st.stm32cube.ide.mcu.externaltools.gnu-tools-for-stm32.13.3.rel1.linux64_1.0.0.202410170706/tools/bin/../lib/gcc/arm-none-eabi/13.3.1/thumb/v7e-m+fp/hard/libgcc.a(_udivmoddi4.o)
                0x08005b74                        __exidx_end = .
                0x08005b74                        . = ALIGN (0x4)

.preinit_array  0x08005b74        0x0
                0x08005b74                        . = ALIGN (0x4)
                0x08005b74                        PROVIDE (__preinit_array_start = .)
 *(.preinit_array*)
                0x08005b74                        PROVIDE (__preinit_array_end = .)
                0x08005b74                        . = ALIGN (0x4)

.init_array     0x08005b74        0x4
                0x08005b74                        . = ALIGN (0x4)
                0x08005b74                        PROVIDE (__init_array_start = .)
 *(SORT_BY_NAME(.init_array.*))
 *(.init_array*)
 .init_array    0x08005b74        0x4 /opt/st/stm32cubeide_1.18.0/plugins/com.st.stm32cube.ide.mcu.externaltools.gnu-tools-for-stm32.13.3.rel1.linux64_1.0.0.202410170706/tools/bin/../lib/gcc/arm-none-eabi/13.3.1/thumb/v7e-m+fp/hard/crtbegin.o
                0x08005b78                        PROVIDE (__init_array_end = .)
                0x08005b78                        . = ALIGN (0x4)

.fini_array     0x08005b78        0x4
                0x08005b78                        . = ALIGN (0x4)
                [!provide]                        PROVIDE (__fini_array_start = .)
 *(SORT_BY_NAME(.fini_array.*))
 *(.fini_array*)
 .fini_array    0x08005b78        0x4 /opt/st/stm32cubeide_1.18.0/plugins/com.st.stm32cube.ide.mcu.externaltools.gnu-tools-for-stm32.13.3.rel1.linux64_1.0.0.202410170706/tools/bin/../lib/gcc/arm-none-eabi/13.3.1/thumb/v7e-m+fp/hard/crtbegin.o
                [!provide]                        PROVIDE (__fini_array_end = .)
                0x08005b7c                        . = ALIGN (0x4)
                0x08005b7c                        _sidata = LOADADDR (.data)

.rel.dyn        0x08005b7c        0x0
 .rel.iplt      0x08005b7c        0x0 /opt/st/stm32cubeide_1.18.0/plugins/com.st.stm32cube.ide.mcu.externaltools.gnu-tools-for-stm32.13.3.rel1.linux64_1.0.0.202410170706/tools/bin/../lib/gcc/arm-none-eabi/13.3.1/thumb/v7e-m+fp/hard/crtbegin.o

.data           0x20000000       0x28 load address 0x08005b7c
                0x20000000                        . = ALIGN (0x4)
                0x20000000                        _sdata = .
 *(.data)
 *(.data*)
 .data.GreenLed
                0x20000000        0x8 ./Core/Src/Disc_F407.o
                0x20000000                GreenLed
 .data.RedLed   0x20000008        0x8 ./Core/Src/Disc_F407.o
                0x20000008                RedLed
 .data.BlueLed  0x20000010        0x8 ./Core/Src/Disc_F407.o
                0x20000010                BlueLed
 .data.SystemCoreClock
                0x20000018        0x4 ./Core/Src/system_stm32f4xx.o
                0x20000018                SystemCoreClock
 .data.uwTickPrio
                0x2000001c        0x4 ./Drivers/STM32F4xx_HAL_Driver/Src/stm32f4xx_hal.o
                0x2000001c                uwTickPrio
 .data.uwTickFreq
                0x20000020        0x1 ./Drivers/STM32F4xx_HAL_Driver/Src/stm32f4xx_hal.o
                0x20000020                uwTickFreq
 *fill*         0x20000021        0x3 
 .data.uxCriticalNesting
                0x20000024        0x4 ./Middleware/FreeRTOS/portable/GCC/ARM_CM4F/port.o
 *(.RamFunc)
 *(.RamFunc*)
                0x20000028                        . = ALIGN (0x4)
                0x20000028                        _edata = .
                0x08005ba4                        _siccmram = LOADADDR (.ccmram)

.igot.plt       0x20000028        0x0 load address 0x08005ba4
 .igot.plt      0x20000028        0x0 /opt/st/stm32cubeide_1.18.0/plugins/com.st.stm32cube.ide.mcu.externaltools.gnu-tools-for-stm32.13.3.rel1.linux64_1.0.0.202410170706/tools/bin/../lib/gcc/arm-none-eabi/13.3.1/thumb/v7e-m+fp/hard/crtbegin.o

.ccmram         0x10000000        0x0 load address 0x08005ba4
                0x10000000                        . = ALIGN (0x4)
                0x10000000                        _sccmram = .
 *(.ccmram)
 *(.ccmram*)
                0x10000000                        . = ALIGN (0x4)
                0x10000000                        _eccmram = .
                0x10000000                        . = ALIGN (0x4)

.bss            0x20000028    0x13810
                0x20000028                        _sbss = .
                0x20000028                        __bss_start__ = _sbss
 *(.bss)
 .bss           0x20000028       0x1c /opt/st/stm32cubeide_1.18.0/plugins/com.st.stm32cube.ide.mcu.externaltools.gnu-tools-for-stm32.13.3.rel1.linux64_1.0.0.202410170706/tools/bin/../lib/gcc/arm-none-eabi/13.3.1/thumb/v7e-m+fp/hard/crtbegin.o
 *(.bss*)
 .bss.blueTaskHandle
                0x20000044        0x4 ./Core/Src/main.o
                0x20000044                blueTaskHandle
 .bss.greenTaskHandle
                0x20000048        0x4 ./Core/Src/main.o
                0x20000048                greenTaskHandle
 .bss.htim1     0x2000004c       0x48 ./Core/Src/stm32f4xx_hal_timebase_tim.o
                0x2000004c                htim1
 .bss.uwTick    0x20000094        0x4 ./Drivers/STM32F4xx_HAL_Driver/Src/stm32f4xx_hal.o
                0x20000094                uwTick
 .bss.pxCurrentTCB
                0x20000098        0x4 ./Middleware/FreeRTOS/tasks.o
                0x20000098                pxCurrentTCB
 .bss.pxReadyTasksLists
                0x2000009c       0x64 ./Middleware/FreeRTOS/tasks.o
 .bss.xDelayedTaskList1
                0x20000100       0x14 ./Middleware/FreeRTOS/tasks.o
 .bss.xDelayedTaskList2
                0x20000114       0x14 ./Middleware/FreeRTOS/tasks.o
 .bss.pxDelayedTaskList
                0x20000128        0x4 ./Middleware/FreeRTOS/tasks.o
 .bss.pxOverflowDelayedTaskList
                0x2000012c        0x4 ./Middleware/FreeRTOS/tasks.o
 .bss.xPendingReadyList
                0x20000130       0x14 ./Middleware/FreeRTOS/tasks.o
 .bss.xTasksWaitingTermination
                0x20000144       0x14 ./Middleware/FreeRTOS/tasks.o
 .bss.uxDeletedTasksWaitingCleanUp
                0x20000158        0x4 ./Middleware/FreeRTOS/tasks.o
 .bss.xSuspendedTaskList
                0x2000015c       0x14 ./Middleware/FreeRTOS/tasks.o
 .bss.uxCurrentNumberOfTasks
                0x20000170        0x4 ./Middleware/FreeRTOS/tasks.o
 .bss.xTickCount
                0x20000174        0x4 ./Middleware/FreeRTOS/tasks.o
 .bss.uxTopReadyPriority
                0x20000178        0x4 ./Middleware/FreeRTOS/tasks.o
 .bss.xSchedulerRunning
                0x2000017c        0x4 ./Middleware/FreeRTOS/tasks.o
 .bss.xPendedTicks
                0x20000180        0x4 ./Middleware/FreeRTOS/tasks.o
 .bss.xYieldPending
                0x20000184        0x4 ./Middleware/FreeRTOS/tasks.o
 .bss.xNumOfOverflows
                0x20000188        0x4 ./Middleware/FreeRTOS/tasks.o
 .bss.uxTaskNumber
                0x2000018c        0x4 ./Middleware/FreeRTOS/tasks.o
 .bss.xNextTaskUnblockTime
                0x20000190        0x4 ./Middleware/FreeRTOS/tasks.o
 .bss.xIdleTaskHandle
                0x20000194        0x4 ./Middleware/FreeRTOS/tasks.o
 .bss.uxSchedulerSuspended
                0x20000198        0x4 ./Middleware/FreeRTOS/tasks.o
 .bss.ucMaxSysCallPriority
                0x2000019c        0x1 ./Middleware/FreeRTOS/portable/GCC/ARM_CM4F/port.o
 *fill*         0x2000019d        0x3 
 .bss.ulMaxPRIGROUPValue
                0x200001a0        0x4 ./Middleware/FreeRTOS/portable/GCC/ARM_CM4F/port.o
 .bss.ucHeap    0x200001a4    0x12c00 ./Middleware/FreeRTOS/portable/MemMang/heap_4.o
 .bss.xStart    0x20012da4        0x8 ./Middleware/FreeRTOS/portable/MemMang/heap_4.o
 .bss.pxEnd     0x20012dac        0x4 ./Middleware/FreeRTOS/portable/MemMang/heap_4.o
 .bss.xFreeBytesRemaining
                0x20012db0        0x4 ./Middleware/FreeRTOS/portable/MemMang/heap_4.o
 .bss.xMinimumEverFreeBytesRemaining
                0x20012db4        0x4 ./Middleware/FreeRTOS/portable/MemMang/heap_4.o
 .bss.xNumberOfSuccessfulAllocations
                0x20012db8        0x4 ./Middleware/FreeRTOS/portable/MemMang/heap_4.o
 .bss.xNumberOfSuccessfulFrees
                0x20012dbc        0x4 ./Middleware/FreeRTOS/portable/MemMang/heap_4.o
 .bss._aTasks   0x20012dc0       0xa0 ./Middleware/SEGGER/FreeRTOSV11/SEGGER_SYSVIEW_FreeRTOS.o
 .bss._NumTasks
                0x20012e60        0x4 ./Middleware/SEGGER/FreeRTOSV11/SEGGER_SYSVIEW_FreeRTOS.o
 .bss._SEGGER_RTT
                0x20012e64       0xa8 ./Middleware/SEGGER/SEGGER/SEGGER_RTT.o
                0x20012e64                _SEGGER_RTT
 .bss._acUpBuffer
                0x20012f0c      0x400 ./Middleware/SEGGER/SEGGER/SEGGER_RTT.o
 .bss._acDownBuffer
                0x2001330c       0x10 ./Middleware/SEGGER/SEGGER/SEGGER_RTT.o
 .bss._UpBuffer
                0x2001331c      0x400 ./Middleware/SEGGER/SEGGER/SEGGER_SYSVIEW.o
 .bss._DownBuffer
                0x2001371c        0x8 ./Middleware/SEGGER/SEGGER/SEGGER_SYSVIEW.o
 .bss._SYSVIEW_Globals
                0x20013724       0x28 ./Middleware/SEGGER/SEGGER/SEGGER_SYSVIEW.o
 .bss._pFirstModule
                0x2001374c        0x4 ./Middleware/SEGGER/SEGGER/SEGGER_SYSVIEW.o
 .bss._NumModules
                0x20013750        0x1 ./Middleware/SEGGER/SEGGER/SEGGER_SYSVIEW.o
 *fill*         0x20013751        0x3 
 .bss._aPacket  0x20013754       0xe3 ./Middleware/SEGGER/SEGGER/SEGGER_SYSVIEW.o
 *(COMMON)
                0x20013838                        . = ALIGN (0x4)
 *fill*         0x20013837        0x1 
                0x20013838                        _ebss = .
                0x20013838                        __bss_end__ = _ebss

._user_heap_stack
                0x20013838      0x600
                0x20013838                        . = ALIGN (0x8)
                0x20013838                        PROVIDE (end = .)
                [!provide]                        PROVIDE (_end = .)
                0x20013a38                        . = (. + _Min_Heap_Size)
 *fill*         0x20013838      0x200 
                0x20013e38                        . = (. + _Min_Stack_Size)
 *fill*         0x20013a38      0x400 
                0x20013e38                        . = ALIGN (0x8)

/DISCARD/
 libc.a(*)
 libm.a(*)
 libgcc.a(*)

.ARM.attributes
                0x00000000       0x30
 *(.ARM.attributes)
 .ARM.attributes
                0x00000000       0x22 /opt/st/stm32cubeide_1.18.0/plugins/com.st.stm32cube.ide.mcu.externaltools.gnu-tools-for-stm32.13.3.rel1.linux64_1.0.0.202410170706/tools/bin/../lib/gcc/arm-none-eabi/13.3.1/thumb/v7e-m+fp/hard/crti.o
 .ARM.attributes
                0x00000022       0x34 /opt/st/stm32cubeide_1.18.0/plugins/com.st.stm32cube.ide.mcu.externaltools.gnu-tools-for-stm32.13.3.rel1.linux64_1.0.0.202410170706/tools/bin/../lib/gcc/arm-none-eabi/13.3.1/thumb/v7e-m+fp/hard/crtbegin.o
 .ARM.attributes
                0x00000056       0x34 ./Core/Src/Disc_F407.o
 .ARM.attributes
                0x0000008a       0x34 ./Core/Src/main.o
 .ARM.attributes
                0x000000be       0x34 ./Core/Src/stm32f4xx_hal_msp.o
 .ARM.attributes
                0x000000f2       0x34 ./Core/Src/stm32f4xx_hal_timebase_tim.o
 .ARM.attributes
                0x00000126       0x34 ./Core/Src/stm32f4xx_it.o
 .ARM.attributes
                0x0000015a       0x34 ./Core/Src/system_stm32f4xx.o
 .ARM.attributes
                0x0000018e       0x21 ./Core/Startup/startup_stm32f407vgtx.o
 .ARM.attributes
                0x000001af       0x34 ./Drivers/STM32F4xx_HAL_Driver/Src/stm32f4xx_hal.o
 .ARM.attributes
                0x000001e3       0x34 ./Drivers/STM32F4xx_HAL_Driver/Src/stm32f4xx_hal_cortex.o
 .ARM.attributes
                0x00000217       0x34 ./Drivers/STM32F4xx_HAL_Driver/Src/stm32f4xx_hal_gpio.o
 .ARM.attributes
                0x0000024b       0x34 ./Drivers/STM32F4xx_HAL_Driver/Src/stm32f4xx_hal_rcc.o
 .ARM.attributes
                0x0000027f       0x34 ./Drivers/STM32F4xx_HAL_Driver/Src/stm32f4xx_hal_tim.o
 .ARM.attributes
                0x000002b3       0x34 ./Drivers/STM32F4xx_HAL_Driver/Src/stm32f4xx_hal_tim_ex.o
 .ARM.attributes
                0x000002e7       0x34 ./Middleware/FreeRTOS/list.o
 .ARM.attributes
                0x0000031b       0x34 ./Middleware/FreeRTOS/tasks.o
 .ARM.attributes
                0x0000034f       0x34 ./Middleware/FreeRTOS/portable/GCC/ARM_CM4F/port.o
 .ARM.attributes
                0x00000383       0x34 ./Middleware/FreeRTOS/portable/MemMang/heap_4.o
 .ARM.attributes
                0x000003b7       0x34 ./Middleware/SEGGER/Config/SEGGER_SYSVIEW_Config_FreeRTOS.o
 .ARM.attributes
                0x000003eb       0x34 ./Middleware/SEGGER/FreeRTOSV11/SEGGER_SYSVIEW_FreeRTOS.o
 .ARM.attributes
                0x0000041f       0x34 ./Middleware/SEGGER/SEGGER/SEGGER_RTT.o
 .ARM.attributes
                0x00000453       0x20 ./Middleware/SEGGER/SEGGER/SEGGER_RTT_ASM_ARMv7M.o
 .ARM.attributes
                0x00000473       0x34 ./Middleware/SEGGER/SEGGER/SEGGER_SYSVIEW.o
 .ARM.attributes
                0x000004a7       0x34 /opt/st/stm32cubeide_1.18.0/plugins/com.st.stm32cube.ide.mcu.externaltools.gnu-tools-for-stm32.13.3.rel1.linux64_1.0.0.202410170706/tools/bin/../lib/gcc/arm-none-eabi/13.3.1/../../../../arm-none-eabi/lib/thumb/v7e-m+fp/hard/libc_nano.a(libc_a-memcmp.o)
 .ARM.attributes
                0x000004db       0x34 /opt/st/stm32cubeide_1.18.0/plugins/com.st.stm32cube.ide.mcu.externaltools.gnu-tools-for-stm32.13.3.rel1.linux64_1.0.0.202410170706/tools/bin/../lib/gcc/arm-none-eabi/13.3.1/../../../../arm-none-eabi/lib/thumb/v7e-m+fp/hard/libc_nano.a(libc_a-memset.o)
 .ARM.attributes
                0x0000050f       0x34 /opt/st/stm32cubeide_1.18.0/plugins/com.st.stm32cube.ide.mcu.externaltools.gnu-tools-for-stm32.13.3.rel1.linux64_1.0.0.202410170706/tools/bin/../lib/gcc/arm-none-eabi/13.3.1/../../../../arm-none-eabi/lib/thumb/v7e-m+fp/hard/libc_nano.a(libc_a-init.o)
 .ARM.attributes
                0x00000543       0x34 /opt/st/stm32cubeide_1.18.0/plugins/com.st.stm32cube.ide.mcu.externaltools.gnu-tools-for-stm32.13.3.rel1.linux64_1.0.0.202410170706/tools/bin/../lib/gcc/arm-none-eabi/13.3.1/../../../../arm-none-eabi/lib/thumb/v7e-m+fp/hard/libc_nano.a(libc_a-memcpy-stub.o)
 .ARM.attributes
                0x00000577       0x22 /opt/st/stm32cubeide_1.18.0/plugins/com.st.stm32cube.ide.mcu.externaltools.gnu-tools-for-stm32.13.3.rel1.linux64_1.0.0.202410170706/tools/bin/../lib/gcc/arm-none-eabi/13.3.1/thumb/v7e-m+fp/hard/libgcc.a(_aeabi_uldivmod.o)
 .ARM.attributes
                0x00000599       0x34 /opt/st/stm32cubeide_1.18.0/plugins/com.st.stm32cube.ide.mcu.externaltools.gnu-tools-for-stm32.13.3.rel1.linux64_1.0.0.202410170706/tools/bin/../lib/gcc/arm-none-eabi/13.3.1/thumb/v7e-m+fp/hard/libgcc.a(_udivmoddi4.o)
 .ARM.attributes
                0x000005cd       0x22 /opt/st/stm32cubeide_1.18.0/plugins/com.st.stm32cube.ide.mcu.externaltools.gnu-tools-for-stm32.13.3.rel1.linux64_1.0.0.202410170706/tools/bin/../lib/gcc/arm-none-eabi/13.3.1/thumb/v7e-m+fp/hard/libgcc.a(_dvmd_tls.o)
 .ARM.attributes
                0x000005ef       0x22 /opt/st/stm32cubeide_1.18.0/plugins/com.st.stm32cube.ide.mcu.externaltools.gnu-tools-for-stm32.13.3.rel1.linux64_1.0.0.202410170706/tools/bin/../lib/gcc/arm-none-eabi/13.3.1/thumb/v7e-m+fp/hard/crtn.o
OUTPUT(RTOS_4.elf elf32-littlearm)
LOAD linker stubs
LOAD /opt/st/stm32cubeide_1.18.0/plugins/com.st.stm32cube.ide.mcu.externaltools.gnu-tools-for-stm32.13.3.rel1.linux64_1.0.0.202410170706/tools/bin/../lib/gcc/arm-none-eabi/13.3.1/../../../../arm-none-eabi/lib/thumb/v7e-m+fp/hard/libc.a
LOAD /opt/st/stm32cubeide_1.18.0/plugins/com.st.stm32cube.ide.mcu.externaltools.gnu-tools-for-stm32.13.3.rel1.linux64_1.0.0.202410170706/tools/bin/../lib/gcc/arm-none-eabi/13.3.1/../../../../arm-none-eabi/lib/thumb/v7e-m+fp/hard/libm.a
LOAD /opt/st/stm32cubeide_1.18.0/plugins/com.st.stm32cube.ide.mcu.externaltools.gnu-tools-for-stm32.13.3.rel1.linux64_1.0.0.202410170706/tools/bin/../lib/gcc/arm-none-eabi/13.3.1/thumb/v7e-m+fp/hard/libgcc.a

.debug_info     0x00000000    0x119e2
 .debug_info    0x00000000      0x2e5 ./Core/Src/Disc_F407.o
 .debug_info    0x000002e5      0xf03 ./Core/Src/main.o
 .debug_info    0x000011e8      0x269 ./Core/Src/stm32f4xx_hal_msp.o
 .debug_info    0x00001451      0xbe0 ./Core/Src/stm32f4xx_hal_timebase_tim.o
 .debug_info    0x00002031      0x6ab ./Core/Src/stm32f4xx_it.o
 .debug_info    0x000026dc      0x512 ./Core/Src/system_stm32f4xx.o
 .debug_info    0x00002bee       0x30 ./Core/Startup/startup_stm32f407vgtx.o
 .debug_info    0x00002c1e      0x97e ./Drivers/STM32F4xx_HAL_Driver/Src/stm32f4xx_hal.o
 .debug_info    0x0000359c      0xdc1 ./Drivers/STM32F4xx_HAL_Driver/Src/stm32f4xx_hal_cortex.o
 .debug_info    0x0000435d      0x6dc ./Drivers/STM32F4xx_HAL_Driver/Src/stm32f4xx_hal_gpio.o
 .debug_info    0x00004a39      0x8e0 ./Drivers/STM32F4xx_HAL_Driver/Src/stm32f4xx_hal_rcc.o
 .debug_info    0x00005319     0x2a0f ./Drivers/STM32F4xx_HAL_Driver/Src/stm32f4xx_hal_tim.o
 .debug_info    0x00007d28     0x153b ./Drivers/STM32F4xx_HAL_Driver/Src/stm32f4xx_hal_tim_ex.o
 .debug_info    0x00009263      0x2af ./Middleware/FreeRTOS/list.o
 .debug_info    0x00009512     0x246f ./Middleware/FreeRTOS/tasks.o
 .debug_info    0x0000b981      0x4e1 ./Middleware/FreeRTOS/portable/GCC/ARM_CM4F/port.o
 .debug_info    0x0000be62      0x523 ./Middleware/FreeRTOS/portable/MemMang/heap_4.o
 .debug_info    0x0000c385      0x176 ./Middleware/SEGGER/Config/SEGGER_SYSVIEW_Config_FreeRTOS.o
 .debug_info    0x0000c4fb      0x40e ./Middleware/SEGGER/FreeRTOSV11/SEGGER_SYSVIEW_FreeRTOS.o
 .debug_info    0x0000c909     0x14d5 ./Middleware/SEGGER/SEGGER/SEGGER_RTT.o
 .debug_info    0x0000ddde       0x25 ./Middleware/SEGGER/SEGGER/SEGGER_RTT_ASM_ARMv7M.o
 .debug_info    0x0000de03     0x3bdf ./Middleware/SEGGER/SEGGER/SEGGER_SYSVIEW.o

.debug_abbrev   0x00000000     0x2a64
 .debug_abbrev  0x00000000      0x1a1 ./Core/Src/Disc_F407.o
 .debug_abbrev  0x000001a1      0x32e ./Core/Src/main.o
 .debug_abbrev  0x000004cf       0xd8 ./Core/Src/stm32f4xx_hal_msp.o
 .debug_abbrev  0x000005a7      0x1f4 ./Core/Src/stm32f4xx_hal_timebase_tim.o
 .debug_abbrev  0x0000079b      0x17d ./Core/Src/stm32f4xx_it.o
 .debug_abbrev  0x00000918      0x11a ./Core/Src/system_stm32f4xx.o
 .debug_abbrev  0x00000a32       0x24 ./Core/Startup/startup_stm32f407vgtx.o
 .debug_abbrev  0x00000a56      0x21b ./Drivers/STM32F4xx_HAL_Driver/Src/stm32f4xx_hal.o
 .debug_abbrev  0x00000c71      0x339 ./Drivers/STM32F4xx_HAL_Driver/Src/stm32f4xx_hal_cortex.o
 .debug_abbrev  0x00000faa      0x1f1 ./Drivers/STM32F4xx_HAL_Driver/Src/stm32f4xx_hal_gpio.o
 .debug_abbrev  0x0000119b      0x2cc ./Drivers/STM32F4xx_HAL_Driver/Src/stm32f4xx_hal_rcc.o
 .debug_abbrev  0x00001467      0x275 ./Drivers/STM32F4xx_HAL_Driver/Src/stm32f4xx_hal_tim.o
 .debug_abbrev  0x000016dc      0x27f ./Drivers/STM32F4xx_HAL_Driver/Src/stm32f4xx_hal_tim_ex.o
 .debug_abbrev  0x0000195b       0xf5 ./Middleware/FreeRTOS/list.o
 .debug_abbrev  0x00001a50      0x37b ./Middleware/FreeRTOS/tasks.o
 .debug_abbrev  0x00001dcb      0x25a ./Middleware/FreeRTOS/portable/GCC/ARM_CM4F/port.o
 .debug_abbrev  0x00002025      0x256 ./Middleware/FreeRTOS/portable/MemMang/heap_4.o
 .debug_abbrev  0x0000227b       0xf4 ./Middleware/SEGGER/Config/SEGGER_SYSVIEW_Config_FreeRTOS.o
 .debug_abbrev  0x0000236f      0x191 ./Middleware/SEGGER/FreeRTOSV11/SEGGER_SYSVIEW_FreeRTOS.o
 .debug_abbrev  0x00002500      0x230 ./Middleware/SEGGER/SEGGER/SEGGER_RTT.o
 .debug_abbrev  0x00002730       0x14 ./Middleware/SEGGER/SEGGER/SEGGER_RTT_ASM_ARMv7M.o
 .debug_abbrev  0x00002744      0x320 ./Middleware/SEGGER/SEGGER/SEGGER_SYSVIEW.o

.debug_aranges  0x00000000     0x11a8
 .debug_aranges
                0x00000000       0x60 ./Core/Src/Disc_F407.o
 .debug_aranges
                0x00000060       0x68 ./Core/Src/main.o
 .debug_aranges
                0x000000c8       0x20 ./Core/Src/stm32f4xx_hal_msp.o
 .debug_aranges
                0x000000e8       0x30 ./Core/Src/stm32f4xx_hal_timebase_tim.o
 .debug_aranges
                0x00000118       0x50 ./Core/Src/stm32f4xx_it.o
 .debug_aranges
                0x00000168       0x28 ./Core/Src/system_stm32f4xx.o
 .debug_aranges
                0x00000190       0x28 ./Core/Startup/startup_stm32f407vgtx.o
 .debug_aranges
                0x000001b8       0xf0 ./Drivers/STM32F4xx_HAL_Driver/Src/stm32f4xx_hal.o
 .debug_aranges
                0x000002a8      0x130 ./Drivers/STM32F4xx_HAL_Driver/Src/stm32f4xx_hal_cortex.o
 .debug_aranges
                0x000003d8       0x58 ./Drivers/STM32F4xx_HAL_Driver/Src/stm32f4xx_hal_gpio.o
 .debug_aranges
                0x00000430       0x88 ./Drivers/STM32F4xx_HAL_Driver/Src/stm32f4xx_hal_rcc.o
 .debug_aranges
                0x000004b8      0x3d0 ./Drivers/STM32F4xx_HAL_Driver/Src/stm32f4xx_hal_tim.o
 .debug_aranges
                0x00000888      0x168 ./Drivers/STM32F4xx_HAL_Driver/Src/stm32f4xx_hal_tim_ex.o
 .debug_aranges
                0x000009f0       0x40 ./Middleware/FreeRTOS/list.o
 .debug_aranges
                0x00000a30      0x1f0 ./Middleware/FreeRTOS/tasks.o
 .debug_aranges
                0x00000c20       0x80 ./Middleware/FreeRTOS/portable/GCC/ARM_CM4F/port.o
 .debug_aranges
                0x00000ca0       0x60 ./Middleware/FreeRTOS/portable/MemMang/heap_4.o
 .debug_aranges
                0x00000d00       0x28 ./Middleware/SEGGER/Config/SEGGER_SYSVIEW_Config_FreeRTOS.o
 .debug_aranges
                0x00000d28       0x48 ./Middleware/SEGGER/FreeRTOSV11/SEGGER_SYSVIEW_FreeRTOS.o
 .debug_aranges
                0x00000d70      0x138 ./Middleware/SEGGER/SEGGER/SEGGER_RTT.o
 .debug_aranges
                0x00000ea8       0x20 ./Middleware/SEGGER/SEGGER/SEGGER_RTT_ASM_ARMv7M.o
 .debug_aranges
                0x00000ec8      0x2e0 ./Middleware/SEGGER/SEGGER/SEGGER_SYSVIEW.o

.debug_rnglists
                0x00000000      0xd99
 .debug_rnglists
                0x00000000       0x43 ./Core/Src/Disc_F407.o
 .debug_rnglists
                0x00000043       0x4c ./Core/Src/main.o
 .debug_rnglists
                0x0000008f       0x13 ./Core/Src/stm32f4xx_hal_msp.o
 .debug_rnglists
                0x000000a2       0x20 ./Core/Src/stm32f4xx_hal_timebase_tim.o
 .debug_rnglists
                0x000000c2       0x37 ./Core/Src/stm32f4xx_it.o
 .debug_rnglists
                0x000000f9       0x1a ./Core/Src/system_stm32f4xx.o
 .debug_rnglists
                0x00000113       0x19 ./Core/Startup/startup_stm32f407vgtx.o
 .debug_rnglists
                0x0000012c       0xaf ./Drivers/STM32F4xx_HAL_Driver/Src/stm32f4xx_hal.o
 .debug_rnglists
                0x000001db       0xe0 ./Drivers/STM32F4xx_HAL_Driver/Src/stm32f4xx_hal_cortex.o
 .debug_rnglists
                0x000002bb       0x3f ./Drivers/STM32F4xx_HAL_Driver/Src/stm32f4xx_hal_gpio.o
 .debug_rnglists
                0x000002fa       0x66 ./Drivers/STM32F4xx_HAL_Driver/Src/stm32f4xx_hal_rcc.o
 .debug_rnglists
                0x00000360      0x321 ./Drivers/STM32F4xx_HAL_Driver/Src/stm32f4xx_hal_tim.o
 .debug_rnglists
                0x00000681      0x129 ./Drivers/STM32F4xx_HAL_Driver/Src/stm32f4xx_hal_tim_ex.o
 .debug_rnglists
                0x000007aa       0x2b ./Middleware/FreeRTOS/list.o
 .debug_rnglists
                0x000007d5      0x18e ./Middleware/FreeRTOS/tasks.o
 .debug_rnglists
                0x00000963       0x5d ./Middleware/FreeRTOS/portable/GCC/ARM_CM4F/port.o
 .debug_rnglists
                0x000009c0       0x48 ./Middleware/FreeRTOS/portable/MemMang/heap_4.o
 .debug_rnglists
                0x00000a08       0x19 ./Middleware/SEGGER/Config/SEGGER_SYSVIEW_Config_FreeRTOS.o
 .debug_rnglists
                0x00000a21       0x36 ./Middleware/SEGGER/FreeRTOSV11/SEGGER_SYSVIEW_FreeRTOS.o
 .debug_rnglists
                0x00000a57       0xf5 ./Middleware/SEGGER/SEGGER/SEGGER_RTT.o
 .debug_rnglists
                0x00000b4c      0x24d ./Middleware/SEGGER/SEGGER/SEGGER_SYSVIEW.o

.debug_macro    0x00000000    0x234a0
 .debug_macro   0x00000000      0x1ce ./Core/Src/Disc_F407.o
 .debug_macro   0x000001ce      0xad8 ./Core/Src/Disc_F407.o
 .debug_macro   0x00000ca6      0x29c ./Core/Src/Disc_F407.o
 .debug_macro   0x00000f42       0x2e ./Core/Src/Disc_F407.o
 .debug_macro   0x00000f70       0x2f ./Core/Src/Disc_F407.o
 .debug_macro   0x00000f9f       0x22 ./Core/Src/Disc_F407.o
 .debug_macro   0x00000fc1       0x8e ./Core/Src/Disc_F407.o
 .debug_macro   0x0000104f       0x51 ./Core/Src/Disc_F407.o
 .debug_macro   0x000010a0      0x103 ./Core/Src/Disc_F407.o
 .debug_macro   0x000011a3       0x6a ./Core/Src/Disc_F407.o
 .debug_macro   0x0000120d      0x1df ./Core/Src/Disc_F407.o
 .debug_macro   0x000013ec       0x1c ./Core/Src/Disc_F407.o
 .debug_macro   0x00001408       0x22 ./Core/Src/Disc_F407.o
 .debug_macro   0x0000142a       0xfb ./Core/Src/Disc_F407.o
 .debug_macro   0x00001525     0x1011 ./Core/Src/Disc_F407.o
 .debug_macro   0x00002536      0x11f ./Core/Src/Disc_F407.o
 .debug_macro   0x00002655    0x15ea5 ./Core/Src/Disc_F407.o
 .debug_macro   0x000184fa       0x6d ./Core/Src/Disc_F407.o
 .debug_macro   0x00018567     0x3693 ./Core/Src/Disc_F407.o
 .debug_macro   0x0001bbfa      0x190 ./Core/Src/Disc_F407.o
 .debug_macro   0x0001bd8a       0x5c ./Core/Src/Disc_F407.o
 .debug_macro   0x0001bde6      0x980 ./Core/Src/Disc_F407.o
 .debug_macro   0x0001c766      0x9e9 ./Core/Src/Disc_F407.o
 .debug_macro   0x0001d14f      0x115 ./Core/Src/Disc_F407.o
 .debug_macro   0x0001d264      0x13e ./Core/Src/Disc_F407.o
 .debug_macro   0x0001d3a2       0xa5 ./Core/Src/Disc_F407.o
 .debug_macro   0x0001d447      0x174 ./Core/Src/Disc_F407.o
 .debug_macro   0x0001d5bb      0x287 ./Core/Src/Disc_F407.o
 .debug_macro   0x0001d842       0x5f ./Core/Src/Disc_F407.o
 .debug_macro   0x0001d8a1      0x236 ./Core/Src/Disc_F407.o
 .debug_macro   0x0001dad7      0x12c ./Core/Src/Disc_F407.o
 .debug_macro   0x0001dc03      0x21e ./Core/Src/Disc_F407.o
 .debug_macro   0x0001de21       0x2e ./Core/Src/Disc_F407.o
 .debug_macro   0x0001de4f      0x127 ./Core/Src/Disc_F407.o
 .debug_macro   0x0001df76       0x7e ./Core/Src/Disc_F407.o
 .debug_macro   0x0001dff4       0x89 ./Core/Src/Disc_F407.o
 .debug_macro   0x0001e07d      0x8ed ./Core/Src/Disc_F407.o
 .debug_macro   0x0001e96a       0x4d ./Core/Src/Disc_F407.o
 .debug_macro   0x0001e9b7      0x12d ./Core/Src/Disc_F407.o
 .debug_macro   0x0001eae4      0x2f1 ./Core/Src/main.o
 .debug_macro   0x0001edd5      0x118 ./Core/Src/main.o
 .debug_macro   0x0001eeed       0x58 ./Core/Src/main.o
 .debug_macro   0x0001ef45       0x46 ./Core/Src/main.o
 .debug_macro   0x0001ef8b       0x64 ./Core/Src/main.o
 .debug_macro   0x0001efef       0x49 ./Core/Src/main.o
 .debug_macro   0x0001f038       0xd1 ./Core/Src/main.o
 .debug_macro   0x0001f109      0x220 ./Core/Src/main.o
 .debug_macro   0x0001f329      0xf65 ./Core/Src/main.o
 .debug_macro   0x0002028e      0x15a ./Core/Src/main.o
 .debug_macro   0x000203e8       0xea ./Core/Src/main.o
 .debug_macro   0x000204d2       0x28 ./Core/Src/main.o
 .debug_macro   0x000204fa       0x1f ./Core/Src/main.o
 .debug_macro   0x00020519       0x12 ./Core/Src/main.o
 .debug_macro   0x0002052b      0x4f5 ./Core/Src/main.o
 .debug_macro   0x00020a20       0xc3 ./Core/Src/main.o
 .debug_macro   0x00020ae3      0x120 ./Core/Src/main.o
 .debug_macro   0x00020c03       0x91 ./Core/Src/main.o
 .debug_macro   0x00020c94       0x86 ./Core/Src/main.o
 .debug_macro   0x00020d1a       0x77 ./Core/Src/main.o
 .debug_macro   0x00020d91      0x1ce ./Core/Src/stm32f4xx_hal_msp.o
 .debug_macro   0x00020f5f      0x1c4 ./Core/Src/stm32f4xx_hal_timebase_tim.o
 .debug_macro   0x00021123      0x1d8 ./Core/Src/stm32f4xx_it.o
 .debug_macro   0x000212fb      0x1c4 ./Core/Src/system_stm32f4xx.o
 .debug_macro   0x000214bf      0x224 ./Drivers/STM32F4xx_HAL_Driver/Src/stm32f4xx_hal.o
 .debug_macro   0x000216e3      0x1c4 ./Drivers/STM32F4xx_HAL_Driver/Src/stm32f4xx_hal_cortex.o
 .debug_macro   0x000218a7      0x1ca ./Drivers/STM32F4xx_HAL_Driver/Src/stm32f4xx_hal_gpio.o
 .debug_macro   0x00021a71      0x1e8 ./Drivers/STM32F4xx_HAL_Driver/Src/stm32f4xx_hal_rcc.o
 .debug_macro   0x00021c59      0x1c5 ./Drivers/STM32F4xx_HAL_Driver/Src/stm32f4xx_hal_tim.o
 .debug_macro   0x00021e1e      0x1c4 ./Drivers/STM32F4xx_HAL_Driver/Src/stm32f4xx_hal_tim_ex.o
 .debug_macro   0x00021fe2      0x1fa ./Middleware/FreeRTOS/list.o
 .debug_macro   0x000221dc      0x2e0 ./Middleware/FreeRTOS/tasks.o
 .debug_macro   0x000224bc       0x17 ./Middleware/FreeRTOS/tasks.o
 .debug_macro   0x000224d3      0x209 ./Middleware/FreeRTOS/portable/GCC/ARM_CM4F/port.o
 .debug_macro   0x000226dc      0x27b ./Middleware/FreeRTOS/portable/MemMang/heap_4.o
 .debug_macro   0x00022957      0x13d ./Middleware/SEGGER/Config/SEGGER_SYSVIEW_Config_FreeRTOS.o
 .debug_macro   0x00022a94      0x209 ./Middleware/SEGGER/FreeRTOSV11/SEGGER_SYSVIEW_FreeRTOS.o
 .debug_macro   0x00022c9d      0x1e9 ./Middleware/SEGGER/SEGGER/SEGGER_RTT.o
 .debug_macro   0x00022e86       0x35 ./Middleware/SEGGER/SEGGER/SEGGER_RTT.o
 .debug_macro   0x00022ebb      0x138 ./Middleware/SEGGER/SEGGER/SEGGER_RTT.o
 .debug_macro   0x00022ff3      0x252 ./Middleware/SEGGER/SEGGER/SEGGER_SYSVIEW.o
 .debug_macro   0x00023245      0x220 ./Middleware/SEGGER/SEGGER/SEGGER_SYSVIEW.o
 .debug_macro   0x00023465       0x3b ./Middleware/SEGGER/SEGGER/SEGGER_SYSVIEW.o

.debug_line     0x00000000    0x15aa8
 .debug_line    0x00000000      0x725 ./Core/Src/Disc_F407.o
 .debug_line    0x00000725      0xbc2 ./Core/Src/main.o
 .debug_line    0x000012e7      0x673 ./Core/Src/stm32f4xx_hal_msp.o
 .debug_line    0x0000195a      0x6df ./Core/Src/stm32f4xx_hal_timebase_tim.o
 .debug_line    0x00002039      0x6fc ./Core/Src/stm32f4xx_it.o
 .debug_line    0x00002735      0x6e9 ./Core/Src/system_stm32f4xx.o
 .debug_line    0x00002e1e       0x7a ./Core/Startup/startup_stm32f407vgtx.o
 .debug_line    0x00002e98      0x979 ./Drivers/STM32F4xx_HAL_Driver/Src/stm32f4xx_hal.o
 .debug_line    0x00003811      0xe52 ./Drivers/STM32F4xx_HAL_Driver/Src/stm32f4xx_hal_cortex.o
 .debug_line    0x00004663      0xc85 ./Drivers/STM32F4xx_HAL_Driver/Src/stm32f4xx_hal_gpio.o
 .debug_line    0x000052e8      0xf39 ./Drivers/STM32F4xx_HAL_Driver/Src/stm32f4xx_hal_rcc.o
 .debug_line    0x00006221     0x5deb ./Drivers/STM32F4xx_HAL_Driver/Src/stm32f4xx_hal_tim.o
 .debug_line    0x0000c00c     0x1f10 ./Drivers/STM32F4xx_HAL_Driver/Src/stm32f4xx_hal_tim_ex.o
 .debug_line    0x0000df1c      0x8de ./Middleware/FreeRTOS/list.o
 .debug_line    0x0000e7fa     0x1e25 ./Middleware/FreeRTOS/tasks.o
 .debug_line    0x0001061f      0x99a ./Middleware/FreeRTOS/portable/GCC/ARM_CM4F/port.o
 .debug_line    0x00010fb9      0xb9f ./Middleware/FreeRTOS/portable/MemMang/heap_4.o
 .debug_line    0x00011b58      0x6c0 ./Middleware/SEGGER/Config/SEGGER_SYSVIEW_Config_FreeRTOS.o
 .debug_line    0x00012218      0x99b ./Middleware/SEGGER/FreeRTOSV11/SEGGER_SYSVIEW_FreeRTOS.o
 .debug_line    0x00012bb3      0xe8e ./Middleware/SEGGER/SEGGER/SEGGER_RTT.o
 .debug_line    0x00013a41       0x86 ./Middleware/SEGGER/SEGGER/SEGGER_RTT_ASM_ARMv7M.o
 .debug_line    0x00013ac7     0x1fe1 ./Middleware/SEGGER/SEGGER/SEGGER_SYSVIEW.o

.debug_str      0x00000000    0xe3dcc
 .debug_str     0x00000000    0xe3dcc ./Core/Src/Disc_F407.o
                              0xc21d6 (size before relaxing)
 .debug_str     0x000e3dcc    0xd9b6f ./Core/Src/main.o
 .debug_str     0x000e3dcc    0xc21cb ./Core/Src/stm32f4xx_hal_msp.o
 .debug_str     0x000e3dcc    0xc2d62 ./Core/Src/stm32f4xx_hal_timebase_tim.o
 .debug_str     0x000e3dcc    0xc2681 ./Core/Src/stm32f4xx_it.o
 .debug_str     0x000e3dcc    0xc227b ./Core/Src/system_stm32f4xx.o
 .debug_str     0x000e3dcc       0x7a ./Core/Startup/startup_stm32f407vgtx.o
 .debug_str     0x000e3dcc    0xc2e1f ./Drivers/STM32F4xx_HAL_Driver/Src/stm32f4xx_hal.o
 .debug_str     0x000e3dcc    0xc2b9d ./Drivers/STM32F4xx_HAL_Driver/Src/stm32f4xx_hal_cortex.o
 .debug_str     0x000e3dcc    0xc2404 ./Drivers/STM32F4xx_HAL_Driver/Src/stm32f4xx_hal_gpio.o
 .debug_str     0x000e3dcc    0xc26bd ./Drivers/STM32F4xx_HAL_Driver/Src/stm32f4xx_hal_rcc.o
 .debug_str     0x000e3dcc    0xc3625 ./Drivers/STM32F4xx_HAL_Driver/Src/stm32f4xx_hal_tim.o
 .debug_str     0x000e3dcc    0xc2e31 ./Drivers/STM32F4xx_HAL_Driver/Src/stm32f4xx_hal_tim_ex.o
 .debug_str     0x000e3dcc    0x1bd2e ./Middleware/FreeRTOS/list.o
 .debug_str     0x000e3dcc    0x1eeea ./Middleware/FreeRTOS/tasks.o
 .debug_str     0x000e3dcc    0x1a4d2 ./Middleware/FreeRTOS/portable/GCC/ARM_CM4F/port.o
 .debug_str     0x000e3dcc    0x1d558 ./Middleware/FreeRTOS/portable/MemMang/heap_4.o
 .debug_str     0x000e3dcc    0x17ffb ./Middleware/SEGGER/Config/SEGGER_SYSVIEW_Config_FreeRTOS.o
 .debug_str     0x000e3dcc    0x1cf8c ./Middleware/SEGGER/FreeRTOSV11/SEGGER_SYSVIEW_FreeRTOS.o
 .debug_str     0x000e3dcc     0x88d5 ./Middleware/SEGGER/SEGGER/SEGGER_RTT.o
 .debug_str     0x000e3dcc       0xb3 ./Middleware/SEGGER/SEGGER/SEGGER_RTT_ASM_ARMv7M.o
 .debug_str     0x000e3dcc     0xab39 ./Middleware/SEGGER/SEGGER/SEGGER_SYSVIEW.o

.comment        0x00000000       0x43
 .comment       0x00000000       0x43 ./Core/Src/Disc_F407.o
                                 0x44 (size before relaxing)
 .comment       0x00000043       0x44 ./Core/Src/main.o
 .comment       0x00000043       0x44 ./Core/Src/stm32f4xx_hal_msp.o
 .comment       0x00000043       0x44 ./Core/Src/stm32f4xx_hal_timebase_tim.o
 .comment       0x00000043       0x44 ./Core/Src/stm32f4xx_it.o
 .comment       0x00000043       0x44 ./Core/Src/system_stm32f4xx.o
 .comment       0x00000043       0x44 ./Drivers/STM32F4xx_HAL_Driver/Src/stm32f4xx_hal.o
 .comment       0x00000043       0x44 ./Drivers/STM32F4xx_HAL_Driver/Src/stm32f4xx_hal_cortex.o
 .comment       0x00000043       0x44 ./Drivers/STM32F4xx_HAL_Driver/Src/stm32f4xx_hal_gpio.o
 .comment       0x00000043       0x44 ./Drivers/STM32F4xx_HAL_Driver/Src/stm32f4xx_hal_rcc.o
 .comment       0x00000043       0x44 ./Drivers/STM32F4xx_HAL_Driver/Src/stm32f4xx_hal_tim.o
 .comment       0x00000043       0x44 ./Drivers/STM32F4xx_HAL_Driver/Src/stm32f4xx_hal_tim_ex.o
 .comment       0x00000043       0x44 ./Middleware/FreeRTOS/list.o
 .comment       0x00000043       0x44 ./Middleware/FreeRTOS/tasks.o
 .comment       0x00000043       0x44 ./Middleware/FreeRTOS/portable/GCC/ARM_CM4F/port.o
 .comment       0x00000043       0x44 ./Middleware/FreeRTOS/portable/MemMang/heap_4.o
 .comment       0x00000043       0x44 ./Middleware/SEGGER/Config/SEGGER_SYSVIEW_Config_FreeRTOS.o
 .comment       0x00000043       0x44 ./Middleware/SEGGER/FreeRTOSV11/SEGGER_SYSVIEW_FreeRTOS.o
 .comment       0x00000043       0x44 ./Middleware/SEGGER/SEGGER/SEGGER_RTT.o
 .comment       0x00000043       0x44 ./Middleware/SEGGER/SEGGER/SEGGER_SYSVIEW.o

.debug_frame    0x00000000     0x4914
 .debug_frame   0x00000000      0x10c ./Core/Src/Disc_F407.o
 .debug_frame   0x0000010c      0x158 ./Core/Src/main.o
 .debug_frame   0x00000264       0x38 ./Core/Src/stm32f4xx_hal_msp.o
 .debug_frame   0x0000029c       0x74 ./Core/Src/stm32f4xx_hal_timebase_tim.o
 .debug_frame   0x00000310       0xc4 ./Core/Src/stm32f4xx_it.o
 .debug_frame   0x000003d4       0x58 ./Core/Src/system_stm32f4xx.o
 .debug_frame   0x0000042c      0x374 ./Drivers/STM32F4xx_HAL_Driver/Src/stm32f4xx_hal.o
 .debug_frame   0x000007a0      0x4fc ./Drivers/STM32F4xx_HAL_Driver/Src/stm32f4xx_hal_cortex.o
 .debug_frame   0x00000c9c      0x13c ./Drivers/STM32F4xx_HAL_Driver/Src/stm32f4xx_hal_gpio.o
 .debug_frame   0x00000dd8      0x1f8 ./Drivers/STM32F4xx_HAL_Driver/Src/stm32f4xx_hal_rcc.o
 .debug_frame   0x00000fd0     0x11dc ./Drivers/STM32F4xx_HAL_Driver/Src/stm32f4xx_hal_tim.o
 .debug_frame   0x000021ac      0x620 ./Drivers/STM32F4xx_HAL_Driver/Src/stm32f4xx_hal_tim_ex.o
 .debug_frame   0x000027cc       0xd8 ./Middleware/FreeRTOS/list.o
 .debug_frame   0x000028a4      0x88c ./Middleware/FreeRTOS/tasks.o
 .debug_frame   0x00003130      0x1a8 ./Middleware/FreeRTOS/portable/GCC/ARM_CM4F/port.o
 .debug_frame   0x000032d8      0x150 ./Middleware/FreeRTOS/portable/MemMang/heap_4.o
 .debug_frame   0x00003428       0x48 ./Middleware/SEGGER/Config/SEGGER_SYSVIEW_Config_FreeRTOS.o
 .debug_frame   0x00003470      0x104 ./Middleware/SEGGER/FreeRTOSV11/SEGGER_SYSVIEW_FreeRTOS.o
 .debug_frame   0x00003574      0x52c ./Middleware/SEGGER/SEGGER/SEGGER_RTT.o
 .debug_frame   0x00003aa0      0xd78 ./Middleware/SEGGER/SEGGER/SEGGER_SYSVIEW.o
 .debug_frame   0x00004818       0x28 /opt/st/stm32cubeide_1.18.0/plugins/com.st.stm32cube.ide.mcu.externaltools.gnu-tools-for-stm32.13.3.rel1.linux64_1.0.0.202410170706/tools/bin/../lib/gcc/arm-none-eabi/13.3.1/../../../../arm-none-eabi/lib/thumb/v7e-m+fp/hard/libc_nano.a(libc_a-memcmp.o)
 .debug_frame   0x00004840       0x20 /opt/st/stm32cubeide_1.18.0/plugins/com.st.stm32cube.ide.mcu.externaltools.gnu-tools-for-stm32.13.3.rel1.linux64_1.0.0.202410170706/tools/bin/../lib/gcc/arm-none-eabi/13.3.1/../../../../arm-none-eabi/lib/thumb/v7e-m+fp/hard/libc_nano.a(libc_a-memset.o)
 .debug_frame   0x00004860       0x2c /opt/st/stm32cubeide_1.18.0/plugins/com.st.stm32cube.ide.mcu.externaltools.gnu-tools-for-stm32.13.3.rel1.linux64_1.0.0.202410170706/tools/bin/../lib/gcc/arm-none-eabi/13.3.1/../../../../arm-none-eabi/lib/thumb/v7e-m+fp/hard/libc_nano.a(libc_a-init.o)
 .debug_frame   0x0000488c       0x28 /opt/st/stm32cubeide_1.18.0/plugins/com.st.stm32cube.ide.mcu.externaltools.gnu-tools-for-stm32.13.3.rel1.linux64_1.0.0.202410170706/tools/bin/../lib/gcc/arm-none-eabi/13.3.1/../../../../arm-none-eabi/lib/thumb/v7e-m+fp/hard/libc_nano.a(libc_a-memcpy-stub.o)
 .debug_frame   0x000048b4       0x2c /opt/st/stm32cubeide_1.18.0/plugins/com.st.stm32cube.ide.mcu.externaltools.gnu-tools-for-stm32.13.3.rel1.linux64_1.0.0.202410170706/tools/bin/../lib/gcc/arm-none-eabi/13.3.1/thumb/v7e-m+fp/hard/libgcc.a(_aeabi_uldivmod.o)
 .debug_frame   0x000048e0       0x34 /opt/st/stm32cubeide_1.18.0/plugins/com.st.stm32cube.ide.mcu.externaltools.gnu-tools-for-stm32.13.3.rel1.linux64_1.0.0.202410170706/tools/bin/../lib/gcc/arm-none-eabi/13.3.1/thumb/v7e-m+fp/hard/libgcc.a(_udivmoddi4.o)

.debug_line_str
                0x00000000       0xcd
 .debug_line_str
                0x00000000       0xcd ./Core/Startup/startup_stm32f407vgtx.o
                                 0x5e (size before relaxing)
 .debug_line_str
                0x000000cd       0xa5 ./Middleware/SEGGER/SEGGER/SEGGER_RTT_ASM_ARMv7M.o
